[sample_agent] Starting direct MAVLink parameter counter at 1.
[sample_agent] 7629793092183;1
[sample_agent] 7629920082702;2
[sample_agent] 7630044178513;3
[sample_agent] 7630170027465;4
[sample_agent] 7630297560419;5
[sample_agent] 7630420971174;6
[sample_agent] 7630549333659;7
[sample_agent] 7630674008306;8
[sample_agent] 7630801659370;9
[sample_agent] 7630923586490;10
[sample_agent] 7631045706005;11
[sample_agent] 7631167548570;12
[sample_agent] 7631291174294;13
[sample_agent] 7631418719689;14
[sample_agent] 7631544703959;15
[sample_agent] 7631671583118;16
[sample_agent] 7631797057324;17
[sample_agent] 7631926600780;18
[sample_agent] 7632049315616;19
[sample_agent] 7632172523202;20
[sample_agent] 7632294190080;21
[sample_agent] 7632418584680;22
[sample_agent] 7632424405401;23
[sample_agent] 7632545137965;24
[sample_agent] 7632555249127;25
[sample_agent] 7632666909792;26
[sample_agent] 7632678257586;27
[sample_agent] 7632789656915;28
[sample_agent] 7632806546433;29
[sample_agent] 7632811471678;30
[sample_agent] 7632912372807;31
[sample_agent] 7632933223099;32
[sample_agent] 7632936743897;33
[sample_agent] 7633036663719;34
[sample_agent] 7633055829338;35
[sample_agent] 7633059373758;36
[sample_agent] 7633162089373;37
[sample_agent] 7633178347794;38
[sample_agent] 7633286143692;39
[sample_agent] 7633300047888;40
[sample_agent] 7633409426789;41
[sample_agent] 7633424021793;42
[sample_agent] 7633477928645;43
[sample_agent] 7633535405091;44
[sample_agent] 7633548115688;45
[sample_agent] 7633601300832;46
[sample_agent] 7633657703227;47
[sample_agent] 7633670442024;48
[sample_agent] 7633727406463;49
[sample_agent] 7633779883418;50
[sample_agent] 7633796182027;51
[sample_agent] 7633848875655;52
[sample_agent] 7633902625712;53
[sample_agent] 7633917617496;54
[sample_agent] 7633919653203;55
[sample_agent] 7633971082009;56
[sample_agent] 7634025299346;57
[sample_agent] 7634039993521;58
[sample_agent] 7634044935678;59
[sample_agent] 7634094754520;60
[sample_agent] 7634146779512;61
[sample_agent] 7634161577061;62
[sample_agent] 7634167030320;63
[sample_agent] 7634216751921;64
[sample_agent] 7634269608845;65
[sample_agent] 7634283301056;66
[sample_agent] 7634289578084;67
[sample_agent] 7634338254226;68
[sample_agent] 7634391131143;69
[sample_agent] 7634405519034;70
[sample_agent] 7634412528888;71
[sample_agent] 7634460368697;72
[sample_agent] 7634513274270;73
[sample_agent] 7634527380906;74
[sample_agent] 7634533752587;75
[sample_agent] 7634581965082;76
[sample_agent] 7634634726994;77
[sample_agent] 7634648794422;78
[sample_agent] 7634655338739;79
[sample_agent] 7634708617534;80
[sample_agent] 7634758666090;81
[sample_agent] 7634770588307;82
[sample_agent] 7634833363057;83
[sample_agent] 7634883283663;84
[sample_agent] 7634896307315;85
[sample_agent] 7634955651309;86
[sample_agent] 7635007851587;87
[sample_agent] 7635017636999;88
[sample_agent] 7635068920555;89
[sample_agent] 7635078324198;90
[sample_agent] 7635131233930;91
[sample_agent] 7635139480597;92
[sample_agent] 7635191236068;93
[sample_agent] 7635200667487;94
[sample_agent] 7635255876028;95
[sample_agent] 7635262402291;96
[sample_agent] 7635314855106;97
[sample_agent] 7635322632045;98
[sample_agent] 7635377952010;99
[sample_agent] 7635386091178;100
[sample_agent] MAVLink parameter counter finished at value 100.
