[sample_agent] Starting direct MAVLink parameter counter at 1.
[sample_agent] 6697364926873;1
[sample_agent] 6697490984626;2
[sample_agent] 6697553682843;3
[sample_agent] 6697623787077;4
[sample_agent] 6697681090305;5
[sample_agent] 6697746340788;6
[sample_agent] 6697804722928;7
[sample_agent] 6697877335732;8
[sample_agent] 6697928949790;9
[sample_agent] 6697999981625;10
[sample_agent] 6698050933585;11
[sample_agent] 6698127590075;12
[sample_agent] 6698177714199;13
[sample_agent] 6698254729500;14
[sample_agent] 6698300079354;15
[sample_agent] 6698393579391;16
[sample_agent] 6698430393566;17
[sample_agent] 6698524236912;18
[sample_agent] 6698552166886;19
[sample_agent] 6698653964285;20
[sample_agent] 6698679050898;21
[sample_agent] 6698781453560;22
[sample_agent] 6698804252186;23
[sample_agent] 6698907671615;24
[sample_agent] 6698914370528;25
[sample_agent] 6698925763217;26
[sample_agent] 6699037472956;27
[sample_agent] 6699052813126;28
[sample_agent] 6699162684099;29
[sample_agent] 6699178603482;30
[sample_agent] 6699293547422;31
[sample_agent] 6699306264627;32
[sample_agent] 6699312755253;33
[sample_agent] 6699418123103;34
[sample_agent] 6699433055089;35
[sample_agent] 6699444390627;36
[sample_agent] 6699550687059;37
[sample_agent] 6699569308209;38
[sample_agent] 6699677428421;39
[sample_agent] 6699698895080;40
[sample_agent] 6699801422517;41
[sample_agent] 6699806309300;42
[sample_agent] 6699832185521;43
[sample_agent] 6699926670076;44
[sample_agent] 6699932541784;45
[sample_agent] 6699954876616;46
[sample_agent] 6700052908982;47
[sample_agent] 6700083062631;48
[sample_agent] 6700174451018;49
[sample_agent] 6700211901180;50
[sample_agent] 6700299452588;51
[sample_agent] 6700333657837;52
[sample_agent] 6700425105849;53
[sample_agent] 6700458119480;54
[sample_agent] 6700548753794;55
[sample_agent] 6700552881711;56
[sample_agent] 6700581548716;57
[sample_agent] 6700636668859;58
[sample_agent] 6700673286085;59
[sample_agent] 6700675974435;60
[sample_agent] 6700704530209;61
[sample_agent] 6700758296941;62
[sample_agent] 6700795964594;63
[sample_agent] 6700828109856;64
[sample_agent] 6700881745054;65
[sample_agent] 6700920116689;66
[sample_agent] 6700949680969;67
[sample_agent] 6701008313303;68
[sample_agent] 6701042498244;69
[sample_agent] 6701071288621;70
[sample_agent] 6701124284248;71
[sample_agent] 6701128582081;72
[sample_agent] 6701164906129;73
[sample_agent] 6701194053056;74
[sample_agent] 6701248926043;75
[sample_agent] 6701251392876;76
[sample_agent] 6701286231915;77
[sample_agent] 6701315910959;78
[sample_agent] 6701370385290;79
[sample_agent] 6701375032349;80
[sample_agent] 6701407879098;81
[sample_agent] 6701437795796;82
[sample_agent] 6701492059712;83
[sample_agent] 6701498238220;84
[sample_agent] 6701529124056;85
[sample_agent] 6701561818366;86
[sample_agent] 6701616571572;87
[sample_agent] 6701619964357;88
[sample_agent] 6701651301902;89
[sample_agent] 6701685302103;90
[sample_agent] 6701737403587;91
[sample_agent] 6701741336573;92
[sample_agent] 6701773401132;93
[sample_agent] 6701809255313;94
[sample_agent] 6701859773735;95
[sample_agent] 6701863209802;96
[sample_agent] 6701894746747;97
[sample_agent] 6701933795190;98
[sample_agent] 6701984998465;99
[sample_agent] 6701986435774;100
[sample_agent] MAVLink parameter counter finished at value 100.
