[sample_agent] Starting direct MAVLink parameter counter at 1.
[sample_agent] 6467528640560;1
[sample_agent] 6467661644516;2
[sample_agent] 6467784773997;3
[sample_agent] 6467910696992;4
[sample_agent] 6468044422324;5
[sample_agent] 6468172919553;6
[sample_agent] 6468303768037;7
[sample_agent] 6468430555128;8
[sample_agent] 6468555514673;9
[sample_agent] 6468684203592;10
[sample_agent] 6468813384571;11
[sample_agent] 6468937861750;12
[sample_agent] 6468944569982;13
[sample_agent] 6469063823420;14
[sample_agent] 6469066940332;15
[sample_agent] 6469187608108;16
[sample_agent] 6469310702206;17
[sample_agent] 6469435866145;18
[sample_agent] 6469557748223;19
[sample_agent] 6469681541528;20
[sample_agent] 6469806689666;21
[sample_agent] 6469929611055;22
[sample_agent] 6469984564232;23
[sample_agent] 6470055721255;24
[sample_agent] 6470109162002;25
[sample_agent] 6470183593355;26
[sample_agent] 6470236125980;27
[sample_agent] 6470311034401;28
[sample_agent] 6470363281240;29
[sample_agent] 6470436536770;30
[sample_agent] 6470489289894;31
[sample_agent] 6470561580196;32
[sample_agent] 6470613014954;33
[sample_agent] 6470686875547;34
[sample_agent] 6470739157290;35
[sample_agent] 6470809205724;36
[sample_agent] 6470861453979;37
[sample_agent] 6470933356526;38
[sample_agent] 6470985898084;39
[sample_agent] 6471057541652;40
[sample_agent] 6471112984392;41
[sample_agent] 6471183215272;42
[sample_agent] 6471236796122;43
[sample_agent] 6471307101344;44
[sample_agent] 6471360725007;45
[sample_agent] 6471429102183;46
[sample_agent] 6471488434454;47
[sample_agent] 6471551085124;48
[sample_agent] 6471614506178;49
[sample_agent] 6471673543170;50
[sample_agent] 6471738464978;51
[sample_agent] 6471796602553;52
[sample_agent] 6471863465170;53
[sample_agent] 6471920479878;54
[sample_agent] 6471985872937;55
[sample_agent] 6472042213456;56
[sample_agent] 6472109382501;57
[sample_agent] 6472164141820;58
[sample_agent] 6472230860826;59
[sample_agent] 6472289232230;60
[sample_agent] 6472352358153;61
[sample_agent] 6472410671374;62
[sample_agent] 6472474856029;63
[sample_agent] 6472534999117;64
[sample_agent] 6472600387044;65
[sample_agent] 6472660252265;66
[sample_agent] 6472723490256;67
[sample_agent] 6472781858511;68
[sample_agent] 6472845660725;69
[sample_agent] 6472903290298;70
[sample_agent] 6472967727656;71
[sample_agent] 6473026961213;72
[sample_agent] 6473089447861;73
[sample_agent] 6473148500616;74
[sample_agent] 6473211874002;75
[sample_agent] 6473272512266;76
[sample_agent] 6473333733378;77
[sample_agent] 6473395382770;78
[sample_agent] 6473459661360;79
[sample_agent] 6473516972199;80
[sample_agent] 6473581294554;81
[sample_agent] 6473640540661;82
[sample_agent] 6473692182977;83
[sample_agent] 6473703161244;84
[sample_agent] 6473762609147;85
[sample_agent] 6473814948380;86
[sample_agent] 6473826069908;87
[sample_agent] 6473885854917;88
[sample_agent] 6473937139826;89
[sample_agent] 6473949445475;90
[sample_agent] 6474008494981;91
[sample_agent] 6474060662447;92
[sample_agent] 6474073087749;93
[sample_agent] 6474130962248;94
[sample_agent] 6474183070976;95
[sample_agent] 6474194772875;96
[sample_agent] 6474252351748;97
[sample_agent] 6474304297925;98
[sample_agent] 6474316402556;99
[sample_agent] 6474381937066;100
[sample_agent] MAVLink parameter counter finished at value 100.
