[sample_agent] Starting direct MAVLink parameter counter at 1.
[sample_agent] 6337214600184;1
[sample_agent] 6337343330593;2
[sample_agent] 6337469554993;3
[sample_agent] 6337595934722;4
[sample_agent] 6337732336798;5
[sample_agent] 6337862690128;6
[sample_agent] 6337994936592;7
[sample_agent] 6338134929096;8
[sample_agent] 6338146280708;9
[sample_agent] 6338268651502;10
[sample_agent] 6338329422555;11
[sample_agent] 6338401937765;12
[sample_agent] 6338459011768;13
[sample_agent] 6338532918667;14
[sample_agent] 6338583748265;15
[sample_agent] 6338659045881;16
[sample_agent] 6338706807607;17
[sample_agent] 6338782882446;18
[sample_agent] 6338828746470;19
[sample_agent] 6338906825622;20
[sample_agent] 6338952346440;21
[sample_agent] 6339033104430;22
[sample_agent] 6339074307942;23
[sample_agent] 6339155335897;24
[sample_agent] 6339196084492;25
[sample_agent] 6339276983369;26
[sample_agent] 6339319400941;27
[sample_agent] 6339404157681;28
[sample_agent] 6339441529280;29
[sample_agent] 6339530551539;30
[sample_agent] 6339565459579;31
[sample_agent] 6339657248108;32
[sample_agent] 6339687558687;33
[sample_agent] 6339778953715;34
[sample_agent] 6339810875610;35
[sample_agent] 6339901552247;36
[sample_agent] 6339933644125;37
[sample_agent] 6340024828977;38
[sample_agent] 6340058154954;39
[sample_agent] 6340062173806;40
[sample_agent] 6340064579022;41
[sample_agent] 6340068448662;42
[sample_agent] 6340151585292;43
[sample_agent] 6340161650461;44
[sample_agent] 6340167757653;45
[sample_agent] 6340189657598;46
[sample_agent] 6340249206335;47
[sample_agent] 6340282053132;48
[sample_agent] 6340289344252;49
[sample_agent] 6340298400460;50
[sample_agent] 6340318026582;51
[sample_agent] 6340373215768;52
[sample_agent] 6340411395599;53
[sample_agent] 6340414933111;54
[sample_agent] 6340420858147;55
[sample_agent] 6340447213247;56
[sample_agent] 6340497267278;57
[sample_agent] 6340534258651;58
[sample_agent] 6340543306807;59
[sample_agent] 6340568961827;60
[sample_agent] 6340620362873;61
[sample_agent] 6340656756951;62
[sample_agent] 6340664840032;63
[sample_agent] 6340692478596;64
[sample_agent] 6340743552376;65
[sample_agent] 6340778116593;66
[sample_agent] 6340786109294;67
[sample_agent] 6340818334876;68
[sample_agent] 6340868265861;69
[sample_agent] 6340899599776;70
[sample_agent] 6340907401095;71
[sample_agent] 6340940062513;72
[sample_agent] 6340989794864;73
[sample_agent] 6341020884291;74
[sample_agent] 6341029914886;75
[sample_agent] 6341065609732;76
[sample_agent] 6341071438133;77
[sample_agent] 6341079469961;78
[sample_agent] 6341112835013;79
[sample_agent] 6341115253549;79
[sample_agent] 6341147367837;80
[sample_agent] 6341154940856;81
[sample_agent] 6341191823976;82
[sample_agent] 6341200269604;83
[sample_agent] 6341236639236;84
[sample_agent] 6341274729914;85
[sample_agent] 6341279097927;86
[sample_agent] 6341317157058;87
[sample_agent] 6341324882671;88
[sample_agent] 6341360348821;89
[sample_agent] 6341396187840;90
[sample_agent] 6341443320615;91
[sample_agent] 6341450029983;92
[sample_agent] 6341488306134;93
[sample_agent] 6341523967794;94
[sample_agent] 6341568718551;95
[sample_agent] 6341578112863;96
[sample_agent] 6341613414689;97
[sample_agent] 6341653110799;98
[sample_agent] 6341696179957;99
[sample_agent] 6341703673220;100
[sample_agent] MAVLink parameter counter finished at value 100.
