[sample_agent] Starting direct MAVLink parameter counter at 1.
[sample_agent] 8595687243133;1
[sample_agent] 8595696404278;2
[sample_agent] 8595818454397;3
[sample_agent] 8595881929844;4
[sample_agent] 8595947764817;5
[sample_agent] 8596004201989;6
[sample_agent] 8596071671657;7
[sample_agent] 8596134607443;8
[sample_agent] 8596199488122;9
[sample_agent] 8596258608256;10
[sample_agent] 8596386742563;11
[sample_agent] 8596519800097;12
[sample_agent] 8596657982931;13
[sample_agent] 8596786031713;14
[sample_agent] 8596908201017;15
[sample_agent] 8597029932765;16
[sample_agent] 8597154381611;17
[sample_agent] 8597281155656;18
[sample_agent] 8597403201761;19
[sample_agent] 8597526895328;20
[sample_agent] 8597657033323;21
[sample_agent] 8597660994011;22
[sample_agent] 8597782252030;23
[sample_agent] 8597786672106;24
[sample_agent] 8597906800713;25
[sample_agent] 8597914335284;26
[sample_agent] 8597967163689;27
[sample_agent] 8598033151379;28
[sample_agent] 8598036416828;29
[sample_agent] 8598095563225;30
[sample_agent] 8598100224039;31
[sample_agent] 8598157119613;32
[sample_agent] 8598163887407;33
[sample_agent] 8598221325956;34
[sample_agent] 8598276217205;35
[sample_agent] 8598279230448;36
[sample_agent] 8598296273100;37
[sample_agent] 8598348276375;38
[sample_agent] 8598398977838;39
[sample_agent] 8598404717038;40
[sample_agent] 8598418927287;41
[sample_agent] 8598471240534;42
[sample_agent] 8598525957669;43
[sample_agent] 8598541302596;44
[sample_agent] 8598596496087;45
[sample_agent] 8598651752014;46
[sample_agent] 8598663699092;47
[sample_agent] 8598720534247;48
[sample_agent] 8598777165405;49
[sample_agent] 8598787148232;50
[sample_agent] 8598843528787;51
[sample_agent] 8598899094544;52
[sample_agent] 8598908662911;53
[sample_agent] 8598970974361;54
[sample_agent] 8598972821379;55
[sample_agent] 8599020407455;56
[sample_agent] 8599029928516;57
[sample_agent] 8599093335153;58
[sample_agent] 8599141798464;59
[sample_agent] 8599153222886;60
[sample_agent] 8599215819310;61
[sample_agent] 8599265121181;62
[sample_agent] 8599338419193;63
[sample_agent] 8599387649262;64
[sample_agent] 8599460502583;65
[sample_agent] 8599509405162;66
[sample_agent] 8599582746193;67
[sample_agent] 8599631387359;68
[sample_agent] 8599704171693;69
[sample_agent] 8599756757014;70
[sample_agent] 8599826107287;71
[sample_agent] 8599878843238;72
[sample_agent] 8599951138455;73
[sample_agent] 8600000360561;74
[sample_agent] 8600074692253;75
[sample_agent] 8600123413053;76
[sample_agent] 8600196192992;77
[sample_agent] 8600245697119;78
[sample_agent] 8600317803993;79
[sample_agent] 8600368331565;80
[sample_agent] 8600439730573;81
[sample_agent] 8600490878392;82
[sample_agent] 8600561449202;83
[sample_agent] 8600613365388;84
[sample_agent] 8600683808895;85
[sample_agent] 8600737656664;86
[sample_agent] 8600791278478;87
[sample_agent] 8600805191035;88
[sample_agent] 8600862031178;89
[sample_agent] 8600912952990;90
[sample_agent] 8600927136716;91
[sample_agent] 8600984132844;92
[sample_agent] 8601035669596;93
[sample_agent] 8601048446232;94
[sample_agent] 8601051563853;95
[sample_agent] 8601105510079;96
[sample_agent] 8601156911390;97
[sample_agent] 8601171910515;98
[sample_agent] 8601175280935;99
[sample_agent] 8601228979110;100
[sample_agent] MAVLink parameter counter finished at value 100.
