[sample_agent] Starting direct MAVLink parameter counter at 1.
[sample_agent] 9416905582076;1
[sample_agent] 9417039410842;2
[sample_agent] 9417095840359;3
[sample_agent] 9417164160576;4
[sample_agent] 9417227691230;5
[sample_agent] 9417286821445;6
[sample_agent] 9417299412694;7
[sample_agent] 9417364415943;8
[sample_agent] 9417419349023;9
[sample_agent] 9417481460039;10
[sample_agent] 9417492222774;11
[sample_agent] 9417553362340;12
[sample_agent] 9417607706642;13
[sample_agent] 9417616396949;14
[sample_agent] 9417687305010;15
[sample_agent] 9417733394606;16
[sample_agent] 9417747785246;17
[sample_agent] 9417804381501;18
[sample_agent] 9417812323728;19
[sample_agent] 9417863491067;20
[sample_agent] 9417874176994;21
[sample_agent] 9417877758132;22
[sample_agent] 9417889492695;23
[sample_agent] 9417930157372;24
[sample_agent] 9417945318280;25
[sample_agent] 9417984988975;26
[sample_agent] 9418001814700;27
[sample_agent] 9418016162225;28
[sample_agent] 9418026025459;29
[sample_agent] 9418071320247;30
[sample_agent] 9418114484783;31
[sample_agent] 9418136970548;32
[sample_agent] 9418154914366;33
[sample_agent] 9418196755200;34
[sample_agent] 9418240664309;35
[sample_agent] 9418268020995;36
[sample_agent] 9418287371438;37
[sample_agent] 9418327682752;38
[sample_agent] 9418363854993;39
[sample_agent] 9418414613705;40
[sample_agent] 9418456460004;41
[sample_agent] 9418492578386;42
[sample_agent] 9418545688653;43
[sample_agent] 9418582682353;44
[sample_agent] 9418619424369;45
[sample_agent] 9418671640056;46
[sample_agent] 9418705283330;47
[sample_agent] 9418748443770;48
[sample_agent] 9418799705614;49
[sample_agent] 9418826832128;50
[sample_agent] 9418873891413;51
[sample_agent] 9418925309890;52
[sample_agent] 9418949301653;53
[sample_agent] 9418995891255;54
[sample_agent] 9419048118054;55
[sample_agent] 9419075513425;56
[sample_agent] 9419117332369;57
[sample_agent] 9419172241073;58
[sample_agent] 9419204323894;59
[sample_agent] 9419240956444;60
[sample_agent] 9419295402658;61
[sample_agent] 9419329072426;62
[sample_agent] 9419365071894;63
[sample_agent] 9419419562899;64
[sample_agent] 9419457082716;65
[sample_agent] 9419488856483;66
[sample_agent] 9419549441877;67
[sample_agent] 9419578438476;68
[sample_agent] 9419614096135;69
[sample_agent] 9419667572985;70
[sample_agent] 9419676480170;71
[sample_agent] 9419708453242;72
[sample_agent] 9419737604852;73
[sample_agent] 9419789525339;74
[sample_agent] 9419799310881;75
[sample_agent] 9419830465194;76
[sample_agent] 9419859958492;77
[sample_agent] 9419913586285;78
[sample_agent] 9419921943214;79
[sample_agent] 9419953831517;80
[sample_agent] 9419986796873;81
[sample_agent] 9420035836932;82
[sample_agent] 9420044630033;83
[sample_agent] 9420076101692;84
[sample_agent] 9420108895687;85
[sample_agent] 9420159714758;86
[sample_agent] 9420169814498;87
[sample_agent] 9420197359766;88
[sample_agent] 9420233841594;89
[sample_agent] 9420281383677;90
[sample_agent] 9420291975119;91
[sample_agent] 9420318777689;92
[sample_agent] 9420355232640;93
[sample_agent] 9420403359135;94
[sample_agent] 9420413961710;95
[sample_agent] 9420415662583;96
[sample_agent] 9420440452955;97
[sample_agent] 9420477669791;98
[sample_agent] 9420527410218;99
[sample_agent] 9420537683248;100
[sample_agent] MAVLink parameter counter finished at value 100.
