[sample_agent] Starting direct MAVLink parameter counter at 1.
[sample_agent] 7809431732957;1
[sample_agent] 7809559428777;2
[sample_agent] 7809690997029;3
[sample_agent] 7809818628891;4
[sample_agent] 7809948022933;5
[sample_agent] 7810077589565;6
[sample_agent] 7810204927213;7
[sample_agent] 7810327558141;8
[sample_agent] 7810450019851;9
[sample_agent] 7810572315399;10
[sample_agent] 7810696393440;11
[sample_agent] 7810753439769;12
[sample_agent] 7810821268079;13
[sample_agent] 7810879144780;14
[sample_agent] 7810952966988;15
[sample_agent] 7811004280042;16
[sample_agent] 7811080215629;17
[sample_agent] 7811129180830;18
[sample_agent] 7811206613925;19
[sample_agent] 7811259060279;20
[sample_agent] 7811332486668;21
[sample_agent] 7811381377272;22
[sample_agent] 7811458393967;23
[sample_agent] 7811505278148;24
[sample_agent] 7811583232514;25
[sample_agent] 7811632775890;26
[sample_agent] 7811709784875;27
[sample_agent] 7811762378494;28
[sample_agent] 7811838928843;29
[sample_agent] 7811886301998;30
[sample_agent] 7811963546058;31
[sample_agent] 7812008579761;32
[sample_agent] 7812019048020;33
[sample_agent] 7812089170694;34
[sample_agent] 7812139796762;35
[sample_agent] 7812192638993;36
[sample_agent] 7812212860994;37
[sample_agent] 7812262786835;38
[sample_agent] 7812315236562;39
[sample_agent] 7812335807201;40
[sample_agent] 7812384610132;41
[sample_agent] 7812441058927;42
[sample_agent] 7812457403303;43
[sample_agent] 7812506224530;44
[sample_agent] 7812565144392;45
[sample_agent] 7812579253558;46
[sample_agent] 7812627761389;47
[sample_agent] 7812686645278;48
[sample_agent] 7812702498558;49
[sample_agent] 7812751872133;50
[sample_agent] 7812810292841;51
[sample_agent] 7812825237585;52
[sample_agent] 7812873637712;53
[sample_agent] 7812932846443;54
[sample_agent] 7812947864124;55
[sample_agent] 7812996978773;56
[sample_agent] 7813006594132;57
[sample_agent] 7813054489229;58
[sample_agent] 7813070897816;59
[sample_agent] 7813127183134;60
[sample_agent] 7813176411735;61
[sample_agent] 7813194230413;62
[sample_agent] 7813247303650;63
[sample_agent] 7813300249073;64
[sample_agent] 7813317268691;65
[sample_agent] 7813371552514;66
[sample_agent] 7813421710235;67
[sample_agent] 7813438606103;68
[sample_agent] 7813493147140;69
[sample_agent] 7813543257886;70
[sample_agent] 7813559994688;71
[sample_agent] 7813614444937;72
[sample_agent] 7813665268209;73
[sample_agent] 7813681406178;74
[sample_agent] 7813736392828;75
[sample_agent] 7813786563226;76
[sample_agent] 7813805452233;77
[sample_agent] 7813859072606;78
[sample_agent] 7813908913883;79
[sample_agent] 7813927075032;80
[sample_agent] 7813981641100;81
[sample_agent] 7814030248530;82
[sample_agent] 7814049609366;83
[sample_agent] 7814103068702;84
[sample_agent] 7814152172486;85
[sample_agent] 7814173281560;86
[sample_agent] 7814225411676;87
[sample_agent] 7814274897772;88
[sample_agent] 7814294727280;89
[sample_agent] 7814351168770;90
[sample_agent] 7814397371781;91
[sample_agent] 7814418673513;92
[sample_agent] 7814472601939;93
[sample_agent] 7814518663366;94
[sample_agent] 7814540452961;95
[sample_agent] 7814594786076;96
[sample_agent] 7814644426925;97
[sample_agent] 7814661734381;98
[sample_agent] 7814663903226;99
[sample_agent] 7814717144419;100
[sample_agent] MAVLink parameter counter finished at value 100.
