[sample_agent] Starting direct MAVLink parameter counter at 1.
[sample_agent] 8653796601802;1
[sample_agent] 8653923733123;2
[sample_agent] 8654050326560;3
[sample_agent] 8654175193968;4
[sample_agent] 8654303624499;5
[sample_agent] 8654430532079;6
[sample_agent] 8654557721111;7
[sample_agent] 8654682753198;8
[sample_agent] 8654743770167;9
[sample_agent] 8654749967006;10
[sample_agent] 8654812284749;11
[sample_agent] 8654871696638;12
[sample_agent] 8654884038505;13
[sample_agent] 8654938734048;14
[sample_agent] 8655002263652;15
[sample_agent] 8655012012998;16
[sample_agent] 8655060641306;17
[sample_agent] 8655132064378;18
[sample_agent] 8655141150182;19
[sample_agent] 8655184476340;20
[sample_agent] 8655255774944;21
[sample_agent] 8655263607846;22
[sample_agent] 8655312191550;23
[sample_agent] 8655380330142;24
[sample_agent] 8655386133117;25
[sample_agent] 8655435040217;26
[sample_agent] 8655502257622;27
[sample_agent] 8655507721676;28
[sample_agent] 8655559550166;29
[sample_agent] 8655624604840;30
[sample_agent] 8655630070763;31
[sample_agent] 8655682950715;32
[sample_agent] 8655687204030;33
[sample_agent] 8655749510244;34
[sample_agent] 8655808359621;35
[sample_agent] 8655813083014;36
[sample_agent] 8655874738294;37
[sample_agent] 8655931368600;38
[sample_agent] 8655940755198;39
[sample_agent] 8655996447202;40
[sample_agent] 8656057406733;41
[sample_agent] 8656064178019;42
[sample_agent] 8656122971083;43
[sample_agent] 8656182739570;44
[sample_agent] 8656238414201;45
[sample_agent] 8656246659758;46
[sample_agent] 8656307447941;47
[sample_agent] 8656362677429;48
[sample_agent] 8656370610759;49
[sample_agent] 8656431740644;50
[sample_agent] 8656489411359;51
[sample_agent] 8656497949086;52
[sample_agent] 8656557532808;53
[sample_agent] 8656614473176;54
[sample_agent] 8656631745167;55
[sample_agent] 8656681772592;56
[sample_agent] 8656738245992;57
[sample_agent] 8656757199466;58
[sample_agent] 8656761455614;59
[sample_agent] 8656803439572;60
[sample_agent] 8656861029385;61
[sample_agent] 8656881844681;62
[sample_agent] 8656887537266;63
[sample_agent] 8656925490367;64
[sample_agent] 8656984231068;65
[sample_agent] 8657005340970;66
[sample_agent] 8657010092297;67
[sample_agent] 8657048658475;68
[sample_agent] 8657106963101;69
[sample_agent] 8657127295113;70
[sample_agent] 8657133330503;71
[sample_agent] 8657169970149;72
[sample_agent] 8657232839332;73
[sample_agent] 8657248810930;74
[sample_agent] 8657255135867;75
[sample_agent] 8657292103902;76
[sample_agent] 8657357443889;77
[sample_agent] 8657371284238;78
[sample_agent] 8657377169002;79
[sample_agent] 8657415570076;80
[sample_agent] 8657479124930;81
[sample_agent] 8657497850690;82
[sample_agent] 8657537184494;83
[sample_agent] 8657601526579;84
[sample_agent] 8657621832972;85
[sample_agent] 8657658994904;86
[sample_agent] 8657725059028;87
[sample_agent] 8657745070816;88
[sample_agent] 8657780451181;89
[sample_agent] 8657846432487;90
[sample_agent] 8657866969362;91
[sample_agent] 8657903241041;92
[sample_agent] 8657970501955;93
[sample_agent] 8657989545295;94
[sample_agent] 8658026265435;95
[sample_agent] 8658093015278;96
[sample_agent] 8658112431642;97
[sample_agent] 8658149434386;98
[sample_agent] 8658225653061;99
[sample_agent] 8658237849899;100
[sample_agent] MAVLink parameter counter finished at value 100.
