[ardupilot] Time1: 6484706479333
[ardupilot] Requested LOCAL_POSITION_NED and ATTITUDE streams.
[ardupilot] [LOCAL_POSITION_NED] x=0 y=0 z_ned=-0.19 alt=0.19
[ardupilot] ArduPilot GUIDED - using body-offset setpoint_local(Forward, Right, Up).
[ardupilot] [LOCAL_POSITION_NED] x=0 y=0 z_ned=-0.19 alt=0.19
[ardupilot] Taking off to 2m and waiting for altitude to stabilize...
[ardupilot] Locked setpoint_local reference yaw after takeoff.
[ardupilot] [LOCAL_POSITION_NED] x=0 y=0 z_ned=-0.19 alt=0.19
[ardupilot] [LOCAL_POSITION_NED] x=0 y=0 z_ned=-0.19 alt=0.19
[ardupilot] Command: move 2 m forward.
[ardupilot] [LOCAL_POSITION_NED] x=0.0111318845 y=0.009078042 z_ned=-2.01 alt=2.01
[ardupilot] [LOCAL_POSITION_NED] x=2.037135 y=0.009078042 z_ned=-1.45 alt=1.45
[ardupilot] Command: move 2 m backward to return.
[ardupilot] [LOCAL_POSITION_NED] x=1.8924204 y=0 z_ned=-1.48 alt=1.48
[ardupilot] [LOCAL_POSITION_NED] x=0.05565942 y=0.009078042 z_ned=-1.48 alt=1.48
[ardupilot] Command: move 2 m right.
[ardupilot] [LOCAL_POSITION_NED] x=-0.05565942 y=0.4811362 z_ned=-1.47 alt=1.47
[ardupilot] [LOCAL_POSITION_NED] x=0.022263769 y=1.8791546 z_ned=-1.48 alt=1.48
[ardupilot] Command: move 2 m left to return.
[ardupilot] [LOCAL_POSITION_NED] x=0.022263769 y=1.2436917 z_ned=-1.47 alt=1.47
[ardupilot] [LOCAL_POSITION_NED] x=0.022263769 y=0.099858455 z_ned=-1.48 alt=1.48
[ardupilot] Command: move 2 m left.
[ardupilot] [LOCAL_POSITION_NED] x=0.022263769 y=-1.2890819 z_ned=-1.48 alt=1.48
[ardupilot] [LOCAL_POSITION_NED] x=0.022263769 y=-1.8700765 z_ned=-1.48 alt=1.48
[ardupilot] Command: move 2 m right to return.
[ardupilot] [LOCAL_POSITION_NED] x=0.022263769 y=-0.46298012 z_ned=-1.48 alt=1.48
[ardupilot] [LOCAL_POSITION_NED] x=0.022263769 y=-0.11801454 z_ned=-1.48 alt=1.48
[ardupilot] Command: move 2 m backward.
[ardupilot] [LOCAL_POSITION_NED] x=-1.4360131 y=0.036312163 z_ned=-1.48 alt=1.48
[ardupilot] [LOCAL_POSITION_NED] x=-1.8478929 y=0.009078041 z_ned=-1.47 alt=1.47
[ardupilot] Command: move 2 m forward to return.
[ardupilot] [LOCAL_POSITION_NED] x=-1.346958 y=0.009078041 z_ned=-1.47 alt=1.47
[ardupilot] [LOCAL_POSITION_NED] x=0.022263769 y=0.009078042 z_ned=-1.48 alt=1.48
[ardupilot] Time2: 6587084800819
[ardupilot] Landing and finishing GUIDED high-level LAND demo.
[ardupilot] [LOCAL_POSITION_NED] x=0.1447145 y=0.009078042 z_ned=-0.97 alt=0.97
[ardupilot] [LOCAL_POSITION_NED] x=0.15584639 y=0.009078042 z_ned=-0.19 alt=0.19
[ardupilot] [LOCAL_POSITION_NED] x=0.15584639 y=0.009078042 z_ned=-0.19 alt=0.19
[ardupilot] [LOCAL_POSITION_NED] x=0.15584639 y=0.009078042 z_ned=-0.19 alt=0.19
