[sample_agent] Starting direct MAVLink parameter counter at 1.
[sample_agent] 8112258846383;1
[sample_agent] 8112386657835;2
[sample_agent] 8112515421003;3
[sample_agent] 8112646391125;4
[sample_agent] 8112772297804;5
[sample_agent] 8112898155418;6
[sample_agent] 8113027365097;7
[sample_agent] 8113150972336;8
[sample_agent] 8113277876995;9
[sample_agent] 8113403239446;10
[sample_agent] 8113538827233;11
[sample_agent] 8113663712589;12
[sample_agent] 8113789658977;13
[sample_agent] 8113918530896;14
[sample_agent] 8114042282396;15
[sample_agent] 8114166868289;16
[sample_agent] 8114290799510;17
[sample_agent] 8114421326768;18
[sample_agent] 8114546296551;19
[sample_agent] 8114670723888;20
[sample_agent] 8114795038016;21
[sample_agent] 8114916936618;22
[sample_agent] 8115041036893;23
[sample_agent] 8115165064571;24
[sample_agent] 8115290309427;25
[sample_agent] 8115415364906;26
[sample_agent] 8115541672236;27
[sample_agent] 8115669157463;28
[sample_agent] 8115794236589;29
[sample_agent] 8115916219067;30
[sample_agent] 8116038335231;31
[sample_agent] 8116161603186;32
[sample_agent] 8116284378800;33
[sample_agent] 8116337293551;34
[sample_agent] 8116408317297;35
[sample_agent] 8116463647290;36
[sample_agent] 8116531560944;37
[sample_agent] 8116585745574;38
[sample_agent] 8116640546291;39
[sample_agent] 8116655346534;40
[sample_agent] 8116708547611;41
[sample_agent] 8116762667009;42
[sample_agent] 8116778363800;43
[sample_agent] 8116833567355;44
[sample_agent] 8116886225521;45
[sample_agent] 8116901952910;46
[sample_agent] 8116955194279;47
[sample_agent] 8117007787287;48
[sample_agent] 8117023782313;49
[sample_agent] 8117077047996;50
[sample_agent] 8117129523976;51
[sample_agent] 8117145689681;52
[sample_agent] 8117202276383;53
[sample_agent] 8117251193147;54
[sample_agent] 8117267146105;55
[sample_agent] 8117323688400;56
[sample_agent] 8117373376358;57
[sample_agent] 8117390255217;58
[sample_agent] 8117445517370;59
[sample_agent] 8117495658020;60
[sample_agent] 8117511707846;61
[sample_agent] 8117567187888;62
[sample_agent] 8117619470296;63
[sample_agent] 8117636595647;64
[sample_agent] 8117689396885;65
[sample_agent] 8117741541615;66
[sample_agent] 8117757988096;67
[sample_agent] 8117811175713;68
[sample_agent] 8117862883753;69
[sample_agent] 8117879356198;70
[sample_agent] 8117932583152;71
[sample_agent] 8117985622111;72
[sample_agent] 8118001429643;73
[sample_agent] 8118054172279;74
[sample_agent] 8118107052029;75
[sample_agent] 8118123088904;76
[sample_agent] 8118175696729;77
[sample_agent] 8118232633957;78
[sample_agent] 8118245882194;79
[sample_agent] 8118298409068;80
[sample_agent] 8118300156034;81
[sample_agent] 8118357774428;82
[sample_agent] 8118367259586;83
[sample_agent] 8118420945989;84
[sample_agent] 8118425016060;85
[sample_agent] 8118479478045;86
[sample_agent] 8118490316955;87
[sample_agent] 8118542571537;88
[sample_agent] 8118546552847;89
[sample_agent] 8118603619769;90
[sample_agent] 8118611617487;91
[sample_agent] 8118663867190;92
[sample_agent] 8118666656638;93
[sample_agent] 8118726269268;94
[sample_agent] 8118728364275;95
[sample_agent] 8118784183766;96
[sample_agent] 8118847586751;97
[sample_agent] 8118854455815;98
[sample_agent] 8118927175447;99
[sample_agent] 8118970580852;100
[sample_agent] MAVLink parameter counter finished at value 100.
