[sample_agent] Starting direct MAVLink parameter counter at 1.
[sample_agent] 8359101979326;1
[sample_agent] 8359229678351;2
[sample_agent] 8359353797010;3
[sample_agent] 8359483246188;4
[sample_agent] 8359609818878;5
[sample_agent] 8359668967073;6
[sample_agent] 8359741860695;7
[sample_agent] 8359806079365;8
[sample_agent] 8359870890655;9
[sample_agent] 8359930890901;10
[sample_agent] 8359997302728;11
[sample_agent] 8360059136468;12
[sample_agent] 8360127603765;13
[sample_agent] 8360192554124;14
[sample_agent] 8360256664351;15
[sample_agent] 8360319449641;16
[sample_agent] 8360380659836;17
[sample_agent] 8360444851265;18
[sample_agent] 8360512996437;19
[sample_agent] 8360569063357;20
[sample_agent] 8360637415461;21
[sample_agent] 8360694052299;22
[sample_agent] 8360762394089;23
[sample_agent] 8360818644007;24
[sample_agent] 8360893862855;25
[sample_agent] 8360947083407;26
[sample_agent] 8360953590298;27
[sample_agent] 8361021531190;28
[sample_agent] 8361074039508;29
[sample_agent] 8361081072537;30
[sample_agent] 8361085268989;31
[sample_agent] 8361144908225;32
[sample_agent] 8361196953185;33
[sample_agent] 8361205936985;34
[sample_agent] 8361211890518;35
[sample_agent] 8361268285293;36
[sample_agent] 8361319306632;37
[sample_agent] 8361329319302;38
[sample_agent] 8361393408542;39
[sample_agent] 8361442810068;40
[sample_agent] 8361451416554;41
[sample_agent] 8361515418077;42
[sample_agent] 8361569131303;43
[sample_agent] 8361639641128;44
[sample_agent] 8361694978703;45
[sample_agent] 8361763073243;46
[sample_agent] 8361821403999;47
[sample_agent] 8361889220086;48
[sample_agent] 8361948409177;49
[sample_agent] 8362013265777;50
[sample_agent] 8362074538910;51
[sample_agent] 8362138348236;52
[sample_agent] 8362199475346;53
[sample_agent] 8362266265895;54
[sample_agent] 8362322864942;55
[sample_agent] 8362391165972;56
[sample_agent] 8362447631666;57
[sample_agent] 8362514618251;58
[sample_agent] 8362570430682;59
[sample_agent] 8362572765888;60
[sample_agent] 8362638949684;61
[sample_agent] 8362692110457;62
[sample_agent] 8362695329221;63
[sample_agent] 8362753084786;64
[sample_agent] 8362768606892;65
[sample_agent] 8362815754685;66
[sample_agent] 8362822491675;67
[sample_agent] 8362879258860;68
[sample_agent] 8362881682525;69
[sample_agent] 8362892477638;70
[sample_agent] 8362937680491;71
[sample_agent] 8363002097203;72
[sample_agent] 8363015670791;73
[sample_agent] 8363059059226;74
[sample_agent] 8363125510288;75
[sample_agent] 8363140295994;76
[sample_agent] 8363182644428;77
[sample_agent] 8363249244389;78
[sample_agent] 8363262664869;79
[sample_agent] 8363304698003;80
[sample_agent] 8363370873842;81
[sample_agent] 8363383932199;82
[sample_agent] 8363426978932;83
[sample_agent] 8363493357650;84
[sample_agent] 8363507654743;85
[sample_agent] 8363548507538;86
[sample_agent] 8363615282036;87
[sample_agent] 8363629352849;88
[sample_agent] 8363671346839;89
[sample_agent] 8363738267121;90
[sample_agent] 8363750609886;91
[sample_agent] 8363792788671;92
[sample_agent] 8363861114219;93
[sample_agent] 8363871779060;94
[sample_agent] 8363915706484;95
[sample_agent] 8363982741835;96
[sample_agent] 8363993645952;97
[sample_agent] 8364039433485;98
[sample_agent] 8364104694167;99
[sample_agent] 8364116520445;100
[sample_agent] MAVLink parameter counter finished at value 100.
