[sample_agent] Starting direct MAVLink parameter counter at 1.
[sample_agent] 8533959499061;1
[sample_agent] 8534084553296;2
[sample_agent] 8534209094478;3
[sample_agent] 8534337624485;4
[sample_agent] 8534466450218;5
[sample_agent] 8534591293821;6
[sample_agent] 8534723114541;7
[sample_agent] 8534855860143;8
[sample_agent] 8534978322357;9
[sample_agent] 8535105446042;10
[sample_agent] 8535230899668;11
[sample_agent] 8535356413793;12
[sample_agent] 8535419173299;13
[sample_agent] 8535487283054;14
[sample_agent] 8535545551961;15
[sample_agent] 8535614451339;16
[sample_agent] 8535621735219;17
[sample_agent] 8535672548336;18
[sample_agent] 8535742219389;19
[sample_agent] 8535748925614;20
[sample_agent] 8535795373374;21
[sample_agent] 8535873268323;22
[sample_agent] 8535879275738;23
[sample_agent] 8535919318151;24
[sample_agent] 8535999281285;25
[sample_agent] 8536042470115;26
[sample_agent] 8536131139764;27
[sample_agent] 8536172271784;28
[sample_agent] 8536254792516;29
[sample_agent] 8536298201830;30
[sample_agent] 8536393137389;31
[sample_agent] 8536422171273;32
[sample_agent] 8536517445725;33
[sample_agent] 8536551734118;34
[sample_agent] 8536644026802;35
[sample_agent] 8536674516041;36
[sample_agent] 8536770355287;37
[sample_agent] 8536800026214;38
[sample_agent] 8536894762359;39
[sample_agent] 8536923303066;40
[sample_agent] 8536977945993;41
[sample_agent] 8536980984060;42
[sample_agent] 8537018923081;43
[sample_agent] 8537047414181;44
[sample_agent] 8537057068886;45
[sample_agent] 8537102096434;46
[sample_agent] 8537105399834;47
[sample_agent] 8537144133063;48
[sample_agent] 8537177355507;49
[sample_agent] 8537182636198;50
[sample_agent] 8537227315450;51
[sample_agent] 8537266750386;52
[sample_agent] 8537271423547;53
[sample_agent] 8537299777903;54
[sample_agent] 8537307557239;55
[sample_agent] 8537349189617;56
[sample_agent] 8537391663299;57
[sample_agent] 8537426454539;58
[sample_agent] 8537471377768;59
[sample_agent] 8537517851563;60
[sample_agent] 8537549762928;61
[sample_agent] 8537595542948;62
[sample_agent] 8537640465120;63
[sample_agent] 8537672670423;64
[sample_agent] 8537722387584;65
[sample_agent] 8537763236078;66
[sample_agent] 8537794729932;67
[sample_agent] 8537846306157;68
[sample_agent] 8537885263463;69
[sample_agent] 8537917928115;70
[sample_agent] 8537967977911;71
[sample_agent] 8538006576109;72
[sample_agent] 8538041342684;73
[sample_agent] 8538090638634;74
[sample_agent] 8538128023472;75
[sample_agent] 8538164206098;76
[sample_agent] 8538212710073;77
[sample_agent] 8538250068683;78
[sample_agent] 8538287504760;79
[sample_agent] 8538334524020;80
[sample_agent] 8538371920797;81
[sample_agent] 8538411779143;82
[sample_agent] 8538458372766;83
[sample_agent] 8538494474163;84
[sample_agent] 8538534702122;85
[sample_agent] 8538580716520;86
[sample_agent] 8538617059988;87
[sample_agent] 8538658286895;88
[sample_agent] 8538702124161;89
[sample_agent] 8538704555706;90
[sample_agent] 8538740733476;91
[sample_agent] 8538779703209;92
[sample_agent] 8538826050497;93
[sample_agent] 8538862689823;94
[sample_agent] 8538900897453;95
[sample_agent] 8538950115652;96
[sample_agent] 8538985101028;97
[sample_agent] 8539022180291;98
[sample_agent] 8539072179823;99
[sample_agent] 8539106822110;100
[sample_agent] MAVLink parameter counter finished at value 100.
