[sample_agent] Starting direct MAVLink parameter counter at 1.
[sample_agent] 8946824044463;1
[sample_agent] 8946956693806;2
[sample_agent] 8947082685573;3
[sample_agent] 8947138014680;4
[sample_agent] 8947208256917;5
[sample_agent] 8947261944752;6
[sample_agent] 8947338341234;7
[sample_agent] 8947391129399;8
[sample_agent] 8947468205703;9
[sample_agent] 8947517524708;10
[sample_agent] 8947595514584;11
[sample_agent] 8947643567902;12
[sample_agent] 8947720465541;13
[sample_agent] 8947772450255;14
[sample_agent] 8947827205627;15
[sample_agent] 8947846270777;16
[sample_agent] 8947897394239;17
[sample_agent] 8947953152960;18
[sample_agent] 8947957559798;19
[sample_agent] 8947970748407;20
[sample_agent] 8947973920185;21
[sample_agent] 8948022230201;22
[sample_agent] 8948075889583;23
[sample_agent] 8948102484063;24
[sample_agent] 8948150583574;25
[sample_agent] 8948163595289;26
[sample_agent] 8948205180844;27
[sample_agent] 8948230537957;28
[sample_agent] 8948234961149;29
[sample_agent] 8948275411432;30
[sample_agent] 8948289337432;31
[sample_agent] 8948328510884;32
[sample_agent] 8948355458175;33
[sample_agent] 8948364546409;34
[sample_agent] 8948400676964;35
[sample_agent] 8948414095214;36
[sample_agent] 8948454548695;37
[sample_agent] 8948485410410;38
[sample_agent] 8948492806640;39
[sample_agent] 8948525618832;40
[sample_agent] 8948535810405;41
[sample_agent] 8948577137679;42
[sample_agent] 8948607096263;43
[sample_agent] 8948615707623;44
[sample_agent] 8948647613784;45
[sample_agent] 8948663247655;46
[sample_agent] 8948667661797;47
[sample_agent] 8948698680402;48
[sample_agent] 8948701161529;49
[sample_agent] 8948707556152;50
[sample_agent] 8948730310219;51
[sample_agent] 8948739630333;52
[sample_agent] 8948772857367;53
[sample_agent] 8948788074693;54
[sample_agent] 8948821523777;55
[sample_agent] 8948830237121;56
[sample_agent] 8948853699956;57
[sample_agent] 8948858319345;58
[sample_agent] 8948898122807;59
[sample_agent] 8948909992375;60
[sample_agent] 8948942843369;61
[sample_agent] 8948954560404;62
[sample_agent] 8948979295578;63
[sample_agent] 8948986223071;64
[sample_agent] 8949023806925;65
[sample_agent] 8949035084490;66
[sample_agent] 8949068339275;67
[sample_agent] 8949081311324;68
[sample_agent] 8949102377281;69
[sample_agent] 8949114686474;70
[sample_agent] 8949151532161;71
[sample_agent] 8949163494349;72
[sample_agent] 8949192688429;73
[sample_agent] 8949208604996;74
[sample_agent] 8949245159785;75
[sample_agent] 8949279178057;76
[sample_agent] 8949297094986;77
[sample_agent] 8949316822302;78
[sample_agent] 8949333949437;79
[sample_agent] 8949368712682;80
[sample_agent] 8949406173238;81
[sample_agent] 8949441024268;82
[sample_agent] 8949457311317;83
[sample_agent] 8949490868790;84
[sample_agent] 8949532297638;85
[sample_agent] 8949565287193;86
[sample_agent] 8949582570953;87
[sample_agent] 8949615292246;88
[sample_agent] 8949660367805;89
[sample_agent] 8949689909908;90
[sample_agent] 8949705970138;91
[sample_agent] 8949740580007;92
[sample_agent] 8949789582955;93
[sample_agent] 8949813574732;94
[sample_agent] 8949827920235;95
[sample_agent] 8949864011923;96
[sample_agent] 8949914160398;97
[sample_agent] 8949916331137;98
[sample_agent] 8949942059261;99
[sample_agent] 8949955266325;100
[sample_agent] MAVLink parameter counter finished at value 100.
