[sample_agent] Starting direct MAVLink parameter counter at 1.
[sample_agent] 7039982622065;1
[sample_agent] 7040108824512;2
[sample_agent] 7040114795829;3
[sample_agent] 7040235610277;4
[sample_agent] 7040291913932;5
[sample_agent] 7040364238425;6
[sample_agent] 7040415111793;7
[sample_agent] 7040490311411;8
[sample_agent] 7040545388538;9
[sample_agent] 7040617399024;10
[sample_agent] 7040676646127;11
[sample_agent] 7040742318997;12
[sample_agent] 7040804227756;13
[sample_agent] 7040870011396;14
[sample_agent] 7040929288571;15
[sample_agent] 7040998604856;16
[sample_agent] 7041051977803;17
[sample_agent] 7041130049245;18
[sample_agent] 7041176890021;19
[sample_agent] 7041254694956;20
[sample_agent] 7041301272020;21
[sample_agent] 7041386124082;22
[sample_agent] 7041423211574;23
[sample_agent] 7041511955713;24
[sample_agent] 7041551334109;25
[sample_agent] 7041639948248;26
[sample_agent] 7041688402683;27
[sample_agent] 7041764397525;28
[sample_agent] 7041812676688;29
[sample_agent] 7041889567822;30
[sample_agent] 7041936698562;31
[sample_agent] 7042013181400;32
[sample_agent] 7042063999547;33
[sample_agent] 7042147423946;34
[sample_agent] 7042154029839;35
[sample_agent] 7042192295369;36
[sample_agent] 7042276612943;37
[sample_agent] 7042317114507;38
[sample_agent] 7042324674967;39
[sample_agent] 7042378458812;40
[sample_agent] 7042403016755;41
[sample_agent] 7042446530375;42
[sample_agent] 7042502969111;43
[sample_agent] 7042505505370;44
[sample_agent] 7042526194971;45
[sample_agent] 7042573735888;46
[sample_agent] 7042624594337;47
[sample_agent] 7042629083942;48
[sample_agent] 7042635486235;49
[sample_agent] 7042704510702;50
[sample_agent] 7042748968662;51
[sample_agent] 7042757353508;52
[sample_agent] 7042811518041;53
[sample_agent] 7042828318528;54
[sample_agent] 7042875384470;55
[sample_agent] 7042934349475;56
[sample_agent] 7042953951146;57
[sample_agent] 7043004894234;58
[sample_agent] 7043058203428;59
[sample_agent] 7043078831638;60
[sample_agent] 7043126334428;61
[sample_agent] 7043131339420;62
[sample_agent] 7043182073808;63
[sample_agent] 7043200210656;64
[sample_agent] 7043251865791;65
[sample_agent] 7043266745676;66
[sample_agent] 7043305870968;67
[sample_agent] 7043322086246;68
[sample_agent] 7043377104297;69
[sample_agent] 7043388275238;70
[sample_agent] 7043427449064;71
[sample_agent] 7043445760780;72
[sample_agent] 7043499507958;73
[sample_agent] 7043512421131;74
[sample_agent] 7043550267730;75
[sample_agent] 7043569038027;76
[sample_agent] 7043620876922;77
[sample_agent] 7043635121861;78
[sample_agent] 7043674905006;79
[sample_agent] 7043692498804;80
[sample_agent] 7043742393680;81
[sample_agent] 7043756385498;82
[sample_agent] 7043797053510;83
[sample_agent] 7043816968577;84
[sample_agent] 7043864231902;85
[sample_agent] 7043881349419;86
[sample_agent] 7043919711547;87
[sample_agent] 7043940084313;88
[sample_agent] 7043988993160;89
[sample_agent] 7044004180655;90
[sample_agent] 7044041022614;91
[sample_agent] 7044061587388;92
[sample_agent] 7044113971898;93
[sample_agent] 7044126173751;94
[sample_agent] 7044163032085;95
[sample_agent] 7044184264763;96
[sample_agent] 7044235171200;97
[sample_agent] 7044248268060;98
[sample_agent] 7044284332210;99
[sample_agent] 7044306371500;100
[sample_agent] MAVLink parameter counter finished at value 100.
