[sample_agent] Starting direct MAVLink parameter counter at 1.
[sample_agent] 9357537840219;1
[sample_agent] 9357670840581;2
[sample_agent] 9357795086393;3
[sample_agent] 9357922485135;4
[sample_agent] 9358047110248;5
[sample_agent] 9358177532770;6
[sample_agent] 9358186291709;7
[sample_agent] 9358306193996;8
[sample_agent] 9358315584728;9
[sample_agent] 9358433634954;10
[sample_agent] 9358490350853;11
[sample_agent] 9358560318989;12
[sample_agent] 9358621032254;13
[sample_agent] 9358685592451;14
[sample_agent] 9358745145723;15
[sample_agent] 9358810222108;16
[sample_agent] 9358870989870;17
[sample_agent] 9358925535997;18
[sample_agent] 9358934668259;19
[sample_agent] 9358994261078;20
[sample_agent] 9358999560204;21
[sample_agent] 9359051738514;22
[sample_agent] 9359061070637;23
[sample_agent] 9359120462191;24
[sample_agent] 9359128430040;25
[sample_agent] 9359179375495;26
[sample_agent] 9359187106712;27
[sample_agent] 9359245775355;28
[sample_agent] 9359257700609;29
[sample_agent] 9359305451507;30
[sample_agent] 9359369036109;31
[sample_agent] 9359383937012;32
[sample_agent] 9359430950574;33
[sample_agent] 9359499265812;34
[sample_agent] 9359511350432;35
[sample_agent] 9359557709905;36
[sample_agent] 9359624717011;37
[sample_agent] 9359634676843;38
[sample_agent] 9359682236432;39
[sample_agent] 9359748710411;40
[sample_agent] 9359760353247;41
[sample_agent] 9359810446797;42
[sample_agent] 9359875970382;43
[sample_agent] 9359886675228;44
[sample_agent] 9359935868735;45
[sample_agent] 9359997646325;46
[sample_agent] 9360015244599;47
[sample_agent] 9360063447262;48
[sample_agent] 9360125958275;49
[sample_agent] 9360139090140;50
[sample_agent] 9360185098694;51
[sample_agent] 9360252568941;52
[sample_agent] 9360261834075;53
[sample_agent] 9360307777760;54
[sample_agent] 9360374401982;55
[sample_agent] 9360384115629;56
[sample_agent] 9360429740934;57
[sample_agent] 9360499069681;58
[sample_agent] 9360505567904;59
[sample_agent] 9360555339369;60
[sample_agent] 9360622747738;61
[sample_agent] 9360628807909;62
[sample_agent] 9360677327420;63
[sample_agent] 9360748664885;64
[sample_agent] 9360753774113;65
[sample_agent] 9360800284454;66
[sample_agent] 9360803420873;67
[sample_agent] 9360870364046;68
[sample_agent] 9360877629739;69
[sample_agent] 9360925558993;70
[sample_agent] 9360976763162;71
[sample_agent] 9360993348035;72
[sample_agent] 9361046825918;73
[sample_agent] 9361098929916;74
[sample_agent] 9361118319349;75
[sample_agent] 9361169158592;76
[sample_agent] 9361175379848;77
[sample_agent] 9361221398129;78
[sample_agent] 9361242159307;79
[sample_agent] 9361295336389;80
[sample_agent] 9361302501966;81
[sample_agent] 9361343510289;82
[sample_agent] 9361364133787;83
[sample_agent] 9361419183812;84
[sample_agent] 9361428196768;85
[sample_agent] 9361434906620;86
[sample_agent] 9361466340533;87
[sample_agent] 9361487471759;88
[sample_agent] 9361541669651;89
[sample_agent] 9361553731545;90
[sample_agent] 9361558280270;91
[sample_agent] 9361588439372;92
[sample_agent] 9361611141315;93
[sample_agent] 9361664891457;94
[sample_agent] 9361677846321;95
[sample_agent] 9361709843201;96
[sample_agent] 9361735384508;97
[sample_agent] 9361786800286;98
[sample_agent] 9361799965395;99
[sample_agent] 9361832982271;100
[sample_agent] MAVLink parameter counter finished at value 100.
