[sample_agent] Starting direct MAVLink parameter counter at 1.
[sample_agent] 6523057943198;1
[sample_agent] 6523181528430;2
[sample_agent] 6523309954182;3
[sample_agent] 6523439567239;4
[sample_agent] 6523567018178;5
[sample_agent] 6523697672320;6
[sample_agent] 6523827085848;7
[sample_agent] 6523951491263;8
[sample_agent] 6524073813139;9
[sample_agent] 6524198522251;10
[sample_agent] 6524323549823;11
[sample_agent] 6524450685079;12
[sample_agent] 6524580266379;13
[sample_agent] 6524645636463;14
[sample_agent] 6524715816967;15
[sample_agent] 6524769999245;16
[sample_agent] 6524841189090;17
[sample_agent] 6524892250945;18
[sample_agent] 6524968058319;19
[sample_agent] 6525015682253;20
[sample_agent] 6525024588756;21
[sample_agent] 6525029431946;22
[sample_agent] 6525098400856;23
[sample_agent] 6525144595234;24
[sample_agent] 6525164313557;25
[sample_agent] 6525170330308;26
[sample_agent] 6525226746468;27
[sample_agent] 6525231396784;28
[sample_agent] 6525270976936;29
[sample_agent] 6525291346019;30
[sample_agent] 6525351883682;31
[sample_agent] 6525359865802;32
[sample_agent] 6525395455586;33
[sample_agent] 6525425827254;34
[sample_agent] 6525475755734;35
[sample_agent] 6525518593822;36
[sample_agent] 6525550920699;37
[sample_agent] 6525603938547;38
[sample_agent] 6525607279333;39
[sample_agent] 6525614846030;40
[sample_agent] 6525641612560;41
[sample_agent] 6525677876664;42
[sample_agent] 6525730792151;43
[sample_agent] 6525736776519;44
[sample_agent] 6525739068303;45
[sample_agent] 6525765182880;46
[sample_agent] 6525802059959;47
[sample_agent] 6525854064170;48
[sample_agent] 6525858295281;49
[sample_agent] 6525862275814;50
[sample_agent] 6525888546205;51
[sample_agent] 6525923919150;52
[sample_agent] 6525976388313;53
[sample_agent] 6525982240121;54
[sample_agent] 6525987516970;55
[sample_agent] 6526009993310;56
[sample_agent] 6526050413481;57
[sample_agent] 6526101616548;58
[sample_agent] 6526107900698;59
[sample_agent] 6526111072459;60
[sample_agent] 6526131418199;61
[sample_agent] 6526173875489;62
[sample_agent] 6526225222608;63
[sample_agent] 6526229464594;64
[sample_agent] 6526261906192;65
[sample_agent] 6526305310656;66
[sample_agent] 6526349830753;67
[sample_agent] 6526357588095;68
[sample_agent] 6526385474078;69
[sample_agent] 6526428625093;70
[sample_agent] 6526474920894;71
[sample_agent] 6526506805399;72
[sample_agent] 6526556267917;73
[sample_agent] 6526599993159;74
[sample_agent] 6526630765933;75
[sample_agent] 6526679086800;76
[sample_agent] 6526722552313;77
[sample_agent] 6526753596041;78
[sample_agent] 6526801304028;79
[sample_agent] 6526848096270;80
[sample_agent] 6526875247814;81
[sample_agent] 6526922934023;82
[sample_agent] 6526970616795;83
[sample_agent] 6526997387494;84
[sample_agent] 6527044849517;85
[sample_agent] 6527092698665;86
[sample_agent] 6527119694877;87
[sample_agent] 6527169369230;88
[sample_agent] 6527214455216;89
[sample_agent] 6527241347850;90
[sample_agent] 6527291413484;91
[sample_agent] 6527337410208;92
[sample_agent] 6527364224365;93
[sample_agent] 6527413575643;94
[sample_agent] 6527459476920;95
[sample_agent] 6527485511892;96
[sample_agent] 6527537826416;97
[sample_agent] 6527581442847;98
[sample_agent] 6527607645119;99
[sample_agent] 6527659205723;100
[sample_agent] MAVLink parameter counter finished at value 100.
