[sample_agent] Waiting for nav pose...
[sample_agent] Waiting for nav pose...
[sample_agent] Demo: Offboard mode using high-level setpoint local with (Forward, Right, Up).
[sample_agent] [battery] Battery getting low: raw=99% voltage=-1V current=-1A
[sample_agent] [battery] Battery getting low: raw=99% voltage=-1V current=-1A
[sample_agent] [battery] Battery getting low: raw=99% voltage=16.145V current=-1A
[sample_agent] [battery] Battery getting low: raw=98% voltage=-1V current=-1A
[sample_agent] [battery] Battery getting low: raw=98% voltage=16.13V current=-1A
[sample_agent] [battery] Battery getting low: raw=97% voltage=-1V current=-1A
[sample_agent] [battery] Battery getting low: raw=97% voltage=16.115V current=-1A
[sample_agent] [battery] Battery getting low: raw=97% voltage=-1V current=-1A
[sample_agent] [battery] Battery getting low: raw=97% voltage=16.1V current=-1A
[sample_agent] [battery] Battery getting low: raw=96% voltage=-1V current=-1A
[sample_agent] [battery] Battery getting low: raw=96% voltage=16.085V current=-1A
[sample_agent] [battery] Battery getting low: raw=95% voltage=-1V current=-1A
[sample_agent] [battery] Battery getting low: raw=95% voltage=16.07V current=-1A
[sample_agent] [battery] Battery getting low: raw=94% voltage=-1V current=-1A
[sample_agent] [battery] Battery getting low: raw=94% voltage=16.055V current=-1A
[sample_agent] [battery] Battery getting low: raw=93% voltage=-1V current=-1A
[sample_agent] [battery] Battery getting low: raw=93% voltage=16.04V current=-1A
[sample_agent] [battery] Battery getting low: raw=93% voltage=-1V current=-1A
[sample_agent] [battery] Battery getting low: raw=92% voltage=16.025V current=-1A
[sample_agent] [battery] Battery getting low: raw=92% voltage=-1V current=-1A
[sample_agent] [battery] Battery getting low: raw=92% voltage=16.01V current=-1A
[sample_agent] [battery] Battery getting low: raw=91% voltage=-1V current=-1A
[sample_agent] [battery] Battery getting low: raw=91% voltage=15.995V current=-1A
[sample_agent] [battery] Battery getting low: raw=90% voltage=-1V current=-1A
[sample_agent] [battery] Battery getting low: raw=90% voltage=15.98V current=-1A
[sample_agent] [battery] Battery getting low: raw=89% voltage=-1V current=-1A
[sample_agent] [battery] Battery getting low: raw=89% voltage=15.965V current=-1A
[sample_agent] [battery] Battery getting low: raw=88% voltage=-1V current=-1A
[sample_agent] [battery] Battery getting low: raw=88% voltage=15.95V current=-1A
[sample_agent] [battery] Battery getting low: raw=88% voltage=-1V current=-1A
[sample_agent] [battery] Battery getting low: raw=87% voltage=15.935V current=-1A
[sample_agent] [battery] Battery getting low: raw=87% voltage=-1V current=-1A
[sample_agent] [battery] Battery getting low: raw=87% voltage=15.92V current=-1A
[sample_agent] [battery] Battery getting low: raw=86% voltage=-1V current=-1A
[sample_agent] [battery] Battery getting low: raw=86% voltage=15.905V current=-1A
[sample_agent] [battery] Battery getting low: raw=85% voltage=-1V current=-1A
[sample_agent] [battery] Battery getting low: raw=85% voltage=15.89V current=-1A
[sample_agent] [battery] Battery getting low: raw=84% voltage=-1V current=-1A
[sample_agent] [battery] Battery getting low: raw=84% voltage=15.875V current=-1A
[sample_agent] [battery] Battery getting low: raw=83% voltage=-1V current=-1A
[sample_agent] [battery] Battery getting low: raw=83% voltage=15.86V current=-1A
[sample_agent] [battery] Battery getting low: raw=83% voltage=-1V current=-1A
[sample_agent] [battery] Battery getting low: raw=82% voltage=15.845V current=-1A
[sample_agent] [battery] Battery getting low: raw=82% voltage=-1V current=-1A
[sample_agent] [battery] Battery getting low: raw=82% voltage=15.83V current=-1A
[sample_agent] [battery] Battery getting low: raw=81% voltage=-1V current=-1A
[sample_agent] [battery] Battery getting low: raw=81% voltage=15.815V current=-1A
[sample_agent] [battery] Battery getting low: raw=80% voltage=-1V current=-1A
[sample_agent] [battery] Battery getting low: raw=80% voltage=15.8V current=-1A
[sample_agent] [battery] Battery getting low: raw=79% voltage=-1V current=-1A
[sample_agent] [battery] Battery getting low: raw=79% voltage=15.785V current=-1A
[sample_agent] [battery] Battery getting low: raw=78% voltage=-1V current=-1A
[sample_agent] [battery] Battery getting low: raw=78% voltage=15.77V current=-1A
[sample_agent] [battery] Battery getting low: raw=78% voltage=-1V current=-1A
[sample_agent] [battery] Battery getting low: raw=77% voltage=15.755V current=-1A
[sample_agent] [battery] Battery getting low: raw=77% voltage=-1V current=-1A
[sample_agent] [battery] Battery getting low: raw=77% voltage=15.74V current=-1A
[sample_agent] [battery] Battery getting low: raw=76% voltage=-1V current=-1A
[sample_agent] [battery] Battery getting low: raw=76% voltage=15.725V current=-1A
[sample_agent] [battery] Battery getting low: raw=75% voltage=-1V current=-1A
[sample_agent] [battery] Battery getting low: raw=75% voltage=15.71V current=-1A
[sample_agent] [battery] Battery getting low: raw=74% voltage=-1V current=-1A
[sample_agent] [battery] Battery getting low: raw=74% voltage=15.695V current=-1A
[sample_agent] [battery] Battery getting low: raw=73% voltage=-1V current=-1A
[sample_agent] [battery] Battery getting low: raw=73% voltage=15.68V current=-1A
[sample_agent] [battery] Battery getting low: raw=73% voltage=-1V current=-1A
[sample_agent] [battery] Battery getting low: raw=72% voltage=15.665V current=-1A
[sample_agent] [battery] Battery getting low: raw=72% voltage=-1V current=-1A
[sample_agent] [battery] Battery getting low: raw=72% voltage=15.65V current=-1A
[sample_agent] [battery] Battery getting low: raw=71% voltage=-1V current=-1A
[sample_agent] [battery] Battery getting low: raw=71% voltage=15.635V current=-1A
[sample_agent] [battery] Battery getting low: raw=70% voltage=-1V current=-1A
[sample_agent] [battery] Battery getting low: raw=70% voltage=15.62V current=-1A
[sample_agent] [battery] Battery getting low: raw=69% voltage=-1V current=-1A
[sample_agent] [battery] Battery getting low: raw=69% voltage=15.605V current=-1A
[sample_agent] [battery] Battery getting low: raw=68% voltage=-1V current=-1A
[sample_agent] [battery] Battery getting low: raw=68% voltage=15.59V current=-1A
[sample_agent] [battery] Battery getting low: raw=68% voltage=-1V current=-1A
[sample_agent] [battery] Battery getting low: raw=67% voltage=15.575V current=-1A
[sample_agent] [battery] Battery getting low: raw=67% voltage=-1V current=-1A
[sample_agent] [battery] Battery getting low: raw=67% voltage=15.56V current=-1A
[sample_agent] [battery] Battery getting low: raw=66% voltage=-1V current=-1A
[sample_agent] [battery] Battery getting low: raw=66% voltage=15.545V current=-1A
[sample_agent] [battery] Battery getting low: raw=65% voltage=-1V current=-1A
[sample_agent] [battery] Battery getting low: raw=65% voltage=15.53V current=-1A
[sample_agent] [battery] Battery getting low: raw=64% voltage=-1V current=-1A
[sample_agent] [battery] Battery getting low: raw=64% voltage=15.515V current=-1A
[sample_agent] [battery] Battery getting low: raw=63% voltage=-1V current=-1A
[sample_agent] [battery] Battery getting low: raw=63% voltage=15.5V current=-1A
[sample_agent] [battery] Battery getting low: raw=63% voltage=-1V current=-1A
[sample_agent] [battery] Battery getting low: raw=62% voltage=15.485V current=-1A
[sample_agent] [battery] Battery getting low: raw=62% voltage=-1V current=-1A
[sample_agent] [battery] Battery getting low: raw=62% voltage=15.47V current=-1A
[sample_agent] [battery] Battery getting low: raw=61% voltage=-1V current=-1A
[sample_agent] [battery] Battery getting low: raw=61% voltage=15.455V current=-1A
[sample_agent] [battery] Battery getting low: raw=60% voltage=-1V current=-1A
[sample_agent] [battery] Battery getting low: raw=60% voltage=15.44V current=-1A
[sample_agent] [battery] Battery getting low: raw=59% voltage=-1V current=-1A
[sample_agent] [battery] Battery getting low: raw=59% voltage=15.425V current=-1A
[sample_agent] [battery] Battery getting low: raw=58% voltage=-1V current=-1A
[sample_agent] [battery] Battery getting low: raw=58% voltage=15.41V current=-1A
[sample_agent] [battery] Battery getting low: raw=58% voltage=-1V current=-1A
[sample_agent] [battery] Battery getting low: raw=57% voltage=15.395V current=-1A
[sample_agent] [battery] Battery getting low: raw=57% voltage=-1V current=-1A
[sample_agent] [battery] Battery getting low: raw=57% voltage=15.38V current=-1A
[sample_agent] [battery] Battery getting low: raw=56% voltage=-1V current=-1A
[sample_agent] Returning to launch and finishing flight.
[sample_agent] [battery] Battery getting low: raw=56% voltage=15.365V current=-1A
[sample_agent] [battery] Battery getting low: raw=55% voltage=-1V current=-1A
[sample_agent] [battery] Battery getting low: raw=55% voltage=15.35V current=-1A
[sample_agent] [battery] Battery getting low: raw=54% voltage=-1V current=-1A
[sample_agent] [battery] Battery getting low: raw=54% voltage=15.335V current=-1A
[sample_agent] [battery] Battery getting low: raw=53% voltage=-1V current=-1A
[sample_agent] [battery] Battery getting low: raw=53% voltage=15.32V current=-1A
[sample_agent] [battery] Battery getting low: raw=53% voltage=-1V current=-1A
[sample_agent] [battery] Battery getting low: raw=52% voltage=15.305V current=-1A
[sample_agent] [battery] Battery getting low: raw=52% voltage=-1V current=-1A
[sample_agent] [battery] Battery getting low: raw=52% voltage=15.3V current=-1A
[sample_agent] [battery] Battery getting low: raw=51% voltage=-1V current=-1A
[sample_agent] [battery] Battery getting low: raw=51% voltage=15.3V current=-1A
[sample_agent] [battery] Battery getting low: raw=51% voltage=-1V current=-1A
[sample_agent] [battery] Battery getting low: raw=51% voltage=15.3V current=-1A
[sample_agent] [battery] Battery getting low: raw=50% voltage=-1V current=-1A
[sample_agent] [battery] Battery getting low: raw=51% voltage=15.3V current=-1A
[sample_agent] [battery] Battery getting low: raw=50% voltage=-1V current=-1A
[sample_agent] [battery] Battery getting low: raw=51% voltage=15.3V current=-1A
[sample_agent] [battery] Battery getting low: raw=50% voltage=-1V current=-1A
[sample_agent] [battery] Battery getting low: raw=51% voltage=15.3V current=-1A
[sample_agent] [battery] Battery getting low: raw=50% voltage=-1V current=-1A
[sample_agent] [battery] Battery getting low: raw=51% voltage=15.3V current=-1A
[sample_agent] [battery] Battery getting low: raw=50% voltage=-1V current=-1A
[sample_agent] [battery] Battery getting low: raw=51% voltage=15.3V current=-1A
[sample_agent] [battery] Battery getting low: raw=50% voltage=-1V current=-1A
[sample_agent] [battery] Battery getting low: raw=51% voltage=15.3V current=-1A
[sample_agent] [battery] Battery getting low: raw=50% voltage=-1V current=-1A
[sample_agent] [battery] Battery getting low: raw=51% voltage=15.3V current=-1A
[sample_agent] [battery] Battery getting low: raw=50% voltage=-1V current=-1A
[sample_agent] [battery] Battery getting low: raw=51% voltage=15.3V current=-1A
[sample_agent] [battery] Battery getting low: raw=50% voltage=-1V current=-1A
[sample_agent] [battery] Battery getting low: raw=51% voltage=15.3V current=-1A
[sample_agent] [battery] Battery getting low: raw=50% voltage=-1V current=-1A
[sample_agent] [battery] Battery getting low: raw=51% voltage=15.3V current=-1A
[sample_agent] [battery] Battery getting low: raw=50% voltage=-1V current=-1A
[sample_agent] [battery] Battery getting low: raw=51% voltage=15.3V current=-1A
[sample_agent] [battery] Battery getting low: raw=50% voltage=-1V current=-1A
[sample_agent] [battery] Battery getting low: raw=51% voltage=15.3V current=-1A
[sample_agent] [battery] Battery getting low: raw=50% voltage=-1V current=-1A
[sample_agent] [battery] Battery getting low: raw=51% voltage=15.3V current=-1A
[sample_agent] [battery] Battery getting low: raw=50% voltage=-1V current=-1A
[sample_agent] [battery] Battery getting low: raw=51% voltage=15.3V current=-1A
[sample_agent] [battery] Battery getting low: raw=50% voltage=-1V current=-1A
[sample_agent] [battery] Battery getting low: raw=51% voltage=15.3V current=-1A
[sample_agent] [battery] Battery getting low: raw=50% voltage=-1V current=-1A
[sample_agent] [battery] Battery getting low: raw=51% voltage=15.3V current=-1A
[sample_agent] [battery] Battery getting low: raw=50% voltage=-1V current=-1A
[sample_agent] [battery] Battery getting low: raw=51% voltage=15.3V current=-1A
[sample_agent] [battery] Battery getting low: raw=50% voltage=-1V current=-1A
[sample_agent] [battery] Battery getting low: raw=51% voltage=15.3V current=-1A
[sample_agent] [battery] Battery getting low: raw=50% voltage=-1V current=-1A
[sample_agent] [battery] Battery getting low: raw=51% voltage=15.3V current=-1A
[sample_agent] [battery] Battery getting low: raw=50% voltage=-1V current=-1A
[sample_agent] [battery] Battery getting low: raw=63% voltage=16.2V current=-1A
[sample_agent] [battery] Battery getting low: raw=68% voltage=-1V current=-1A
[sample_agent] [battery] Battery getting low: raw=77% voltage=16.2V current=-1A
[sample_agent] [battery] Battery getting low: raw=81% voltage=-1V current=-1A
[sample_agent] [battery] Battery getting low: raw=87% voltage=16.2V current=-1A
[sample_agent] [battery] Battery getting low: raw=88% voltage=-1V current=-1A
[sample_agent] [battery] Battery getting low: raw=92% voltage=16.2V current=-1A
[sample_agent] [battery] Battery getting low: raw=93% voltage=-1V current=-1A
[sample_agent] [battery] Battery getting low: raw=95% voltage=16.2V current=-1A
[sample_agent] [battery] Battery getting low: raw=96% voltage=-1V current=-1A
[sample_agent] [battery] Battery getting low: raw=97% voltage=16.2V current=-1A
[sample_agent] [battery] Battery getting low: raw=97% voltage=-1V current=-1A
[sample_agent] [battery] Battery getting low: raw=99% voltage=16.2V current=-1A
[sample_agent] [battery] Battery getting low: raw=98% voltage=-1V current=-1A
[sample_agent] [battery] Battery getting low: raw=99% voltage=16.2V current=-1A
[sample_agent] [battery] Battery getting low: raw=99% voltage=-1V current=-1A
[sample_agent] [battery] Battery getting low: raw=99% voltage=-1V current=-1A
