[sample_agent] Starting direct MAVLink parameter counter at 1.
[sample_agent] 10358971983607;1
[sample_agent] 10359100822436;2
[sample_agent] 10359232062341;3
[sample_agent] 10359357945515;4
[sample_agent] 10359482010406;5
[sample_agent] 10359612334785;6
[sample_agent] 10359735302618;7
[sample_agent] 10359864249377;8
[sample_agent] 10359989964899;9
[sample_agent] 10360116205122;10
[sample_agent] 10360172117752;11
[sample_agent] 10360240570586;12
[sample_agent] 10360296934779;13
[sample_agent] 10360374516346;14
[sample_agent] 10360421122396;15
[sample_agent] 10360499565586;16
[sample_agent] 10360515416043;17
[sample_agent] 10360553526469;18
[sample_agent] 10360635975543;19
[sample_agent] 10360676552240;20
[sample_agent] 10360766944296;21
[sample_agent] 10360805254589;22
[sample_agent] 10360889749712;23
[sample_agent] 10360929874760;24
[sample_agent] 10361014700082;25
[sample_agent] 10361057469081;26
[sample_agent] 10361113165941;27
[sample_agent] 10361138372748;28
[sample_agent] 10361180281882;29
[sample_agent] 10361236642638;30
[sample_agent] 10361242883484;31
[sample_agent] 10361268058335;32
[sample_agent] 10361305455959;33
[sample_agent] 10361364525095;34
[sample_agent] 10361370899077;35
[sample_agent] 10361392549935;36
[sample_agent] 10361427141515;37
[sample_agent] 10361488483228;38
[sample_agent] 10361517526354;39
[sample_agent] 10361550499845;40
[sample_agent] 10361616164480;41
[sample_agent] 10361639985239;42
[sample_agent] 10361674810900;43
[sample_agent] 10361739272722;44
[sample_agent] 10361761587644;45
[sample_agent] 10361798502066;46
[sample_agent] 10361864593785;47
[sample_agent] 10361884121306;48
[sample_agent] 10361920843901;49
[sample_agent] 10361986455983;50
[sample_agent] 10362005716941;51
[sample_agent] 10362042908116;52
[sample_agent] 10362109743076;53
[sample_agent] 10362128131319;54
[sample_agent] 10362166561986;55
[sample_agent] 10362231295767;56
[sample_agent] 10362251350897;57
[sample_agent] 10362288821371;58
[sample_agent] 10362353223397;59
[sample_agent] 10362373351133;60
[sample_agent] 10362412411593;61
[sample_agent] 10362476034257;62
[sample_agent] 10362496047842;63
[sample_agent] 10362536149268;64
[sample_agent] 10362604033285;65
[sample_agent] 10362620458091;66
[sample_agent] 10362659508698;67
[sample_agent] 10362726183451;68
[sample_agent] 10362744409264;69
[sample_agent] 10362786680727;70
[sample_agent] 10362849879937;71
[sample_agent] 10362872174516;72
[sample_agent] 10362910486936;73
[sample_agent] 10362971369805;74
[sample_agent] 10362994385838;75
[sample_agent] 10363031871855;76
[sample_agent] 10363094968984;77
[sample_agent] 10363123166372;78
[sample_agent] 10363155646945;79
[sample_agent] 10363218939056;80
[sample_agent] 10363249599303;81
[sample_agent] 10363279468343;82
[sample_agent] 10363342673973;83
[sample_agent] 10363370999660;84
[sample_agent] 10363402177212;85
[sample_agent] 10363465129202;86
[sample_agent] 10363493348606;87
[sample_agent] 10363524905782;88
[sample_agent] 10363576821260;89
[sample_agent] 10363586521231;90
[sample_agent] 10363615945680;91
[sample_agent] 10363647986029;92
[sample_agent] 10363700440721;93
[sample_agent] 10363708041856;94
[sample_agent] 10363738428989;95
[sample_agent] 10363770284549;96
[sample_agent] 10363824249961;97
[sample_agent] 10363830685769;98
[sample_agent] 10363862400066;99
[sample_agent] 10363892910178;100
[sample_agent] MAVLink parameter counter finished at value 100.
