[sample_agent] Starting direct MAVLink parameter counter at 1.
[sample_agent] 7572653890025;1
[sample_agent] 7572778034779;2
[sample_agent] 7572906419092;3
[sample_agent] 7573035313298;4
[sample_agent] 7573164814289;5
[sample_agent] 7573294290522;6
[sample_agent] 7573423388278;7
[sample_agent] 7573549310732;8
[sample_agent] 7573673681535;9
[sample_agent] 7573806331417;10
[sample_agent] 7573932882523;11
[sample_agent] 7574063421642;12
[sample_agent] 7574188374586;13
[sample_agent] 7574191101675;14
[sample_agent] 7574311303738;15
[sample_agent] 7574319759720;16
[sample_agent] 7574373769833;17
[sample_agent] 7574439322302;18
[sample_agent] 7574494549846;19
[sample_agent] 7574548948634;20
[sample_agent] 7574567495664;21
[sample_agent] 7574618894480;22
[sample_agent] 7574672573661;23
[sample_agent] 7574690945469;24
[sample_agent] 7574746208204;25
[sample_agent] 7574798360201;26
[sample_agent] 7574814436261;27
[sample_agent] 7574869898903;28
[sample_agent] 7574927798713;29
[sample_agent] 7574939748310;30
[sample_agent] 7574993594190;31
[sample_agent] 7574998902609;32
[sample_agent] 7575051131635;33
[sample_agent] 7575062696147;34
[sample_agent] 7575119346586;35
[sample_agent] 7575127410807;36
[sample_agent] 7575174674685;37
[sample_agent] 7575186271730;38
[sample_agent] 7575244608587;39
[sample_agent] 7575250597923;40
[sample_agent] 7575302637386;41
[sample_agent] 7575311782884;42
[sample_agent] 7575366541236;43
[sample_agent] 7575372940937;44
[sample_agent] 7575427976662;45
[sample_agent] 7575434633114;46
[sample_agent] 7575489182290;47
[sample_agent] 7575496082651;48
[sample_agent] 7575550057569;49
[sample_agent] 7575557932727;50
[sample_agent] 7575611747849;51
[sample_agent] 7575617751870;52
[sample_agent] 7575672270091;53
[sample_agent] 7575683814239;54
[sample_agent] 7575734957812;55
[sample_agent] 7575742634155;56
[sample_agent] 7575793824602;57
[sample_agent] 7575806200521;58
[sample_agent] 7575858855158;59
[sample_agent] 7575865137273;60
[sample_agent] 7575916877355;61
[sample_agent] 7575927573455;62
[sample_agent] 7575980321061;63
[sample_agent] 7575988136799;64
[sample_agent] 7576043152064;65
[sample_agent] 7576050484065;66
[sample_agent] 7576102716085;67
[sample_agent] 7576110769186;68
[sample_agent] 7576165500876;69
[sample_agent] 7576225769331;70
[sample_agent] 7576236243505;71
[sample_agent] 7576288435334;72
[sample_agent] 7576347413222;73
[sample_agent] 7576360328990;74
[sample_agent] 7576409802257;75
[sample_agent] 7576469406163;76
[sample_agent] 7576481678688;77
[sample_agent] 7576532409700;78
[sample_agent] 7576593353255;79
[sample_agent] 7576605872245;80
[sample_agent] 7576654890206;81
[sample_agent] 7576716059943;82
[sample_agent] 7576727320739;83
[sample_agent] 7576777723613;84
[sample_agent] 7576837587589;85
[sample_agent] 7576849709571;86
[sample_agent] 7576901359947;87
[sample_agent] 7576962280397;88
[sample_agent] 7576972960059;89
[sample_agent] 7576976163954;90
[sample_agent] 7576981932407;91
[sample_agent] 7577025013350;92
[sample_agent] 7577084610935;93
[sample_agent] 7577096823977;94
[sample_agent] 7577146748004;95
[sample_agent] 7577206152518;96
[sample_agent] 7577223054258;97
[sample_agent] 7577225897577;98
[sample_agent] 7577229511873;99
[sample_agent] 7577231298036;100
[sample_agent] MAVLink parameter counter finished at value 100.
