[sample_agent] Starting direct MAVLink parameter counter at 1.
[sample_agent] 6409583314444;1
[sample_agent] 6409710866697;2
[sample_agent] 6409844652828;3
[sample_agent] 6409901839369;4
[sample_agent] 6409971543001;5
[sample_agent] 6410025323569;6
[sample_agent] 6410100532142;7
[sample_agent] 6410151119828;8
[sample_agent] 6410156317295;9
[sample_agent] 6410224186379;10
[sample_agent] 6410277747324;11
[sample_agent] 6410282989785;12
[sample_agent] 6410339583781;13
[sample_agent] 6410350248692;14
[sample_agent] 6410403927855;15
[sample_agent] 6410466041001;16
[sample_agent] 6410481827474;17
[sample_agent] 6410534536768;18
[sample_agent] 6410588875716;19
[sample_agent] 6410602039696;20
[sample_agent] 6410657288075;21
[sample_agent] 6410664182407;22
[sample_agent] 6410711133388;23
[sample_agent] 6410728529297;24
[sample_agent] 6410784859184;25
[sample_agent] 6410791422562;26
[sample_agent] 6410803111624;27
[sample_agent] 6410836055147;28
[sample_agent] 6410850936395;29
[sample_agent] 6410913750109;30
[sample_agent] 6410925961260;31
[sample_agent] 6410960900050;32
[sample_agent] 6410974929268;33
[sample_agent] 6411040860720;34
[sample_agent] 6411047420555;35
[sample_agent] 6411088720966;36
[sample_agent] 6411100106477;37
[sample_agent] 6411163113772;38
[sample_agent] 6411173455663;39
[sample_agent] 6411215336964;40
[sample_agent] 6411226275708;41
[sample_agent] 6411288537606;42
[sample_agent] 6411345172889;43
[sample_agent] 6411351827558;44
[sample_agent] 6411355596864;45
[sample_agent] 6411414209766;46
[sample_agent] 6411466801784;47
[sample_agent] 6411477517745;48
[sample_agent] 6411483860130;49
[sample_agent] 6411535723315;50
[sample_agent] 6411589570336;51
[sample_agent] 6411606735197;52
[sample_agent] 6411661510789;53
[sample_agent] 6411715912648;54
[sample_agent] 6411740916794;55
[sample_agent] 6411785087781;56
[sample_agent] 6411841069607;57
[sample_agent] 6411850966131;58
[sample_agent] 6411860345459;59
[sample_agent] 6411906691285;60
[sample_agent] 6411971940778;61
[sample_agent] 6411982034207;62
[sample_agent] 6412033143260;63
[sample_agent] 6412093452872;64
[sample_agent] 6412107434860;65
[sample_agent] 6412156752416;66
[sample_agent] 6412159410074;67
[sample_agent] 6412218404792;68
[sample_agent] 6412234382692;69
[sample_agent] 6412279771511;70
[sample_agent] 6412284091497;71
[sample_agent] 6412341314254;72
[sample_agent] 6412358977676;73
[sample_agent] 6412402143205;74
[sample_agent] 6412461170158;75
[sample_agent] 6412480263623;76
[sample_agent] 6412528270791;77
[sample_agent] 6412584406821;78
[sample_agent] 6412603471759;79
[sample_agent] 6412653236542;80
[sample_agent] 6412706144520;81
[sample_agent] 6412726541566;82
[sample_agent] 6412779748895;83
[sample_agent] 6412830406530;84
[sample_agent] 6412848322660;85
[sample_agent] 6412905734051;86
[sample_agent] 6412951749776;87
[sample_agent] 6412955262089;88
[sample_agent] 6412957298812;89
[sample_agent] 6412971228243;90
[sample_agent] 6413027706422;91
[sample_agent] 6413075577477;92
[sample_agent] 6413079960828;93
[sample_agent] 6413093347448;94
[sample_agent] 6413149308519;95
[sample_agent] 6413199519831;96
[sample_agent] 6413202036135;97
[sample_agent] 6413217132939;98
[sample_agent] 6413271566277;99
[sample_agent] 6413323597069;100
[sample_agent] MAVLink parameter counter finished at value 100.
