[sample_agent] Starting direct MAVLink parameter counter at 1.
[sample_agent] 6810365854008;1
[sample_agent] 6810488982834;2
[sample_agent] 6810614218996;3
[sample_agent] 6810742660514;4
[sample_agent] 6810865863642;5
[sample_agent] 6810989271675;6
[sample_agent] 6811112770310;7
[sample_agent] 6811237845198;8
[sample_agent] 6811366680030;9
[sample_agent] 6811491776947;10
[sample_agent] 6811617994074;11
[sample_agent] 6811739754300;12
[sample_agent] 6811861715754;13
[sample_agent] 6811985063450;14
[sample_agent] 6812108164064;15
[sample_agent] 6812233513140;16
[sample_agent] 6812355405341;17
[sample_agent] 6812363309687;18
[sample_agent] 6812481739365;19
[sample_agent] 6812490366056;20
[sample_agent] 6812604219750;21
[sample_agent] 6812613986437;22
[sample_agent] 6812727601951;23
[sample_agent] 6812738031399;24
[sample_agent] 6812849714435;25
[sample_agent] 6812859780717;26
[sample_agent] 6812973243508;27
[sample_agent] 6812981503755;28
[sample_agent] 6812985432990;29
[sample_agent] 6813098638921;30
[sample_agent] 6813107522507;31
[sample_agent] 6813161388336;32
[sample_agent] 6813221977781;33
[sample_agent] 6813233181258;34
[sample_agent] 6813284288984;35
[sample_agent] 6813344594150;36
[sample_agent] 6813355215481;37
[sample_agent] 6813405925449;38
[sample_agent] 6813471548940;39
[sample_agent] 6813477508899;40
[sample_agent] 6813530980838;41
[sample_agent] 6813593515516;42
[sample_agent] 6813601689939;43
[sample_agent] 6813652490848;44
[sample_agent] 6813655280231;45
[sample_agent] 6813717762278;46
[sample_agent] 6813727206408;47
[sample_agent] 6813775849724;48
[sample_agent] 6813777736545;49
[sample_agent] 6813830623246;50
[sample_agent] 6813840713520;51
[sample_agent] 6813851266028;52
[sample_agent] 6813898190297;53
[sample_agent] 6813952236191;54
[sample_agent] 6813963408267;55
[sample_agent] 6813976131476;56
[sample_agent] 6814019933143;57
[sample_agent] 6814073959784;58
[sample_agent] 6814084789986;59
[sample_agent] 6814099676258;60
[sample_agent] 6814143545925;61
[sample_agent] 6814195390457;62
[sample_agent] 6814207480405;63
[sample_agent] 6814227527543;64
[sample_agent] 6814267402191;65
[sample_agent] 6814318530910;66
[sample_agent] 6814329073193;67
[sample_agent] 6814352141018;68
[sample_agent] 6814389520095;69
[sample_agent] 6814440799839;70
[sample_agent] 6814443645324;71
[sample_agent] 6814451586043;72
[sample_agent] 6814475402454;73
[sample_agent] 6814512081713;74
[sample_agent] 6814566147992;75
[sample_agent] 6814597432243;76
[sample_agent] 6814633416491;77
[sample_agent] 6814691632254;78
[sample_agent] 6814720748718;79
[sample_agent] 6814756269949;80
[sample_agent] 6814813210620;81
[sample_agent] 6814842903736;82
[sample_agent] 6814880091525;83
[sample_agent] 6814936385501;84
[sample_agent] 6814965239778;85
[sample_agent] 6815001509099;86
[sample_agent] 6815064531327;87
[sample_agent] 6815086986289;88
[sample_agent] 6815124366860;89
[sample_agent] 6815178202693;90
[sample_agent] 6815186661822;91
[sample_agent] 6815208956129;92
[sample_agent] 6815247101740;93
[sample_agent] 6815299824037;94
[sample_agent] 6815308188996;95
[sample_agent] 6815331153999;96
[sample_agent] 6815369928312;97
[sample_agent] 6815425632168;98
[sample_agent] 6815430538025;99
[sample_agent] 6815452917035;100
[sample_agent] MAVLink parameter counter finished at value 100.
