[ardupilot] Starting MAVLink flight + ACK-driven camera capture demo.
[ardupilot] Takeoff command sent to 3m.
[ardupilot] Beginning 20 ACK-driven captures.
[ardupilot] Example 5 ACK accepted at stamp=10437270300452 from sys=1 comp=1 for iteration 1 of 20.
[ardupilot] Example 5 ACK accepted at stamp=10437531117957 from sys=1 comp=1 for iteration 2 of 20.
[ardupilot] Example 5 ACK accepted at stamp=10437721733310 from sys=1 comp=1 for iteration 3 of 20.
[ardupilot] Example 5 ACK accepted at stamp=10438081348114 from sys=1 comp=1 for iteration 4 of 20.
[ardupilot] Example 5 ACK accepted at stamp=10438536336754 from sys=1 comp=1 for iteration 5 of 20.
[ardupilot] Example 5 ACK accepted at stamp=10439106980723 from sys=1 comp=1 for iteration 6 of 20.
[ardupilot] Example 5 ACK accepted at stamp=10439768902464 from sys=1 comp=1 for iteration 7 of 20.
[ardupilot] Example 5 ACK accepted at stamp=10440531236220 from sys=1 comp=1 for iteration 8 of 20.
[ardupilot] Example 5 ACK accepted at stamp=10441390190877 from sys=1 comp=1 for iteration 9 of 20.
[ardupilot] Example 5 ACK accepted at stamp=10442361271347 from sys=1 comp=1 for iteration 10 of 20.
[ardupilot] Example 5 ACK accepted at stamp=10443432311342 from sys=1 comp=1 for iteration 11 of 20.
[ardupilot] Example 5 ACK accepted at stamp=10444520125056 from sys=1 comp=1 for iteration 12 of 20.
[ardupilot] Example 5 ACK accepted at stamp=10445572394605 from sys=1 comp=1 for iteration 13 of 20.
[ardupilot] Example 5 ACK accepted at stamp=10446688961807 from sys=1 comp=1 for iteration 14 of 20.
[ardupilot] Example 5 ACK accepted at stamp=10447695981263 from sys=1 comp=1 for iteration 15 of 20.
[ardupilot] Example 5 ACK accepted at stamp=10448767591604 from sys=1 comp=1 for iteration 16 of 20.
[ardupilot] Example 5 ACK accepted at stamp=10449826185294 from sys=1 comp=1 for iteration 17 of 20.
[ardupilot] Example 5 ACK accepted at stamp=10450900290896 from sys=1 comp=1 for iteration 18 of 20.
[ardupilot] Example 5 ACK accepted at stamp=10451957874332 from sys=1 comp=1 for iteration 19 of 20.
[ardupilot] Example 5 ACK accepted at stamp=10453038716082 from sys=1 comp=1 for iteration 20 of 20.
[ardupilot] Example 5 finished at stamp=10453038716082
[ardupilot] Landing after capture sequence.
