[ardupilot] Time1: 35957051368427
[ardupilot] Requested LOCAL_POSITION_NED and ATTITUDE streams.
[ardupilot] [LOCAL_POSITION_NED] x=0 y=0 z_ned=-0.19 alt=0.19
[ardupilot] ArduPilot GUIDED - using body-offset setpoint_local(Forward, Right, Up).
[ardupilot] [LOCAL_POSITION_NED] x=0 y=0 z_ned=-0.19 alt=0.19
[ardupilot] Taking off to 2m and waiting for altitude to stabilize...
[ardupilot] [LOCAL_POSITION_NED] x=0 y=0 z_ned=-0.19 alt=0.19
[ardupilot] [LOCAL_POSITION_NED] x=0 y=0 z_ned=-0.19 alt=0.19
[ardupilot] [LOCAL_POSITION_NED] x=0 y=0 z_ned=-0.19 alt=0.19
[ardupilot] [LOCAL_POSITION_NED] x=0 y=0 z_ned=-0.19 alt=0.19
[ardupilot] [LOCAL_POSITION_NED] x=0 y=0 z_ned=-0.41 alt=0.41
[ardupilot] Locked setpoint_local reference yaw after takeoff.
[ardupilot] Command: move 2 m forward.
[ardupilot] [LOCAL_POSITION_NED] x=0.05565942 y=0.009078042 z_ned=-1.82 alt=1.82
[ardupilot] [LOCAL_POSITION_NED] x=2.215245 y=0 z_ned=-2.09 alt=2.09
[ardupilot] [LOCAL_POSITION_NED] x=1.9480798 y=0 z_ned=-0.92 alt=0.92
[ardupilot] Command: move 2 m backward to return.
[ardupilot] [LOCAL_POSITION_NED] x=1.7031783 y=0.009078042 z_ned=-0.82 alt=0.82
[ardupilot] [LOCAL_POSITION_NED] x=-0.17811015 y=0 z_ned=-0.84 alt=0.84
[ardupilot] [LOCAL_POSITION_NED] x=0 y=0 z_ned=-0.83 alt=0.83
[ardupilot] Command: move 2 m right.
[ardupilot] [LOCAL_POSITION_NED] x=-0.11131884 y=0.6990092 z_ned=-0.82 alt=0.82
[ardupilot] [LOCAL_POSITION_NED] x=-0.044527538 y=1.9245448 z_ned=-0.83 alt=0.83
[ardupilot] [LOCAL_POSITION_NED] x=-0.044527538 y=1.9880911 z_ned=-0.83 alt=0.83
[ardupilot] Command: move 2 m left to return.
[ardupilot] [LOCAL_POSITION_NED] x=-0.044527538 y=1.2255356 z_ned=-0.82 alt=0.82
[ardupilot] [LOCAL_POSITION_NED] x=-0.044527538 y=0.090780415 z_ned=-0.83 alt=0.83
[ardupilot] [LOCAL_POSITION_NED] x=-0.044527538 y=0.036312167 z_ned=-0.83 alt=0.83
[ardupilot] Command: move 2 m left.
[ardupilot] [LOCAL_POSITION_NED] x=-0.044527538 y=-0.98950654 z_ned=-0.82 alt=0.82
[ardupilot] [LOCAL_POSITION_NED] x=-0.044527538 y=-1.9063888 z_ned=-0.83 alt=0.83
[ardupilot] [LOCAL_POSITION_NED] x=-0.044527538 y=-2.006247 z_ned=-0.83 alt=0.83
[ardupilot] Command: move 2 m right to return.
[ardupilot] [LOCAL_POSITION_NED] x=-0.044527538 y=-1.2709258 z_ned=-0.81 alt=0.81
[ardupilot] [LOCAL_POSITION_NED] x=-0.044527538 y=-0.099858455 z_ned=-0.82 alt=0.82
[ardupilot] [LOCAL_POSITION_NED] x=-0.044527538 y=-0.036312167 z_ned=-0.82 alt=0.82
[ardupilot] Command: move 2 m backward.
[ardupilot] [LOCAL_POSITION_NED] x=-0.89055073 y=0 z_ned=-0.81 alt=0.81
[ardupilot] [LOCAL_POSITION_NED] x=-1.9592117 y=-0.018156081 z_ned=-0.82 alt=0.82
[ardupilot] [LOCAL_POSITION_NED] x=-2.0482666 y=-0.009078041 z_ned=-0.82 alt=0.82
[ardupilot] Command: move 2 m forward to return.
[ardupilot] [LOCAL_POSITION_NED] x=-1.2356392 y=-0.009078041 z_ned=-0.81 alt=0.81
[ardupilot] [LOCAL_POSITION_NED] x=-0.1447145 y=-0.009078042 z_ned=-0.82 alt=0.82
[ardupilot] [LOCAL_POSITION_NED] x=-0.07792319 y=-0.009078042 z_ned=-0.82 alt=0.82
[ardupilot] Time2: 36060277897313
[ardupilot] Landing and finishing GUIDED high-level LAND demo.
[ardupilot] [LOCAL_POSITION_NED] x=-0.044527538 y=-0.009078042 z_ned=-0.46 alt=0.46
[ardupilot] [LOCAL_POSITION_NED] x=-0.06679131 y=-0.009078042 z_ned=-0.19 alt=0.19
[ardupilot] [LOCAL_POSITION_NED] x=-0.06679131 y=-0.009078042 z_ned=-0.19 alt=0.19
[ardupilot] [LOCAL_POSITION_NED] x=-0.06679131 y=-0.009078042 z_ned=-0.19 alt=0.19
[ardupilot] [LOCAL_POSITION_NED] x=-0.06679131 y=-0.009078042 z_ned=-0.19 alt=0.19
[ardupilot] [LOCAL_POSITION_NED] x=-0.06679131 y=-0.009078042 z_ned=-0.19 alt=0.19
[ardupilot] [LOCAL_POSITION_NED] x=-0.06679131 y=-0.009078042 z_ned=-0.19 alt=0.19
[ardupilot] [LOCAL_POSITION_NED] x=-0.06679131 y=-0.009078042 z_ned=-0.19 alt=0.19
[ardupilot] [LOCAL_POSITION_NED] x=-0.06679131 y=-0.009078042 z_ned=-0.19 alt=0.19
[ardupilot] [LOCAL_POSITION_NED] x=-0.06679131 y=-0.009078042 z_ned=-0.19 alt=0.19
[ardupilot] [LOCAL_POSITION_NED] x=-0.06679131 y=-0.009078042 z_ned=-0.19 alt=0.19
[ardupilot] [LOCAL_POSITION_NED] x=-0.06679131 y=-0.009078042 z_ned=-0.19 alt=0.19
[ardupilot] [LOCAL_POSITION_NED] x=-0.06679131 y=-0.009078042 z_ned=-0.19 alt=0.19
[ardupilot] [LOCAL_POSITION_NED] x=-0.06679131 y=-0.009078042 z_ned=-0.19 alt=0.19
[ardupilot] [LOCAL_POSITION_NED] x=-0.06679131 y=-0.009078042 z_ned=-0.19 alt=0.19
