[sample_agent] Starting direct MAVLink parameter counter at 1.
[sample_agent] 6751746821951;1
[sample_agent] 6751870030344;2
[sample_agent] 6751997514858;3
[sample_agent] 6752122099794;4
[sample_agent] 6752244458717;5
[sample_agent] 6752373493522;6
[sample_agent] 6752496565306;7
[sample_agent] 6752630038844;8
[sample_agent] 6752763061707;9
[sample_agent] 6752884842097;10
[sample_agent] 6753007691368;11
[sample_agent] 6753063175950;12
[sample_agent] 6753134042223;13
[sample_agent] 6753195771046;14
[sample_agent] 6753260782711;15
[sample_agent] 6753322308315;16
[sample_agent] 6753385650133;17
[sample_agent] 6753401491541;18
[sample_agent] 6753449452483;19
[sample_agent] 6753519361832;20
[sample_agent] 6753574621457;21
[sample_agent] 6753651972144;22
[sample_agent] 6753658941432;23
[sample_agent] 6753698426606;24
[sample_agent] 6753781564745;25
[sample_agent] 6753826665232;26
[sample_agent] 6753913559454;27
[sample_agent] 6753948498622;28
[sample_agent] 6754038836646;29
[sample_agent] 6754070811359;30
[sample_agent] 6754077058942;31
[sample_agent] 6754085313180;32
[sample_agent] 6754164309788;33
[sample_agent] 6754199599172;34
[sample_agent] 6754208163604;35
[sample_agent] 6754223364370;36
[sample_agent] 6754291766957;37
[sample_agent] 6754323632303;38
[sample_agent] 6754332683150;39
[sample_agent] 6754351940135;40
[sample_agent] 6754418505740;41
[sample_agent] 6754446217487;42
[sample_agent] 6754455270978;43
[sample_agent] 6754457457371;44
[sample_agent] 6754474533787;45
[sample_agent] 6754540861099;46
[sample_agent] 6754570333445;47
[sample_agent] 6754577812439;48
[sample_agent] 6754596883850;49
[sample_agent] 6754663474264;50
[sample_agent] 6754692507586;51
[sample_agent] 6754700446914;52
[sample_agent] 6754719653488;53
[sample_agent] 6754785985353;54
[sample_agent] 6754816947486;55
[sample_agent] 6754821831056;56
[sample_agent] 6754844035765;57
[sample_agent] 6754912355487;58
[sample_agent] 6754942148972;59
[sample_agent] 6754971783102;60
[sample_agent] 6754978037686;61
[sample_agent] 6754984721922;62
[sample_agent] 6755037957112;63
[sample_agent] 6755070248152;64
[sample_agent] 6755098537467;65
[sample_agent] 6755107931088;66
[sample_agent] 6755114645547;67
[sample_agent] 6755161840357;68
[sample_agent] 6755200234351;69
[sample_agent] 6755223606841;70
[sample_agent] 6755240983562;71
[sample_agent] 6755286979304;72
[sample_agent] 6755321558630;73
[sample_agent] 6755347087572;74
[sample_agent] 6755363032993;75
[sample_agent] 6755411048217;76
[sample_agent] 6755443778601;77
[sample_agent] 6755470457520;78
[sample_agent] 6755486296048;79
[sample_agent] 6755532361755;80
[sample_agent] 6755566326795;81
[sample_agent] 6755593705611;82
[sample_agent] 6755609603924;83
[sample_agent] 6755654701657;84
[sample_agent] 6755657487781;85
[sample_agent] 6755688450749;86
[sample_agent] 6755715568420;87
[sample_agent] 6755731133170;88
[sample_agent] 6755780783872;89
[sample_agent] 6755810274158;90
[sample_agent] 6755840153369;91
[sample_agent] 6755856520829;92
[sample_agent] 6755902833265;93
[sample_agent] 6755907421234;94
[sample_agent] 6755931666244;95
[sample_agent] 6755964090413;96
[sample_agent] 6755977781754;97
[sample_agent] 6756024403686;98
[sample_agent] 6756028959847;99
[sample_agent] 6756055202008;100
[sample_agent] MAVLink parameter counter finished at value 100.
