[sample_agent] Starting direct MAVLink parameter counter at 1.
[sample_agent] 6581027495543;1
[sample_agent] 6581038442316;2
[sample_agent] 6581158197728;3
[sample_agent] 6581213897468;4
[sample_agent] 6581283050928;5
[sample_agent] 6581338113687;6
[sample_agent] 6581411882966;7
[sample_agent] 6581461030744;8
[sample_agent] 6581539546531;9
[sample_agent] 6581588052145;10
[sample_agent] 6581663445320;11
[sample_agent] 6581710667875;12
[sample_agent] 6581793830462;13
[sample_agent] 6581832588992;14
[sample_agent] 6581922764473;15
[sample_agent] 6581954737208;16
[sample_agent] 6582053615460;17
[sample_agent] 6582077864057;18
[sample_agent] 6582178187999;19
[sample_agent] 6582207195924;20
[sample_agent] 6582301521371;21
[sample_agent] 6582335358171;22
[sample_agent] 6582426252057;23
[sample_agent] 6582457995714;24
[sample_agent] 6582553756450;25
[sample_agent] 6582581431578;26
[sample_agent] 6582584545342;27
[sample_agent] 6582677843661;28
[sample_agent] 6582706602631;29
[sample_agent] 6582709683046;30
[sample_agent] 6582802197225;31
[sample_agent] 6582809569328;32
[sample_agent] 6582828544058;33
[sample_agent] 6582889838937;34
[sample_agent] 6582930276897;35
[sample_agent] 6582941213310;36
[sample_agent] 6582961425503;37
[sample_agent] 6583015194376;38
[sample_agent] 6583054430882;39
[sample_agent] 6583063730409;40
[sample_agent] 6583082935733;41
[sample_agent] 6583138879468;42
[sample_agent] 6583184458749;43
[sample_agent] 6583195380140;44
[sample_agent] 6583205310394;45
[sample_agent] 6583264675140;46
[sample_agent] 6583309105471;47
[sample_agent] 6583319299899;48
[sample_agent] 6583326681676;49
[sample_agent] 6583387581283;50
[sample_agent] 6583431297691;51
[sample_agent] 6583444300905;52
[sample_agent] 6583510682257;53
[sample_agent] 6583555154809;54
[sample_agent] 6583566875929;55
[sample_agent] 6583637193273;56
[sample_agent] 6583678711855;57
[sample_agent] 6583692180891;58
[sample_agent] 6583761851874;59
[sample_agent] 6583803850619;60
[sample_agent] 6583814032510;61
[sample_agent] 6583887123956;62
[sample_agent] 6583927722497;63
[sample_agent] 6583931955015;64
[sample_agent] 6583941981718;65
[sample_agent] 6584013776432;66
[sample_agent] 6584053136565;67
[sample_agent] 6584064993491;68
[sample_agent] 6584140554045;69
[sample_agent] 6584178273071;70
[sample_agent] 6584189947217;71
[sample_agent] 6584193929309;72
[sample_agent] 6584198178875;73
[sample_agent] 6584203383742;74
[sample_agent] 6584266102286;75
[sample_agent] 6584303094033;76
[sample_agent] 6584315342553;77
[sample_agent] 6584324549396;78
[sample_agent] 6584389030533;79
[sample_agent] 6584426425921;80
[sample_agent] 6584440755996;81
[sample_agent] 6584451453024;82
[sample_agent] 6584515230915;83
[sample_agent] 6584548309825;84
[sample_agent] 6584565968869;85
[sample_agent] 6584574186198;86
[sample_agent] 6584637937113;87
[sample_agent] 6584672853775;88
[sample_agent] 6584687558012;89
[sample_agent] 6584699819138;90
[sample_agent] 6584764008328;91
[sample_agent] 6584771150352;92
[sample_agent] 6584798567674;93
[sample_agent] 6584804334707;94
[sample_agent] 6584809477236;95
[sample_agent] 6584823404168;96
[sample_agent] 6584891581693;97
[sample_agent] 6584897663169;98
[sample_agent] 6584924429705;99
[sample_agent] 6584929414470;100
[sample_agent] MAVLink parameter counter finished at value 100.
