[sample_agent] Starting direct MAVLink parameter counter at 1.
[sample_agent] 9246623201245;1
[sample_agent] 9246746284749;2
[sample_agent] 9246800595676;3
[sample_agent] 9246871898136;4
[sample_agent] 9246925570597;5
[sample_agent] 9246933781606;6
[sample_agent] 9246996495642;7
[sample_agent] 9247056956447;8
[sample_agent] 9247115427493;9
[sample_agent] 9247127884520;10
[sample_agent] 9247186625018;11
[sample_agent] 9247243417586;12
[sample_agent] 9247305697634;13
[sample_agent] 9247371067182;14
[sample_agent] 9247426725643;15
[sample_agent] 9247438779659;16
[sample_agent] 9247499853488;17
[sample_agent] 9247557667293;18
[sample_agent] 9247626727209;19
[sample_agent] 9247680640009;20
[sample_agent] 9247757160072;21
[sample_agent] 9247807517326;22
[sample_agent] 9247880188260;23
[sample_agent] 9247936438804;24
[sample_agent] 9248006611547;25
[sample_agent] 9248059778275;26
[sample_agent] 9248136088073;27
[sample_agent] 9248188573018;28
[sample_agent] 9248260324829;29
[sample_agent] 9248318895896;30
[sample_agent] 9248382125327;31
[sample_agent] 9248443642186;32
[sample_agent] 9248509618454;33
[sample_agent] 9248572387556;34
[sample_agent] 9248580099774;35
[sample_agent] 9248633085545;36
[sample_agent] 9248700541459;37
[sample_agent] 9248704756406;38
[sample_agent] 9248760514193;39
[sample_agent] 9248826956389;40
[sample_agent] 9248832060379;41
[sample_agent] 9248887149770;42
[sample_agent] 9248952501857;43
[sample_agent] 9248958292164;44
[sample_agent] 9249012591330;45
[sample_agent] 9249077779280;46
[sample_agent] 9249131749588;47
[sample_agent] 9249136317008;48
[sample_agent] 9249201743407;49
[sample_agent] 9249255696033;50
[sample_agent] 9249326380128;51
[sample_agent] 9249380807359;52
[sample_agent] 9249453865926;53
[sample_agent] 9249508225199;54
[sample_agent] 9249581134484;55
[sample_agent] 9249589439038;56
[sample_agent] 9249633814559;57
[sample_agent] 9249709855101;58
[sample_agent] 9249713289740;59
[sample_agent] 9249756256202;60
[sample_agent] 9249832496111;61
[sample_agent] 9249837336168;62
[sample_agent] 9249879435834;63
[sample_agent] 9249955719625;64
[sample_agent] 9249963907475;65
[sample_agent] 9250001794931;66
[sample_agent] 9250079112866;67
[sample_agent] 9250088270487;68
[sample_agent] 9250124071937;69
[sample_agent] 9250201647855;70
[sample_agent] 9250209839203;71
[sample_agent] 9250245440418;72
[sample_agent] 9250325411840;73
[sample_agent] 9250332361093;74
[sample_agent] 9250368365541;75
[sample_agent] 9250446948569;76
[sample_agent] 9250489692313;77
[sample_agent] 9250541768458;78
[sample_agent] 9250574655264;79
[sample_agent] 9250611381440;80
[sample_agent] 9250664377800;81
[sample_agent] 9250696042143;82
[sample_agent] 9250735192199;83
[sample_agent] 9250785943622;84
[sample_agent] 9250817552826;85
[sample_agent] 9250857380128;86
[sample_agent] 9250909126604;87
[sample_agent] 9250941442776;88
[sample_agent] 9250978772840;89
[sample_agent] 9251030652366;90
[sample_agent] 9251062785096;91
[sample_agent] 9251100306949;92
[sample_agent] 9251153137603;93
[sample_agent] 9251184334820;94
[sample_agent] 9251223685947;95
[sample_agent] 9251274278723;96
[sample_agent] 9251305926254;97
[sample_agent] 9251345856926;98
[sample_agent] 9251395653975;99
[sample_agent] 9251428513529;100
[sample_agent] MAVLink parameter counter finished at value 100.
