[sample_agent] Starting direct MAVLink parameter counter at 1.
[sample_agent] 7992966530409;1
[sample_agent] 7993095359167;2
[sample_agent] 7993225678965;3
[sample_agent] 7993351618930;4
[sample_agent] 7993485270639;5
[sample_agent] 7993621503447;6
[sample_agent] 7993751372649;7
[sample_agent] 7993882418339;8
[sample_agent] 7994006143506;9
[sample_agent] 7994130560552;10
[sample_agent] 7994254925362;11
[sample_agent] 7994379377726;12
[sample_agent] 7994505961659;13
[sample_agent] 7994636621782;14
[sample_agent] 7994761041758;15
[sample_agent] 7994883092540;16
[sample_agent] 7995005898733;17
[sample_agent] 7995131834722;18
[sample_agent] 7995255101671;19
[sample_agent] 7995377319882;20
[sample_agent] 7995500093770;21
[sample_agent] 7995622237157;22
[sample_agent] 7995627153323;23
[sample_agent] 7995747615816;24
[sample_agent] 7995801849491;25
[sample_agent] 7995872207397;26
[sample_agent] 7995927670876;27
[sample_agent] 7995996463035;28
[sample_agent] 7996050373579;29
[sample_agent] 7996121218002;30
[sample_agent] 7996175457213;31
[sample_agent] 7996244026467;32
[sample_agent] 7996297623997;33
[sample_agent] 7996351175968;34
[sample_agent] 7996367896440;35
[sample_agent] 7996427126373;36
[sample_agent] 7996472838990;37
[sample_agent] 7996490543566;38
[sample_agent] 7996549493024;39
[sample_agent] 7996596148508;40
[sample_agent] 7996599748306;41
[sample_agent] 7996615115745;42
[sample_agent] 7996671499162;43
[sample_agent] 7996721125354;44
[sample_agent] 7996738799078;45
[sample_agent] 7996793430564;46
[sample_agent] 7996843812191;47
[sample_agent] 7996863096467;48
[sample_agent] 7996866328945;49
[sample_agent] 7996868211534;50
[sample_agent] 7996921367440;51
[sample_agent] 7996967248613;52
[sample_agent] 7996991248539;53
[sample_agent] 7997043597024;54
[sample_agent] 7997089959831;55
[sample_agent] 7997117437650;56
[sample_agent] 7997167615609;57
[sample_agent] 7997212180106;58
[sample_agent] 7997215980013;59
[sample_agent] 7997240586536;60
[sample_agent] 7997290808557;61
[sample_agent] 7997336364958;62
[sample_agent] 7997363212463;63
[sample_agent] 7997414779566;64
[sample_agent] 7997458666283;65
[sample_agent] 7997485433593;66
[sample_agent] 7997539719853;67
[sample_agent] 7997584207278;68
[sample_agent] 7997607593894;69
[sample_agent] 7997661636283;70
[sample_agent] 7997706687387;71
[sample_agent] 7997729035319;72
[sample_agent] 7997783851126;73
[sample_agent] 7997827983956;74
[sample_agent] 7997851227995;75
[sample_agent] 7997906331342;76
[sample_agent] 7997950497453;77
[sample_agent] 7997973302797;78
[sample_agent] 7998027752466;79
[sample_agent] 7998072345912;80
[sample_agent] 7998094941628;81
[sample_agent] 7998150320230;82
[sample_agent] 7998194545621;83
[sample_agent] 7998216644093;84
[sample_agent] 7998272155609;85
[sample_agent] 7998316543980;86
[sample_agent] 7998339207239;87
[sample_agent] 7998394756966;88
[sample_agent] 7998438462507;89
[sample_agent] 7998460504980;90
[sample_agent] 7998516164335;91
[sample_agent] 7998560450639;92
[sample_agent] 7998583646750;93
[sample_agent] 7998637725400;94
[sample_agent] 7998683736165;95
[sample_agent] 7998707670451;96
[sample_agent] 7998759077851;97
[sample_agent] 7998805853267;98
[sample_agent] 7998829722232;99
[sample_agent] 7998881520366;100
[sample_agent] MAVLink parameter counter finished at value 100.
