[sample_agent] Starting direct MAVLink parameter counter at 1.
[sample_agent] 9476899414479;1
[sample_agent] 9477026384202;2
[sample_agent] 9477150313513;3
[sample_agent] 9477277406567;4
[sample_agent] 9477400926346;5
[sample_agent] 9477535457083;6
[sample_agent] 9477668398958;7
[sample_agent] 9477808466494;8
[sample_agent] 9477936518464;9
[sample_agent] 9478059594937;10
[sample_agent] 9478188124170;11
[sample_agent] 9478320104249;12
[sample_agent] 9478446026536;13
[sample_agent] 9478455898678;14
[sample_agent] 9478578219714;15
[sample_agent] 9478587905223;16
[sample_agent] 9478649784440;17
[sample_agent] 9478708372391;18
[sample_agent] 9478764667681;19
[sample_agent] 9478837684153;20
[sample_agent] 9478890282616;21
[sample_agent] 9478962498983;22
[sample_agent] 9479014586674;23
[sample_agent] 9479090686612;24
[sample_agent] 9479141442660;25
[sample_agent] 9479214765913;26
[sample_agent] 9479266329784;27
[sample_agent] 9479338948242;28
[sample_agent] 9479389975517;29
[sample_agent] 9479399954514;30
[sample_agent] 9479465671945;31
[sample_agent] 9479521060488;32
[sample_agent] 9479578566650;33
[sample_agent] 9479591878743;34
[sample_agent] 9479596481142;35
[sample_agent] 9479645224349;36
[sample_agent] 9479708264069;37
[sample_agent] 9479770590604;38
[sample_agent] 9479835179691;39
[sample_agent] 9479897372251;40
[sample_agent] 9479963543979;41
[sample_agent] 9480020894968;42
[sample_agent] 9480087049396;43
[sample_agent] 9480145744499;44
[sample_agent] 9480211588727;45
[sample_agent] 9480273629079;46
[sample_agent] 9480335742864;47
[sample_agent] 9480398077915;48
[sample_agent] 9480458291496;49
[sample_agent] 9480520299430;50
[sample_agent] 9480580278225;51
[sample_agent] 9480646141870;52
[sample_agent] 9480706150377;53
[sample_agent] 9480768342765;54
[sample_agent] 9480828188970;55
[sample_agent] 9480895772110;56
[sample_agent] 9480951113622;57
[sample_agent] 9481017710953;58
[sample_agent] 9481076010374;59
[sample_agent] 9481140855952;60
[sample_agent] 9481199559897;61
[sample_agent] 9481263099490;62
[sample_agent] 9481323251274;63
[sample_agent] 9481386926854;64
[sample_agent] 9481446602056;65
[sample_agent] 9481510966453;66
[sample_agent] 9481572464107;67
[sample_agent] 9481633191784;68
[sample_agent] 9481695971963;69
[sample_agent] 9481756176929;70
[sample_agent] 9481818403487;71
[sample_agent] 9481877665177;72
[sample_agent] 9481942021280;73
[sample_agent] 9481999036826;74
[sample_agent] 9482063595264;75
[sample_agent] 9482121495613;76
[sample_agent] 9482186848265;77
[sample_agent] 9482244503110;78
[sample_agent] 9482312774902;79
[sample_agent] 9482367129565;80
[sample_agent] 9482435250648;81
[sample_agent] 9482488587583;82
[sample_agent] 9482556523862;83
[sample_agent] 9482612416023;84
[sample_agent] 9482679690730;85
[sample_agent] 9482734080973;86
[sample_agent] 9482804190543;87
[sample_agent] 9482856287760;88
[sample_agent] 9482858350997;89
[sample_agent] 9482926414346;90
[sample_agent] 9482977757757;91
[sample_agent] 9482980256591;92
[sample_agent] 9483047887683;93
[sample_agent] 9483050339244;94
[sample_agent] 9483053423598;95
[sample_agent] 9483056099750;96
[sample_agent] 9483059389926;97
[sample_agent] 9483061373557;98
[sample_agent] 9483098997958;99
[sample_agent] 9483104481251;100
[sample_agent] MAVLink parameter counter finished at value 100.
