[sample_agent] Starting direct MAVLink parameter counter at 1.
[sample_agent] 10126243693422;1
[sample_agent] 10126371107589;2
[sample_agent] 10126493762426;3
[sample_agent] 10126623936974;4
[sample_agent] 10126754022715;5
[sample_agent] 10126878709303;6
[sample_agent] 10126889684806;7
[sample_agent] 10126896185973;8
[sample_agent] 10127011194903;9
[sample_agent] 10127019371300;10
[sample_agent] 10127142665343;11
[sample_agent] 10127199227361;12
[sample_agent] 10127267963396;13
[sample_agent] 10127324276459;14
[sample_agent] 10127395024059;15
[sample_agent] 10127446978944;16
[sample_agent] 10127517046139;17
[sample_agent] 10127573513237;18
[sample_agent] 10127640928587;19
[sample_agent] 10127696804817;20
[sample_agent] 10127753481627;21
[sample_agent] 10127770871710;22
[sample_agent] 10127823964503;23
[sample_agent] 10127880457639;24
[sample_agent] 10127897388153;25
[sample_agent] 10127949092469;26
[sample_agent] 10128009382023;27
[sample_agent] 10128022375511;28
[sample_agent] 10128075690637;29
[sample_agent] 10128136624557;30
[sample_agent] 10128155695803;31
[sample_agent] 10128202331938;32
[sample_agent] 10128261208990;33
[sample_agent] 10128286066026;34
[sample_agent] 10128328229079;35
[sample_agent] 10128337102073;36
[sample_agent] 10128388392210;37
[sample_agent] 10128409532053;38
[sample_agent] 10128455602996;39
[sample_agent] 10128511204247;40
[sample_agent] 10128534856324;41
[sample_agent] 10128583480896;42
[sample_agent] 10128635712210;43
[sample_agent] 10128662323937;44
[sample_agent] 10128708727485;45
[sample_agent] 10128761529847;46
[sample_agent] 10128785377999;47
[sample_agent] 10128833817849;48
[sample_agent] 10128886734056;49
[sample_agent] 10128909776906;50
[sample_agent] 10128956423314;51
[sample_agent] 10129012530241;52
[sample_agent] 10129035209211;53
[sample_agent] 10129080307308;54
[sample_agent] 10129134670688;55
[sample_agent] 10129157785846;56
[sample_agent] 10129201906166;57
[sample_agent] 10129204940543;58
[sample_agent] 10129257520586;59
[sample_agent] 10129285680478;60
[sample_agent] 10129325437307;61
[sample_agent] 10129379189044;62
[sample_agent] 10129408045030;63
[sample_agent] 10129450765540;64
[sample_agent] 10129501022092;65
[sample_agent] 10129529883293;66
[sample_agent] 10129575238517;67
[sample_agent] 10129625810986;68
[sample_agent] 10129654554668;69
[sample_agent] 10129697225503;70
[sample_agent] 10129747595549;71
[sample_agent] 10129777722949;72
[sample_agent] 10129819737340;73
[sample_agent] 10129868853074;74
[sample_agent] 10129871950876;75
[sample_agent] 10129903336111;76
[sample_agent] 10129947019165;77
[sample_agent] 10129992442766;78
[sample_agent] 10129994732328;79
[sample_agent] 10130026638206;80
[sample_agent] 10130069456346;81
[sample_agent] 10130115582195;82
[sample_agent] 10130151959970;83
[sample_agent] 10130193084647;84
[sample_agent] 10130238565067;85
[sample_agent] 10130273340794;86
[sample_agent] 10130315996713;87
[sample_agent] 10130363358069;88
[sample_agent] 10130394791644;89
[sample_agent] 10130438262278;90
[sample_agent] 10130485115650;91
[sample_agent] 10130517214084;92
[sample_agent] 10130560991537;93
[sample_agent] 10130606303890;94
[sample_agent] 10130639245942;95
[sample_agent] 10130685487027;96
[sample_agent] 10130728024129;97
[sample_agent] 10130760974742;98
[sample_agent] 10130808520889;99
[sample_agent] 10130849310457;100
[sample_agent] MAVLink parameter counter finished at value 100.
