[sample_agent] Starting direct MAVLink parameter counter at 1.
[sample_agent] 7222889417767;1
[sample_agent] 7222898220806;2
[sample_agent] 7223022010197;3
[sample_agent] 7223077318431;4
[sample_agent] 7223147479515;5
[sample_agent] 7223202159197;6
[sample_agent] 7223273450692;7
[sample_agent] 7223324059107;8
[sample_agent] 7223399426522;9
[sample_agent] 7223446624023;10
[sample_agent] 7223530731816;11
[sample_agent] 7223576096627;12
[sample_agent] 7223665965741;13
[sample_agent] 7223700469466;14
[sample_agent] 7223789558712;15
[sample_agent] 7223839640518;16
[sample_agent] 7223915781159;17
[sample_agent] 7223964515639;18
[sample_agent] 7224037963356;19
[sample_agent] 7224087132998;20
[sample_agent] 7224168550654;21
[sample_agent] 7224208753328;22
[sample_agent] 7224290697060;23
[sample_agent] 7224330537166;24
[sample_agent] 7224416156484;25
[sample_agent] 7224454993943;26
[sample_agent] 7224545107395;27
[sample_agent] 7224551410980;28
[sample_agent] 7224581222056;29
[sample_agent] 7224672776617;30
[sample_agent] 7224702773180;31
[sample_agent] 7224808610767;32
[sample_agent] 7224824398723;33
[sample_agent] 7224934725327;34
[sample_agent] 7224951474800;35
[sample_agent] 7225059267547;36
[sample_agent] 7225073455493;37
[sample_agent] 7225181473950;38
[sample_agent] 7225197744626;39
[sample_agent] 7225306358391;40
[sample_agent] 7225326322252;41
[sample_agent] 7225435156604;42
[sample_agent] 7225452038901;43
[sample_agent] 7225556783097;44
[sample_agent] 7225560904142;45
[sample_agent] 7225578299457;46
[sample_agent] 7225684039594;47
[sample_agent] 7225702274984;48
[sample_agent] 7225807477353;49
[sample_agent] 7225828040810;50
[sample_agent] 7225929434572;51
[sample_agent] 7225951821957;52
[sample_agent] 7226054772580;53
[sample_agent] 7226073227317;54
[sample_agent] 7226180376178;55
[sample_agent] 7226197211377;56
[sample_agent] 7226303920083;57
[sample_agent] 7226321678557;58
[sample_agent] 7226375163915;59
[sample_agent] 7226427584975;60
[sample_agent] 7226445159537;61
[sample_agent] 7226498993796;62
[sample_agent] 7226549631053;63
[sample_agent] 7226568325200;64
[sample_agent] 7226621496591;65
[sample_agent] 7226624278961;66
[sample_agent] 7226673497025;67
[sample_agent] 7226690496648;68
[sample_agent] 7226744839043;69
[sample_agent] 7226798323964;70
[sample_agent] 7226815832700;71
[sample_agent] 7226868236632;72
[sample_agent] 7226925352940;73
[sample_agent] 7226937634673;74
[sample_agent] 7226991028788;75
[sample_agent] 7227049592399;76
[sample_agent] 7227060264309;77
[sample_agent] 7227114243237;78
[sample_agent] 7227170949363;79
[sample_agent] 7227183516468;80
[sample_agent] 7227236478926;81
[sample_agent] 7227293400890;82
[sample_agent] 7227305796728;83
[sample_agent] 7227358714959;84
[sample_agent] 7227418602737;85
[sample_agent] 7227429627656;86
[sample_agent] 7227480865343;87
[sample_agent] 7227541641901;88
[sample_agent] 7227554172894;89
[sample_agent] 7227605406516;90
[sample_agent] 7227664480827;91
[sample_agent] 7227676709830;92
[sample_agent] 7227730550483;93
[sample_agent] 7227785756555;94
[sample_agent] 7227798049433;95
[sample_agent] 7227852123842;96
[sample_agent] 7227910582470;97
[sample_agent] 7227919340866;98
[sample_agent] 7227974357598;99
[sample_agent] 7228032915578;100
[sample_agent] MAVLink parameter counter finished at value 100.
