[sample_agent] Starting direct MAVLink parameter counter at 1.
[sample_agent] 6865330566546;1
[sample_agent] 6865459383998;2
[sample_agent] 6865584696336;3
[sample_agent] 6865713070215;4
[sample_agent] 6865838175825;5
[sample_agent] 6865966769947;6
[sample_agent] 6866092779101;7
[sample_agent] 6866100585364;8
[sample_agent] 6866221903746;9
[sample_agent] 6866232203442;10
[sample_agent] 6866294486691;11
[sample_agent] 6866347575933;12
[sample_agent] 6866426649761;13
[sample_agent] 6866478571947;14
[sample_agent] 6866556807171;15
[sample_agent] 6866606548187;16
[sample_agent] 6866684367626;17
[sample_agent] 6866735372474;18
[sample_agent] 6866819391177;19
[sample_agent] 6866857212453;20
[sample_agent] 6866942787996;21
[sample_agent] 6866983176756;22
[sample_agent] 6867067950214;23
[sample_agent] 6867107209833;24
[sample_agent] 6867192102998;25
[sample_agent] 6867230561091;26
[sample_agent] 6867318427233;27
[sample_agent] 6867353468815;28
[sample_agent] 6867442816028;29
[sample_agent] 6867451581711;30
[sample_agent] 6867480990026;31
[sample_agent] 6867572099877;32
[sample_agent] 6867606355540;33
[sample_agent] 6867698286939;34
[sample_agent] 6867730685225;35
[sample_agent] 6867822019009;36
[sample_agent] 6867854306119;37
[sample_agent] 6867945278789;38
[sample_agent] 6867950939631;39
[sample_agent] 6867953932369;40
[sample_agent] 6867977084855;41
[sample_agent] 6868070576571;42
[sample_agent] 6868079173960;43
[sample_agent] 6868103911342;44
[sample_agent] 6868196209718;45
[sample_agent] 6868204435075;46
[sample_agent] 6868230976463;47
[sample_agent] 6868318053207;48
[sample_agent] 6868356046372;49
[sample_agent] 6868410085381;50
[sample_agent] 6868440135117;51
[sample_agent] 6868479192047;52
[sample_agent] 6868532608611;53
[sample_agent] 6868565148754;54
[sample_agent] 6868603231586;55
[sample_agent] 6868655212390;56
[sample_agent] 6868689268383;57
[sample_agent] 6868724633823;58
[sample_agent] 6868776690081;59
[sample_agent] 6868811645643;60
[sample_agent] 6868849358806;61
[sample_agent] 6868899087492;62
[sample_agent] 6868935907597;63
[sample_agent] 6868972898330;64
[sample_agent] 6869023714618;65
[sample_agent] 6869059330792;66
[sample_agent] 6869095247966;67
[sample_agent] 6869145857488;68
[sample_agent] 6869182295251;69
[sample_agent] 6869217397198;70
[sample_agent] 6869270260841;71
[sample_agent] 6869304519874;72
[sample_agent] 6869340933562;73
[sample_agent] 6869391783113;74
[sample_agent] 6869426777650;75
[sample_agent] 6869463502062;76
[sample_agent] 6869515797002;77
[sample_agent] 6869551660006;78
[sample_agent] 6869584804468;79
[sample_agent] 6869642081757;80
[sample_agent] 6869673367567;81
[sample_agent] 6869675767523;82
[sample_agent] 6869708539539;83
[sample_agent] 6869764992466;84
[sample_agent] 6869796088546;85
[sample_agent] 6869799223464;86
[sample_agent] 6869831205159;87
[sample_agent] 6869887615299;88
[sample_agent] 6869917526955;89
[sample_agent] 6869923668447;90
[sample_agent] 6869954694454;91
[sample_agent] 6870009437659;92
[sample_agent] 6870039986149;93
[sample_agent] 6870046412659;94
[sample_agent] 6870076735557;95
[sample_agent] 6870131257107;96
[sample_agent] 6870161494619;97
[sample_agent] 6870168119879;98
[sample_agent] 6870200944714;99
[sample_agent] 6870254552764;100
[sample_agent] MAVLink parameter counter finished at value 100.
