[sample_agent] Starting direct MAVLink parameter counter at 1.
[sample_agent] 9007612424982;1
[sample_agent] 9007739773442;2
[sample_agent] 9007866561744;3
[sample_agent] 9007996044196;4
[sample_agent] 9008122033448;5
[sample_agent] 9008245103184;6
[sample_agent] 9008376882299;7
[sample_agent] 9008504432050;8
[sample_agent] 9008631412017;9
[sample_agent] 9008754237683;10
[sample_agent] 9008886738902;11
[sample_agent] 9009012768609;12
[sample_agent] 9009134909061;13
[sample_agent] 9009258792071;14
[sample_agent] 9009385460900;15
[sample_agent] 9009509639072;16
[sample_agent] 9009632490892;17
[sample_agent] 9009754474129;18
[sample_agent] 9009760444021;19
[sample_agent] 9009879697231;20
[sample_agent] 9009944616597;21
[sample_agent] 9009951941760;22
[sample_agent] 9010007881878;23
[sample_agent] 9010073900738;24
[sample_agent] 9010130012767;25
[sample_agent] 9010198235297;26
[sample_agent] 9010255815365;27
[sample_agent] 9010323447152;28
[sample_agent] 9010376836317;29
[sample_agent] 9010378772124;30
[sample_agent] 9010448196138;31
[sample_agent] 9010498921853;32
[sample_agent] 9010553186756;33
[sample_agent] 9010573441996;34
[sample_agent] 9010577627833;35
[sample_agent] 9010623557809;36
[sample_agent] 9010676123534;37
[sample_agent] 9010699080552;38
[sample_agent] 9010750296945;39
[sample_agent] 9010797580494;40
[sample_agent] 9010821945447;41
[sample_agent] 9010873976782;42
[sample_agent] 9010920349764;43
[sample_agent] 9010943655980;44
[sample_agent] 9010996660738;45
[sample_agent] 9011041872628;46
[sample_agent] 9011065090912;47
[sample_agent] 9011119843246;48
[sample_agent] 9011164108899;49
[sample_agent] 9011186469454;50
[sample_agent] 9011242508253;51
[sample_agent] 9011286284472;52
[sample_agent] 9011308779116;53
[sample_agent] 9011365669307;54
[sample_agent] 9011408156145;55
[sample_agent] 9011430092403;56
[sample_agent] 9011487942716;57
[sample_agent] 9011491683409;58
[sample_agent] 9011531708149;59
[sample_agent] 9011551842514;60
[sample_agent] 9011612687915;61
[sample_agent] 9011618343481;62
[sample_agent] 9011654382167;63
[sample_agent] 9011681479739;64
[sample_agent] 9011735575210;65
[sample_agent] 9011740736633;66
[sample_agent] 9011780632343;67
[sample_agent] 9011804807991;68
[sample_agent] 9011857823175;69
[sample_agent] 9011862894067;70
[sample_agent] 9011902545612;71
[sample_agent] 9011926696814;72
[sample_agent] 9011979733999;73
[sample_agent] 9011984358889;74
[sample_agent] 9012024854366;75
[sample_agent] 9012052259010;76
[sample_agent] 9012102394310;77
[sample_agent] 9012106465878;78
[sample_agent] 9012146722517;79
[sample_agent] 9012173826955;80
[sample_agent] 9012224805790;81
[sample_agent] 9012270342918;82
[sample_agent] 9012295939560;83
[sample_agent] 9012346128053;84
[sample_agent] 9012393537217;85
[sample_agent] 9012419704701;86
[sample_agent] 9012469931336;87
[sample_agent] 9012516423633;88
[sample_agent] 9012543271741;89
[sample_agent] 9012591913892;90
[sample_agent] 9012637975749;91
[sample_agent] 9012665428256;92
[sample_agent] 9012715717572;93
[sample_agent] 9012760885876;94
[sample_agent] 9012765793592;95
[sample_agent] 9012788128984;96
[sample_agent] 9012837378661;97
[sample_agent] 9012886432040;98
[sample_agent] 9012909562470;99
[sample_agent] 9012960481378;100
[sample_agent] MAVLink parameter counter finished at value 100.
