[sample_agent] Starting direct MAVLink parameter counter at 1.
[sample_agent] 7100281785670;1
[sample_agent] 7100420338026;2
[sample_agent] 7100482930876;3
[sample_agent] 7100554376649;4
[sample_agent] 7100611309873;5
[sample_agent] 7100670397238;6
[sample_agent] 7100729673796;7
[sample_agent] 7100739083110;8
[sample_agent] 7100799342056;9
[sample_agent] 7100855463955;10
[sample_agent] 7100863792713;11
[sample_agent] 7100926611212;12
[sample_agent] 7100977460712;13
[sample_agent] 7100986779716;14
[sample_agent] 7101043898375;15
[sample_agent] 7101054778816;16
[sample_agent] 7101110398557;17
[sample_agent] 7101167939862;18
[sample_agent] 7101182709787;19
[sample_agent] 7101190215567;20
[sample_agent] 7101236279969;21
[sample_agent] 7101295867562;22
[sample_agent] 7101311422312;23
[sample_agent] 7101318742074;24
[sample_agent] 7101367836174;25
[sample_agent] 7101434635697;26
[sample_agent] 7101440409512;27
[sample_agent] 7101491624713;28
[sample_agent] 7101557177347;29
[sample_agent] 7101565854469;30
[sample_agent] 7101615415936;31
[sample_agent] 7101682637168;32
[sample_agent] 7101741519887;33
[sample_agent] 7101809793964;34
[sample_agent] 7101865896431;35
[sample_agent] 7101934570169;36
[sample_agent] 7101993265182;37
[sample_agent] 7102060112134;38
[sample_agent] 7102115514364;39
[sample_agent] 7102177717343;40
[sample_agent] 7102185404910;41
[sample_agent] 7102247098029;42
[sample_agent] 7102305927693;43
[sample_agent] 7102313344149;44
[sample_agent] 7102371638103;45
[sample_agent] 7102428497684;46
[sample_agent] 7102435297475;47
[sample_agent] 7102495607507;48
[sample_agent] 7102550671940;49
[sample_agent] 7102558937558;50
[sample_agent] 7102630024259;51
[sample_agent] 7102673943514;52
[sample_agent] 7102684911059;53
[sample_agent] 7102755196165;54
[sample_agent] 7102802298800;55
[sample_agent] 7102812336164;56
[sample_agent] 7102879876023;57
[sample_agent] 7102925684997;58
[sample_agent] 7103003679016;59
[sample_agent] 7103049626990;60
[sample_agent] 7103126668075;61
[sample_agent] 7103171012311;62
[sample_agent] 7103180607359;63
[sample_agent] 7103252326794;64
[sample_agent] 7103301024100;65
[sample_agent] 7103307293111;66
[sample_agent] 7103377255649;67
[sample_agent] 7103423167179;68
[sample_agent] 7103499167377;69
[sample_agent] 7103546886475;70
[sample_agent] 7103621522098;71
[sample_agent] 7103669206484;72
[sample_agent] 7103743517506;73
[sample_agent] 7103791319381;74
[sample_agent] 7103865690291;75
[sample_agent] 7103914232895;76
[sample_agent] 7103987734596;77
[sample_agent] 7104038361070;78
[sample_agent] 7104113184368;79
[sample_agent] 7104160294618;80
[sample_agent] 7104234679298;81
[sample_agent] 7104281561970;82
[sample_agent] 7104358319053;83
[sample_agent] 7104404322411;84
[sample_agent] 7104480853951;85
[sample_agent] 7104528446741;86
[sample_agent] 7104603181636;87
[sample_agent] 7104652398444;88
[sample_agent] 7104725353256;89
[sample_agent] 7104776385995;90
[sample_agent] 7104849176533;91
[sample_agent] 7104898089545;92
[sample_agent] 7104970493502;93
[sample_agent] 7105019404358;94
[sample_agent] 7105093039293;95
[sample_agent] 7105141225944;96
[sample_agent] 7105214394654;97
[sample_agent] 7105263691376;98
[sample_agent] 7105338437688;99
[sample_agent] 7105387238319;100
[sample_agent] MAVLink parameter counter finished at value 100.
