[sample_agent] Starting direct MAVLink parameter counter at 1.
[sample_agent] 9831009072526;1
[sample_agent] 9831135360175;2
[sample_agent] 9831262135038;3
[sample_agent] 9831395267078;4
[sample_agent] 9831518406960;5
[sample_agent] 9831642321028;6
[sample_agent] 9831765164199;7
[sample_agent] 9831891753501;8
[sample_agent] 9832016094822;9
[sample_agent] 9832141365805;10
[sample_agent] 9832263428786;11
[sample_agent] 9832385397968;12
[sample_agent] 9832509422763;13
[sample_agent] 9832636258267;14
[sample_agent] 9832758501688;15
[sample_agent] 9832766164196;16
[sample_agent] 9832888656114;17
[sample_agent] 9832894447879;18
[sample_agent] 9833011209304;19
[sample_agent] 9833017379273;20
[sample_agent] 9833072796180;21
[sample_agent] 9833137245041;22
[sample_agent] 9833197271670;23
[sample_agent] 9833260718216;24
[sample_agent] 9833271233125;25
[sample_agent] 9833278195025;26
[sample_agent] 9833329355235;27
[sample_agent] 9833382785505;28
[sample_agent] 9833398913136;29
[sample_agent] 9833410809989;30
[sample_agent] 9833455967072;31
[sample_agent] 9833507403925;32
[sample_agent] 9833523097623;33
[sample_agent] 9833538212348;34
[sample_agent] 9833582636132;35
[sample_agent] 9833633693899;36
[sample_agent] 9833645803835;37
[sample_agent] 9833660238863;38
[sample_agent] 9833716136313;39
[sample_agent] 9833758549265;40
[sample_agent] 9833771282529;41
[sample_agent] 9833788134160;42
[sample_agent] 9833843174841;43
[sample_agent] 9833882519223;44
[sample_agent] 9833889559981;45
[sample_agent] 9833914282330;46
[sample_agent] 9833919448059;47
[sample_agent] 9833964598450;48
[sample_agent] 9834010994022;49
[sample_agent] 9834040472892;50
[sample_agent] 9834046136360;51
[sample_agent] 9834088854315;52
[sample_agent] 9834140518036;53
[sample_agent] 9834168475175;54
[sample_agent] 9834181835162;55
[sample_agent] 9834210447123;56
[sample_agent] 9834264885955;57
[sample_agent] 9834290017378;58
[sample_agent] 9834305370682;59
[sample_agent] 9834334199416;60
[sample_agent] 9834390651532;61
[sample_agent] 9834414071165;62
[sample_agent] 9834428642233;63
[sample_agent] 9834457741411;64
[sample_agent] 9834517632406;65
[sample_agent] 9834537438327;66
[sample_agent] 9834540621727;67
[sample_agent] 9834553227015;68
[sample_agent] 9834582112705;69
[sample_agent] 9834640170474;70
[sample_agent] 9834660988352;71
[sample_agent] 9834664394394;72
[sample_agent] 9834674632319;73
[sample_agent] 9834705838439;74
[sample_agent] 9834766138258;75
[sample_agent] 9834784138292;76
[sample_agent] 9834790204873;77
[sample_agent] 9834797467850;78
[sample_agent] 9834830214673;79
[sample_agent] 9834891520611;80
[sample_agent] 9834905469640;81
[sample_agent] 9834916465457;82
[sample_agent] 9834927518950;83
[sample_agent] 9834956982193;84
[sample_agent] 9835015853596;85
[sample_agent] 9835030146929;86
[sample_agent] 9835035271642;87
[sample_agent] 9835038901359;88
[sample_agent] 9835049718184;89
[sample_agent] 9835081429319;90
[sample_agent] 9835139955763;91
[sample_agent] 9835154926483;92
[sample_agent] 9835159599342;93
[sample_agent] 9835172761101;94
[sample_agent] 9835203705428;95
[sample_agent] 9835261743496;96
[sample_agent] 9835278516794;97
[sample_agent] 9835284880329;98
[sample_agent] 9835295713163;99
[sample_agent] 9835299244118;100
[sample_agent] MAVLink parameter counter finished at value 100.
