[sample_agent] Starting direct MAVLink parameter counter at 1.
[sample_agent] 10784315853488;1
[sample_agent] 10784446258694;2
[sample_agent] 10784572094669;3
[sample_agent] 10784700363743;4
[sample_agent] 10784822662549;5
[sample_agent] 10784949721262;6
[sample_agent] 10785075723454;7
[sample_agent] 10785201413858;8
[sample_agent] 10785328952623;9
[sample_agent] 10785463446440;10
[sample_agent] 10785592326497;11
[sample_agent] 10785720258295;12
[sample_agent] 10785842531810;13
[sample_agent] 10785968920948;14
[sample_agent] 10786094407266;15
[sample_agent] 10786226245798;16
[sample_agent] 10786355777961;17
[sample_agent] 10786485319764;18
[sample_agent] 10786630533699;19
[sample_agent] 10786752395476;20
[sample_agent] 10786879471805;21
[sample_agent] 10787006010135;22
[sample_agent] 10787134117056;23
[sample_agent] 10787258035609;24
[sample_agent] 10787379890726;25
[sample_agent] 10787504600146;26
[sample_agent] 10787630869944;27
[sample_agent] 10787754788474;28
[sample_agent] 10787807306275;29
[sample_agent] 10787877298445;30
[sample_agent] 10787930771467;31
[sample_agent] 10787999033355;32
[sample_agent] 10788003474742;33
[sample_agent] 10788055772101;34
[sample_agent] 10788123986540;35
[sample_agent] 10788178403025;36
[sample_agent] 10788230177653;37
[sample_agent] 10788246553174;38
[sample_agent] 10788300451793;39
[sample_agent] 10788352100730;40
[sample_agent] 10788370176687;41
[sample_agent] 10788423171440;42
[sample_agent] 10788425719951;43
[sample_agent] 10788475691615;44
[sample_agent] 10788493716446;45
[sample_agent] 10788546235472;46
[sample_agent] 10788549849484;47
[sample_agent] 10788600637192;48
[sample_agent] 10788616313228;49
[sample_agent] 10788667934069;50
[sample_agent] 10788672887729;51
[sample_agent] 10788722467738;52
[sample_agent] 10788739121080;53
[sample_agent] 10788789525320;54
[sample_agent] 10788794806522;55
[sample_agent] 10788844989410;56
[sample_agent] 10788860624626;57
[sample_agent] 10788911456561;58
[sample_agent] 10788917906789;59
[sample_agent] 10788968181144;60
[sample_agent] 10788982691480;61
[sample_agent] 10789033031678;62
[sample_agent] 10789039897390;63
[sample_agent] 10789089956860;64
[sample_agent] 10789104199088;65
[sample_agent] 10789154519151;66
[sample_agent] 10789161759467;67
[sample_agent] 10789212769724;68
[sample_agent] 10789226292450;69
[sample_agent] 10789275949861;70
[sample_agent] 10789285545892;71
[sample_agent] 10789335697267;72
[sample_agent] 10789349908008;73
[sample_agent] 10789397923708;74
[sample_agent] 10789407591121;75
[sample_agent] 10789457320079;76
[sample_agent] 10789471782725;77
[sample_agent] 10789520278699;78
[sample_agent] 10789529224642;79
[sample_agent] 10789579662171;80
[sample_agent] 10789595854375;81
[sample_agent] 10789641863153;82
[sample_agent] 10789651222551;83
[sample_agent] 10789701214329;84
[sample_agent] 10789719981431;85
[sample_agent] 10789764392414;86
[sample_agent] 10789775698621;87
[sample_agent] 10789822805031;88
[sample_agent] 10789841937001;89
[sample_agent] 10789886739889;90
[sample_agent] 10789897230418;91
[sample_agent] 10789943982056;92
[sample_agent] 10789963803341;93
[sample_agent] 10790008093149;94
[sample_agent] 10790020245248;95
[sample_agent] 10790065259007;96
[sample_agent] 10790085774575;97
[sample_agent] 10790130202484;98
[sample_agent] 10790141959074;99
[sample_agent] 10790186674218;100
[sample_agent] MAVLink parameter counter finished at value 100.
