[sample_agent] Starting direct MAVLink parameter counter at 1.
[sample_agent] 7687032601300;1
[sample_agent] 7687159757887;2
[sample_agent] 7687289506441;3
[sample_agent] 7687416579972;4
[sample_agent] 7687541747043;5
[sample_agent] 7687667407421;6
[sample_agent] 7687795344130;7
[sample_agent] 7687918052709;8
[sample_agent] 7688041256220;9
[sample_agent] 7688173768756;10
[sample_agent] 7688300197142;11
[sample_agent] 7688426061374;12
[sample_agent] 7688552634203;13
[sample_agent] 7688676664037;14
[sample_agent] 7688799159153;15
[sample_agent] 7688924601275;16
[sample_agent] 7689047799600;17
[sample_agent] 7689173087366;18
[sample_agent] 7689298231977;19
[sample_agent] 7689424262485;20
[sample_agent] 7689546163872;21
[sample_agent] 7689671488409;22
[sample_agent] 7689797533419;23
[sample_agent] 7689925051880;24
[sample_agent] 7690049967034;25
[sample_agent] 7690172266428;26
[sample_agent] 7690295186872;27
[sample_agent] 7690421045149;28
[sample_agent] 7690545984419;29
[sample_agent] 7690667781999;30
[sample_agent] 7690791718384;31
[sample_agent] 7690914972893;32
[sample_agent] 7690969875650;33
[sample_agent] 7691039507729;34
[sample_agent] 7691042713490;35
[sample_agent] 7691091377165;36
[sample_agent] 7691163330092;37
[sample_agent] 7691168803193;38
[sample_agent] 7691213811541;39
[sample_agent] 7691285756119;40
[sample_agent] 7691290353561;41
[sample_agent] 7691335430862;42
[sample_agent] 7691408038931;43
[sample_agent] 7691411816622;44
[sample_agent] 7691461076304;45
[sample_agent] 7691529596700;46
[sample_agent] 7691537244278;47
[sample_agent] 7691583817250;48
[sample_agent] 7691651185175;49
[sample_agent] 7691658727301;50
[sample_agent] 7691709426744;51
[sample_agent] 7691773284436;52
[sample_agent] 7691780441582;53
[sample_agent] 7691831101766;54
[sample_agent] 7691894787978;55
[sample_agent] 7691901877825;56
[sample_agent] 7691953521630;57
[sample_agent] 7692017496220;58
[sample_agent] 7692023406700;59
[sample_agent] 7692076598414;60
[sample_agent] 7692138901102;61
[sample_agent] 7692145050696;62
[sample_agent] 7692198510020;63
[sample_agent] 7692261201648;64
[sample_agent] 7692272463320;65
[sample_agent] 7692322170249;66
[sample_agent] 7692382967974;67
[sample_agent] 7692393793143;68
[sample_agent] 7692443561896;69
[sample_agent] 7692504812592;70
[sample_agent] 7692517535042;71
[sample_agent] 7692569204558;72
[sample_agent] 7692626982668;73
[sample_agent] 7692639249137;74
[sample_agent] 7692690786804;75
[sample_agent] 7692749508391;76
[sample_agent] 7692761139890;77
[sample_agent] 7692813519792;78
[sample_agent] 7692815369018;79
[sample_agent] 7692873777037;80
[sample_agent] 7692882432453;81
[sample_agent] 7692935743056;82
[sample_agent] 7692995573093;83
[sample_agent] 7693003703403;84
[sample_agent] 7693058757186;85
[sample_agent] 7693118513521;86
[sample_agent] 7693128588569;87
[sample_agent] 7693181325502;88
[sample_agent] 7693240558676;89
[sample_agent] 7693250032834;90
[sample_agent] 7693302645625;91
[sample_agent] 7693362072054;92
[sample_agent] 7693373629549;93
[sample_agent] 7693424581662;94
[sample_agent] 7693483496165;95
[sample_agent] 7693496606180;96
[sample_agent] 7693546297301;97
[sample_agent] 7693605049808;98
[sample_agent] 7693619419998;99
[sample_agent] 7693668048241;100
[sample_agent] MAVLink parameter counter finished at value 100.
