[sample_agent] Starting direct MAVLink parameter counter at 1.
[sample_agent] 7866932396448;1
[sample_agent] 7867058949904;2
[sample_agent] 7867069047450;3
[sample_agent] 7867191490698;4
[sample_agent] 7867200275614;5
[sample_agent] 7867256207234;6
[sample_agent] 7867324536547;7
[sample_agent] 7867381431316;8
[sample_agent] 7867440102643;9
[sample_agent] 7867453095175;10
[sample_agent] 7867505937185;11
[sample_agent] 7867566242953;12
[sample_agent] 7867578606677;13
[sample_agent] 7867630265437;14
[sample_agent] 7867690524188;15
[sample_agent] 7867704202191;16
[sample_agent] 7867759400312;17
[sample_agent] 7867814650998;18
[sample_agent] 7867832427955;19
[sample_agent] 7867881607566;20
[sample_agent] 7867946654549;21
[sample_agent] 7868005273240;22
[sample_agent] 7868011518558;23
[sample_agent] 7868072436859;24
[sample_agent] 7868082353720;25
[sample_agent] 7868133514718;26
[sample_agent] 7868142400486;27
[sample_agent] 7868201576256;28
[sample_agent] 7868207744215;29
[sample_agent] 7868264925398;30
[sample_agent] 7868281432926;31
[sample_agent] 7868324936583;32
[sample_agent] 7868354994565;33
[sample_agent] 7868400438835;34
[sample_agent] 7868414656928;35
[sample_agent] 7868420769464;36
[sample_agent] 7868453466084;37
[sample_agent] 7868492424202;38
[sample_agent] 7868530730837;39
[sample_agent] 7868541835994;40
[sample_agent] 7868552847527;41
[sample_agent] 7868579586606;42
[sample_agent] 7868621100726;43
[sample_agent] 7868657510118;44
[sample_agent] 7868679273792;45
[sample_agent] 7868704386025;46
[sample_agent] 7868747353386;47
[sample_agent] 7868779961027;48
[sample_agent] 7868804158217;49
[sample_agent] 7868826086897;50
[sample_agent] 7868868950000;51
[sample_agent] 7868904702551;52
[sample_agent] 7868927470583;53
[sample_agent] 7868948614958;54
[sample_agent] 7868991569318;55
[sample_agent] 7869026116886;56
[sample_agent] 7869048772577;57
[sample_agent] 7869073504654;58
[sample_agent] 7869115427148;59
[sample_agent] 7869147446778;60
[sample_agent] 7869171393934;61
[sample_agent] 7869194845391;62
[sample_agent] 7869239109169;63
[sample_agent] 7869274999386;64
[sample_agent] 7869295482762;65
[sample_agent] 7869320977595;66
[sample_agent] 7869364398111;67
[sample_agent] 7869402957958;68
[sample_agent] 7869419281401;69
[sample_agent] 7869446497193;70
[sample_agent] 7869486588107;71
[sample_agent] 7869524781335;72
[sample_agent] 7869542725270;73
[sample_agent] 7869570227051;74
[sample_agent] 7869608887146;75
[sample_agent] 7869646109536;76
[sample_agent] 7869666579101;77
[sample_agent] 7869692345754;78
[sample_agent] 7869730169020;79
[sample_agent] 7869771027027;80
[sample_agent] 7869793367442;81
[sample_agent] 7869814568330;82
[sample_agent] 7869853556579;83
[sample_agent] 7869896501001;84
[sample_agent] 7869916282979;85
[sample_agent] 7869938297724;86
[sample_agent] 7869977723552;87
[sample_agent] 7870018554650;88
[sample_agent] 7870022061226;89
[sample_agent] 7870025104561;90
[sample_agent] 7870039473174;91
[sample_agent] 7870062972339;92
[sample_agent] 7870099530914;93
[sample_agent] 7870142407762;94
[sample_agent] 7870149305714;95
[sample_agent] 7870170228466;96
[sample_agent] 7870187793183;97
[sample_agent] 7870224457234;98
[sample_agent] 7870264278082;99
[sample_agent] 7870271486758;100
[sample_agent] MAVLink parameter counter finished at value 100.
