[sample_agent] Starting direct MAVLink parameter counter at 1.
[sample_agent] 6923301421227;1
[sample_agent] 6923432364216;2
[sample_agent] 6923554805516;3
[sample_agent] 6923682359927;4
[sample_agent] 6923811898997;5
[sample_agent] 6923957320944;6
[sample_agent] 6924093536671;7
[sample_agent] 6924218858835;8
[sample_agent] 6924345772393;9
[sample_agent] 6924471318322;10
[sample_agent] 6924478915190;11
[sample_agent] 6924601134562;12
[sample_agent] 6924661553179;13
[sample_agent] 6924730116781;14
[sample_agent] 6924784404438;15
[sample_agent] 6924858521297;16
[sample_agent] 6924906232507;17
[sample_agent] 6924964859719;18
[sample_agent] 6924984398984;19
[sample_agent] 6925036249520;20
[sample_agent] 6925096377009;21
[sample_agent] 6925111750023;22
[sample_agent] 6925119937821;23
[sample_agent] 6925160180024;24
[sample_agent] 6925225297587;25
[sample_agent] 6925240819740;26
[sample_agent] 6925281953876;27
[sample_agent] 6925352080175;28
[sample_agent] 6925355508191;29
[sample_agent] 6925368118191;30
[sample_agent] 6925404117592;31
[sample_agent] 6925409635435;32
[sample_agent] 6925476380717;33
[sample_agent] 6925482198386;34
[sample_agent] 6925488603374;35
[sample_agent] 6925493673279;36
[sample_agent] 6925529986646;37
[sample_agent] 6925535273862;38
[sample_agent] 6925592229051;39
[sample_agent] 6925602626600;40
[sample_agent] 6925607181813;41
[sample_agent] 6925613220373;42
[sample_agent] 6925618755416;43
[sample_agent] 6925657047893;44
[sample_agent] 6925665535349;45
[sample_agent] 6925721666027;46
[sample_agent] 6925729556812;47
[sample_agent] 6925734877433;48
[sample_agent] 6925741017475;49
[sample_agent] 6925786034955;50
[sample_agent] 6925843060272;51
[sample_agent] 6925857045604;52
[sample_agent] 6925911179176;53
[sample_agent] 6925968852455;54
[sample_agent] 6925982401345;55
[sample_agent] 6926033856074;56
[sample_agent] 6926095725425;57
[sample_agent] 6926104427724;58
[sample_agent] 6926155394034;59
[sample_agent] 6926217375971;60
[sample_agent] 6926225797381;61
[sample_agent] 6926277556323;62
[sample_agent] 6926339428214;63
[sample_agent] 6926348770325;64
[sample_agent] 6926399212782;65
[sample_agent] 6926462517972;66
[sample_agent] 6926473987074;67
[sample_agent] 6926522861226;68
[sample_agent] 6926583905620;69
[sample_agent] 6926595984948;70
[sample_agent] 6926644494027;71
[sample_agent] 6926705217128;72
[sample_agent] 6926717401139;73
[sample_agent] 6926766317204;74
[sample_agent] 6926826481371;75
[sample_agent] 6926839561182;76
[sample_agent] 6926888476531;77
[sample_agent] 6926949782908;78
[sample_agent] 6926962059135;79
[sample_agent] 6927012388360;80
[sample_agent] 6927073925607;81
[sample_agent] 6927083730462;82
[sample_agent] 6927134311742;83
[sample_agent] 6927196827561;84
[sample_agent] 6927206622929;85
[sample_agent] 6927256057113;86
[sample_agent] 6927318345138;87
[sample_agent] 6927328055475;88
[sample_agent] 6927380110717;89
[sample_agent] 6927432519459;90
[sample_agent] 6927440328519;91
[sample_agent] 6927452030655;92
[sample_agent] 6927502832622;93
[sample_agent] 6927554906604;94
[sample_agent] 6927562660320;95
[sample_agent] 6927573451430;96
[sample_agent] 6927624272802;97
[sample_agent] 6927676214133;98
[sample_agent] 6927684076229;99
[sample_agent] 6927694676157;100
[sample_agent] MAVLink parameter counter finished at value 100.
