[sample_agent] Starting direct MAVLink parameter counter at 1.
[sample_agent] 10247187802178;1
[sample_agent] 10247313707069;2
[sample_agent] 10247440902213;3
[sample_agent] 10247575391516;4
[sample_agent] 10247697860691;5
[sample_agent] 10247821825017;6
[sample_agent] 10247948251393;7
[sample_agent] 10248070880894;8
[sample_agent] 10248197718894;9
[sample_agent] 10248320936939;10
[sample_agent] 10248445682888;11
[sample_agent] 10248568459052;12
[sample_agent] 10248690662450;13
[sample_agent] 10248820859864;14
[sample_agent] 10248945522462;15
[sample_agent] 10249068496030;16
[sample_agent] 10249199979178;17
[sample_agent] 10249324024189;18
[sample_agent] 10249451860177;19
[sample_agent] 10249457528573;20
[sample_agent] 10249576943322;21
[sample_agent] 10249636668542;22
[sample_agent] 10249704083399;23
[sample_agent] 10249712482216;24
[sample_agent] 10249763525614;25
[sample_agent] 10249832011180;26
[sample_agent] 10249888428428;27
[sample_agent] 10249892203263;28
[sample_agent] 10249958628087;29
[sample_agent] 10250015618771;30
[sample_agent] 10250070772811;31
[sample_agent] 10250080342600;32
[sample_agent] 10250142548492;33
[sample_agent] 10250193480950;34
[sample_agent] 10250209310306;35
[sample_agent] 10250266715657;36
[sample_agent] 10250316052199;37
[sample_agent] 10250333585887;38
[sample_agent] 10250389317711;39
[sample_agent] 10250440189188;40
[sample_agent] 10250457825250;41
[sample_agent] 10250518179562;42
[sample_agent] 10250565419519;43
[sample_agent] 10250584112698;44
[sample_agent] 10250642797444;45
[sample_agent] 10250688602582;46
[sample_agent] 10250711516654;47
[sample_agent] 10250767921604;48
[sample_agent] 10250811717798;49
[sample_agent] 10250834903604;50
[sample_agent] 10250891162997;51
[sample_agent] 10250937645409;52
[sample_agent] 10250960522790;53
[sample_agent] 10251015868974;54
[sample_agent] 10251061707821;55
[sample_agent] 10251086595007;56
[sample_agent] 10251140393050;57
[sample_agent] 10251184582603;58
[sample_agent] 10251212202918;59
[sample_agent] 10251264145399;60
[sample_agent] 10251307374719;61
[sample_agent] 10251334949108;62
[sample_agent] 10251386477739;63
[sample_agent] 10251434015703;64
[sample_agent] 10251459471252;65
[sample_agent] 10251510195617;66
[sample_agent] 10251556426215;67
[sample_agent] 10251584603256;68
[sample_agent] 10251632826773;69
[sample_agent] 10251679811421;70
[sample_agent] 10251710303885;71
[sample_agent] 10251754124492;72
[sample_agent] 10251802700541;73
[sample_agent] 10251832084296;74
[sample_agent] 10251877469964;75
[sample_agent] 10251925115648;76
[sample_agent] 10251955055783;77
[sample_agent] 10251999227298;78
[sample_agent] 10252048629662;79
[sample_agent] 10252077580471;80
[sample_agent] 10252120840475;81
[sample_agent] 10252170518023;82
[sample_agent] 10252199222516;83
[sample_agent] 10252242340426;84
[sample_agent] 10252292268023;85
[sample_agent] 10252320690304;86
[sample_agent] 10252363662865;87
[sample_agent] 10252414515249;88
[sample_agent] 10252444795424;89
[sample_agent] 10252486601772;90
[sample_agent] 10252536192661;91
[sample_agent] 10252566286957;92
[sample_agent] 10252608010836;93
[sample_agent] 10252657789510;94
[sample_agent] 10252687624189;95
[sample_agent] 10252729198030;96
[sample_agent] 10252779095786;97
[sample_agent] 10252808884941;98
[sample_agent] 10252851350735;99
[sample_agent] 10252900441298;100
[sample_agent] MAVLink parameter counter finished at value 100.
