[sample_agent] Starting direct MAVLink parameter counter at 1.
[sample_agent] 6980809861195;1
[sample_agent] 6980940772068;2
[sample_agent] 6981068791682;3
[sample_agent] 6981192008675;4
[sample_agent] 6981316708827;5
[sample_agent] 6981445054813;6
[sample_agent] 6981571168970;7
[sample_agent] 6981699640838;8
[sample_agent] 6981716727309;9
[sample_agent] 6981837751354;10
[sample_agent] 6981903278805;11
[sample_agent] 6981969989499;12
[sample_agent] 6982031504016;13
[sample_agent] 6982093189464;14
[sample_agent] 6982154523971;15
[sample_agent] 6982221191969;16
[sample_agent] 6982283145622;17
[sample_agent] 6982345046403;18
[sample_agent] 6982413687743;19
[sample_agent] 6982470303466;20
[sample_agent] 6982540836256;21
[sample_agent] 6982596561861;22
[sample_agent] 6982662853112;23
[sample_agent] 6982725142061;24
[sample_agent] 6982788539415;25
[sample_agent] 6982850054360;26
[sample_agent] 6982916605302;27
[sample_agent] 6982976859435;28
[sample_agent] 6983041541146;29
[sample_agent] 6983114971995;30
[sample_agent] 6983172439840;31
[sample_agent] 6983236768479;32
[sample_agent] 6983295767171;33
[sample_agent] 6983360685725;34
[sample_agent] 6983417476594;35
[sample_agent] 6983486238789;36
[sample_agent] 6983539115375;37
[sample_agent] 6983610352290;38
[sample_agent] 6983661834006;39
[sample_agent] 6983665163382;40
[sample_agent] 6983734226237;41
[sample_agent] 6983785634565;42
[sample_agent] 6983789315630;43
[sample_agent] 6983855710955;44
[sample_agent] 6983907063027;45
[sample_agent] 6983980071344;46
[sample_agent] 6984032994653;47
[sample_agent] 6984039410658;48
[sample_agent] 6984105328342;49
[sample_agent] 6984159893471;50
[sample_agent] 6984163521501;51
[sample_agent] 6984227249085;52
[sample_agent] 6984282917822;53
[sample_agent] 6984351523550;54
[sample_agent] 6984405447685;55
[sample_agent] 6984476259534;56
[sample_agent] 6984529519854;57
[sample_agent] 6984599253226;58
[sample_agent] 6984654379548;59
[sample_agent] 6984721695295;60
[sample_agent] 6984776386868;61
[sample_agent] 6984782294776;62
[sample_agent] 6984846576041;63
[sample_agent] 6984849803202;64
[sample_agent] 6984897953484;65
[sample_agent] 6984914164363;66
[sample_agent] 6984969987796;67
[sample_agent] 6984978015266;68
[sample_agent] 6985024775249;69
[sample_agent] 6985038546061;70
[sample_agent] 6985092361947;71
[sample_agent] 6985099545751;72
[sample_agent] 6985146112649;73
[sample_agent] 6985161496437;74
[sample_agent] 6985214456927;75
[sample_agent] 6985222807991;76
[sample_agent] 6985273049028;77
[sample_agent] 6985288091039;78
[sample_agent] 6985337447899;79
[sample_agent] 6985345657516;80
[sample_agent] 6985396207397;81
[sample_agent] 6985410208275;82
[sample_agent] 6985459561678;83
[sample_agent] 6985466951775;84
[sample_agent] 6985518413121;85
[sample_agent] 6985523745217;86
[sample_agent] 6985531591668;87
[sample_agent] 6985582716295;88
[sample_agent] 6985589777629;89
[sample_agent] 6985644563883;90
[sample_agent] 6985656502494;91
[sample_agent] 6985705103299;92
[sample_agent] 6985711289238;93
[sample_agent] 6985767966253;94
[sample_agent] 6985778338995;95
[sample_agent] 6985826633562;96
[sample_agent] 6985833210457;97
[sample_agent] 6985890772650;98
[sample_agent] 6985900404116;99
[sample_agent] 6985948996422;100
[sample_agent] MAVLink parameter counter finished at value 100.
