[sample_agent] Starting direct MAVLink parameter counter at 1.
[sample_agent] 10004139795786;1
[sample_agent] 10004267974534;2
[sample_agent] 10004397845679;3
[sample_agent] 10004528391617;4
[sample_agent] 10004654084921;5
[sample_agent] 10004776799775;6
[sample_agent] 10004783561994;7
[sample_agent] 10004903588588;8
[sample_agent] 10005027331824;9
[sample_agent] 10005149270249;10
[sample_agent] 10005271806595;11
[sample_agent] 10005394940275;12
[sample_agent] 10005516951102;13
[sample_agent] 10005641188116;14
[sample_agent] 10005767176274;15
[sample_agent] 10005896255473;16
[sample_agent] 10006022687353;17
[sample_agent] 10006148504231;18
[sample_agent] 10006275081775;19
[sample_agent] 10006401690463;20
[sample_agent] 10006529488952;21
[sample_agent] 10006651855200;22
[sample_agent] 10006773744620;23
[sample_agent] 10006899514202;24
[sample_agent] 10007022244355;25
[sample_agent] 10007144035455;26
[sample_agent] 10007267114553;27
[sample_agent] 10007388926829;28
[sample_agent] 10007512908563;29
[sample_agent] 10007637062588;30
[sample_agent] 10007759550293;31
[sample_agent] 10007883470843;32
[sample_agent] 10008006427154;33
[sample_agent] 10008128443924;34
[sample_agent] 10008251718158;35
[sample_agent] 10008374391246;36
[sample_agent] 10008500565449;37
[sample_agent] 10008624945584;38
[sample_agent] 10008747656402;39
[sample_agent] 10008869413906;40
[sample_agent] 10008992141990;41
[sample_agent] 10009114475358;42
[sample_agent] 10009237816327;43
[sample_agent] 10009360613307;44
[sample_agent] 10009482630647;45
[sample_agent] 10009604258078;46
[sample_agent] 10009728433714;47
[sample_agent] 10009730352918;48
[sample_agent] 10009850876803;49
[sample_agent] 10009854276208;50
[sample_agent] 10009973310642;51
[sample_agent] 10010096157587;52
[sample_agent] 10010220890015;53
[sample_agent] 10010343201161;54
[sample_agent] 10010465466002;55
[sample_agent] 10010587011293;56
[sample_agent] 10010708544676;57
[sample_agent] 10010831498280;58
[sample_agent] 10010952921079;59
[sample_agent] 10011074864888;60
[sample_agent] 10011196866986;61
[sample_agent] 10011319998694;62
[sample_agent] 10011443265345;63
[sample_agent] 10011566461746;64
[sample_agent] 10011688613817;65
[sample_agent] 10011810367952;66
[sample_agent] 10011931876198;67
[sample_agent] 10012053403737;68
[sample_agent] 10012176274344;69
[sample_agent] 10012298512644;70
[sample_agent] 10012300924476;71
[sample_agent] 10012422205465;72
[sample_agent] 10012481070129;73
[sample_agent] 10012552839461;74
[sample_agent] 10012603523448;75
[sample_agent] 10012678892484;76
[sample_agent] 10012727634929;77
[sample_agent] 10012800216183;78
[sample_agent] 10012852524173;79
[sample_agent] 10012924321258;80
[sample_agent] 10012974241492;81
[sample_agent] 10013049521538;82
[sample_agent] 10013096897190;83
[sample_agent] 10013175585724;84
[sample_agent] 10013218679160;85
[sample_agent] 10013300103619;86
[sample_agent] 10013305372348;87
[sample_agent] 10013340367922;88
[sample_agent] 10013427440638;89
[sample_agent] 10013446232876;90
[sample_agent] 10013463298743;91
[sample_agent] 10013551281515;92
[sample_agent] 10013568104867;93
[sample_agent] 10013585513836;94
[sample_agent] 10013672863213;95
[sample_agent] 10013690403769;96
[sample_agent] 10013707350900;97
[sample_agent] 10013795617469;98
[sample_agent] 10013811676611;99
[sample_agent] 10013829251908;100
[sample_agent] MAVLink parameter counter finished at value 100.
