[sample_agent] Starting direct MAVLink parameter counter at 1.
[sample_agent] 7460781208076;1
[sample_agent] 7460910654661;2
[sample_agent] 7461038998426;3
[sample_agent] 7461171222550;4
[sample_agent] 7461296820645;5
[sample_agent] 7461424057725;6
[sample_agent] 7461549705872;7
[sample_agent] 7461673741754;8
[sample_agent] 7461800269417;9
[sample_agent] 7461926584578;10
[sample_agent] 7462051691832;11
[sample_agent] 7462178459555;12
[sample_agent] 7462301464530;13
[sample_agent] 7462429416090;14
[sample_agent] 7462558019628;15
[sample_agent] 7462680912573;16
[sample_agent] 7462811824327;17
[sample_agent] 7462938347695;18
[sample_agent] 7463071883510;19
[sample_agent] 7463200386896;20
[sample_agent] 7463324145883;21
[sample_agent] 7463330593081;22
[sample_agent] 7463454398577;23
[sample_agent] 7463462348786;24
[sample_agent] 7463514161099;25
[sample_agent] 7463582726710;26
[sample_agent] 7463637837445;27
[sample_agent] 7463710147329;28
[sample_agent] 7463715479901;29
[sample_agent] 7463765475050;30
[sample_agent] 7463836186419;31
[sample_agent] 7463890779545;32
[sample_agent] 7463958715325;33
[sample_agent] 7464017681694;34
[sample_agent] 7464089332789;35
[sample_agent] 7464147763944;36
[sample_agent] 7464212661275;37
[sample_agent] 7464271460916;38
[sample_agent] 7464337751200;39
[sample_agent] 7464394513751;40
[sample_agent] 7464465595430;41
[sample_agent] 7464517683917;42
[sample_agent] 7464588559743;43
[sample_agent] 7464642222305;44
[sample_agent] 7464710129958;45
[sample_agent] 7464712962313;46
[sample_agent] 7464764985314;47
[sample_agent] 7464833978331;48
[sample_agent] 7464885535666;49
[sample_agent] 7464955756031;50
[sample_agent] 7465007447565;51
[sample_agent] 7465077555517;52
[sample_agent] 7465130416477;53
[sample_agent] 7465201878118;54
[sample_agent] 7465253398168;55
[sample_agent] 7465326950367;56
[sample_agent] 7465375198229;57
[sample_agent] 7465450087844;58
[sample_agent] 7465497213324;59
[sample_agent] 7465574150563;60
[sample_agent] 7465577169265;61
[sample_agent] 7465622299586;62
[sample_agent] 7465626182537;63
[sample_agent] 7465697726021;64
[sample_agent] 7465746051241;65
[sample_agent] 7465822359933;66
[sample_agent] 7465867706914;67
[sample_agent] 7465945962551;68
[sample_agent] 7465990563141;69
[sample_agent] 7466068075227;70
[sample_agent] 7466114771722;71
[sample_agent] 7466190657324;72
[sample_agent] 7466236601669;73
[sample_agent] 7466312873396;74
[sample_agent] 7466362061879;75
[sample_agent] 7466364590856;76
[sample_agent] 7466435601867;77
[sample_agent] 7466484655951;78
[sample_agent] 7466539495977;79
[sample_agent] 7466561175843;80
[sample_agent] 7466608871738;81
[sample_agent] 7466660836578;82
[sample_agent] 7466683207511;83
[sample_agent] 7466730443868;84
[sample_agent] 7466783579938;85
[sample_agent] 7466804702912;86
[sample_agent] 7466853042040;87
[sample_agent] 7466907486180;88
[sample_agent] 7466926253909;89
[sample_agent] 7466974593143;90
[sample_agent] 7467029465697;91
[sample_agent] 7467048613388;92
[sample_agent] 7467096370166;93
[sample_agent] 7467153652245;94
[sample_agent] 7467169837000;95
[sample_agent] 7467218527915;96
[sample_agent] 7467275642645;97
[sample_agent] 7467293349885;98
[sample_agent] 7467342334637;99
[sample_agent] 7467399094882;100
[sample_agent] MAVLink parameter counter finished at value 100.
