[sample_agent] Starting direct MAVLink parameter counter at 1.
[sample_agent] 9302947873863;1
[sample_agent] 9303079309577;2
[sample_agent] 9303204812988;3
[sample_agent] 9303331339590;4
[sample_agent] 9303341918974;5
[sample_agent] 9303351080796;6
[sample_agent] 9303462283832;7
[sample_agent] 9303473663936;8
[sample_agent] 9303478185931;9
[sample_agent] 9303591578461;10
[sample_agent] 9303601091674;11
[sample_agent] 9303719011391;12
[sample_agent] 9303728349367;13
[sample_agent] 9303843858726;14
[sample_agent] 9303860816380;15
[sample_agent] 9303967143640;16
[sample_agent] 9303983151339;17
[sample_agent] 9304092726390;18
[sample_agent] 9304114626135;19
[sample_agent] 9304216098320;20
[sample_agent] 9304236955792;21
[sample_agent] 9304337951943;22
[sample_agent] 9304385503151;23
[sample_agent] 9304460501269;24
[sample_agent] 9304508548930;25
[sample_agent] 9304583547801;26
[sample_agent] 9304633523566;27
[sample_agent] 9304710026600;28
[sample_agent] 9304757162311;29
[sample_agent] 9304836745832;30
[sample_agent] 9304885852971;31
[sample_agent] 9304960614526;32
[sample_agent] 9305008750920;33
[sample_agent] 9305098186931;34
[sample_agent] 9305136337045;35
[sample_agent] 9305221021322;36
[sample_agent] 9305258098451;37
[sample_agent] 9305346032675;38
[sample_agent] 9305380888741;39
[sample_agent] 9305470632992;40
[sample_agent] 9305506692228;41
[sample_agent] 9305601124150;42
[sample_agent] 9305605314168;43
[sample_agent] 9305628669572;44
[sample_agent] 9305725987490;45
[sample_agent] 9305753469376;46
[sample_agent] 9305807547021;47
[sample_agent] 9305847557439;48
[sample_agent] 9305881878375;49
[sample_agent] 9305929768723;50
[sample_agent] 9305971987857;51
[sample_agent] 9306004034256;52
[sample_agent] 9306051204322;53
[sample_agent] 9306094358685;54
[sample_agent] 9306126101132;55
[sample_agent] 9306172591033;56
[sample_agent] 9306176131314;57
[sample_agent] 9306216913478;58
[sample_agent] 9306247411836;59
[sample_agent] 9306297243087;60
[sample_agent] 9306300135450;61
[sample_agent] 9306340143757;62
[sample_agent] 9306371532991;63
[sample_agent] 9306419958445;64
[sample_agent] 9306462657871;65
[sample_agent] 9306494587058;66
[sample_agent] 9306546361350;67
[sample_agent] 9306586598290;68
[sample_agent] 9306619121197;69
[sample_agent] 9306668365629;70
[sample_agent] 9306709228703;71
[sample_agent] 9306741324215;72
[sample_agent] 9306790241584;73
[sample_agent] 9306832353857;74
[sample_agent] 9306865514835;75
[sample_agent] 9306915847315;76
[sample_agent] 9306957630365;77
[sample_agent] 9306986793570;78
[sample_agent] 9307039610677;79
[sample_agent] 9307081142671;80
[sample_agent] 9307113463091;81
[sample_agent] 9307163697369;82
[sample_agent] 9307172424657;83
[sample_agent] 9307205235915;84
[sample_agent] 9307239248828;85
[sample_agent] 9307299035962;86
[sample_agent] 9307326607671;87
[sample_agent] 9307364368075;88
[sample_agent] 9307424399813;89
[sample_agent] 9307450241553;90
[sample_agent] 9307487720412;91
[sample_agent] 9307546706182;92
[sample_agent] 9307573031010;93
[sample_agent] 9307609355588;94
[sample_agent] 9307669412157;95
[sample_agent] 9307696419942;96
[sample_agent] 9307730999263;97
[sample_agent] 9307792887504;98
[sample_agent] 9307819443161;99
[sample_agent] 9307854654603;100
[sample_agent] MAVLink parameter counter finished at value 100.
