[sample_agent] Starting direct MAVLink parameter counter at 1.
[sample_agent] 8766418827659;1
[sample_agent] 8766426485103;2
[sample_agent] 8766547051313;3
[sample_agent] 8766603857940;4
[sample_agent] 8766675111703;5
[sample_agent] 8766733563713;6
[sample_agent] 8766804927860;7
[sample_agent] 8766867727940;8
[sample_agent] 8766931531851;9
[sample_agent] 8766993942044;10
[sample_agent] 8767001963785;11
[sample_agent] 8767063693727;12
[sample_agent] 8767123408211;13
[sample_agent] 8767188264405;14
[sample_agent] 8767257798499;15
[sample_agent] 8767269686621;16
[sample_agent] 8767314862226;17
[sample_agent] 8767393268819;18
[sample_agent] 8767398955950;19
[sample_agent] 8767447231715;20
[sample_agent] 8767518615912;21
[sample_agent] 8767573196608;22
[sample_agent] 8767645294819;23
[sample_agent] 8767701939216;24
[sample_agent] 8767767025752;25
[sample_agent] 8767827476392;26
[sample_agent] 8767894887452;27
[sample_agent] 8767950278272;28
[sample_agent] 8768020944697;29
[sample_agent] 8768075050157;30
[sample_agent] 8768143688502;31
[sample_agent] 8768200132615;32
[sample_agent] 8768272081198;33
[sample_agent] 8768325851040;34
[sample_agent] 8768381904536;35
[sample_agent] 8768396477395;36
[sample_agent] 8768452486060;37
[sample_agent] 8768503519925;38
[sample_agent] 8768520657847;39
[sample_agent] 8768524696441;40
[sample_agent] 8768580402961;41
[sample_agent] 8768628267621;42
[sample_agent] 8768634435101;43
[sample_agent] 8768645040831;44
[sample_agent] 8768649713912;45
[sample_agent] 8768709933555;46
[sample_agent] 8768755579008;47
[sample_agent] 8768760589657;48
[sample_agent] 8768770365717;49
[sample_agent] 8768779061159;50
[sample_agent] 8768836222166;51
[sample_agent] 8768881011333;52
[sample_agent] 8768893914358;53
[sample_agent] 8768961855637;54
[sample_agent] 8769005623628;55
[sample_agent] 8769017452313;56
[sample_agent] 8769087162789;57
[sample_agent] 8769128943150;58
[sample_agent] 8769140955153;59
[sample_agent] 8769212384574;60
[sample_agent] 8769250409071;61
[sample_agent] 8769264858947;62
[sample_agent] 8769335474066;63
[sample_agent] 8769379324487;64
[sample_agent] 8769388327515;65
[sample_agent] 8769457733735;66
[sample_agent] 8769501274740;67
[sample_agent] 8769510310878;68
[sample_agent] 8769581144353;69
[sample_agent] 8769623206692;70
[sample_agent] 8769632140642;71
[sample_agent] 8769703248901;72
[sample_agent] 8769744908588;73
[sample_agent] 8769756159832;74
[sample_agent] 8769824604661;75
[sample_agent] 8769868752093;76
[sample_agent] 8769877597227;77
[sample_agent] 8769947087205;78
[sample_agent] 8769995440472;79
[sample_agent] 8770000792833;80
[sample_agent] 8770070489460;81
[sample_agent] 8770119476957;82
[sample_agent] 8770124387083;83
[sample_agent] 8770194431342;84
[sample_agent] 8770240906089;85
[sample_agent] 8770318172321;86
[sample_agent] 8770363354659;87
[sample_agent] 8770440054353;88
[sample_agent] 8770487771437;89
[sample_agent] 8770561560215;90
[sample_agent] 8770611507741;91
[sample_agent] 8770684110643;92
[sample_agent] 8770732969371;93
[sample_agent] 8770788692912;94
[sample_agent] 8770807091249;95
[sample_agent] 8770859079157;96
[sample_agent] 8770912118027;97
[sample_agent] 8770928260652;98
[sample_agent] 8770982196278;99
[sample_agent] 8771033362527;100
[sample_agent] MAVLink parameter counter finished at value 100.
