[sample_agent] Starting direct MAVLink parameter counter at 1.
[sample_agent] 10060287541738;1
[sample_agent] 10060416671159;2
[sample_agent] 10060544286194;3
[sample_agent] 10060604131150;4
[sample_agent] 10060670413831;5
[sample_agent] 10060677999534;6
[sample_agent] 10060730875238;7
[sample_agent] 10060797616475;8
[sample_agent] 10060867601691;9
[sample_agent] 10060920715165;10
[sample_agent] 10060992883306;11
[sample_agent] 10061046146239;12
[sample_agent] 10061117466663;13
[sample_agent] 10061172076896;14
[sample_agent] 10061242610324;15
[sample_agent] 10061295493677;16
[sample_agent] 10061367352134;17
[sample_agent] 10061424965434;18
[sample_agent] 10061496053837;19
[sample_agent] 10061549549100;20
[sample_agent] 10061620605632;21
[sample_agent] 10061677938120;22
[sample_agent] 10061744094411;23
[sample_agent] 10061803110243;24
[sample_agent] 10061871174309;25
[sample_agent] 10061930177866;26
[sample_agent] 10062001300893;27
[sample_agent] 10062055155997;28
[sample_agent] 10062127079233;29
[sample_agent] 10062181156666;30
[sample_agent] 10062235139903;31
[sample_agent] 10062253461605;32
[sample_agent] 10062305397535;33
[sample_agent] 10062363758205;34
[sample_agent] 10062371060166;35
[sample_agent] 10062430885709;36
[sample_agent] 10062494536821;37
[sample_agent] 10062557389293;38
[sample_agent] 10062617441186;39
[sample_agent] 10062684028888;40
[sample_agent] 10062740994494;41
[sample_agent] 10062807208102;42
[sample_agent] 10062866655994;43
[sample_agent] 10062929561950;44
[sample_agent] 10062988478509;45
[sample_agent] 10063055629954;46
[sample_agent] 10063111930924;47
[sample_agent] 10063180471647;48
[sample_agent] 10063234815810;49
[sample_agent] 10063303848776;50
[sample_agent] 10063356417426;51
[sample_agent] 10063425564923;52
[sample_agent] 10063479882976;53
[sample_agent] 10063549669399;54
[sample_agent] 10063601835170;55
[sample_agent] 10063672638797;56
[sample_agent] 10063726839024;57
[sample_agent] 10063794163843;58
[sample_agent] 10063849243603;59
[sample_agent] 10063902663426;60
[sample_agent] 10063917290497;61
[sample_agent] 10063972102066;62
[sample_agent] 10064024949289;63
[sample_agent] 10064039592372;64
[sample_agent] 10064094888723;65
[sample_agent] 10064148599959;66
[sample_agent] 10064162322889;67
[sample_agent] 10064216767713;68
[sample_agent] 10064271460681;69
[sample_agent] 10064283693868;70
[sample_agent] 10064339555357;71
[sample_agent] 10064395309636;72
[sample_agent] 10064405042575;73
[sample_agent] 10064462222053;74
[sample_agent] 10064516900627;75
[sample_agent] 10064529955131;76
[sample_agent] 10064583676309;77
[sample_agent] 10064640142657;78
[sample_agent] 10064651425731;79
[sample_agent] 10064705092920;80
[sample_agent] 10064764558792;81
[sample_agent] 10064772629719;82
[sample_agent] 10064828932725;83
[sample_agent] 10064888324695;84
[sample_agent] 10064894677679;85
[sample_agent] 10064953182710;86
[sample_agent] 10065010623320;87
[sample_agent] 10065015908585;88
[sample_agent] 10065074638871;89
[sample_agent] 10065132164820;90
[sample_agent] 10065137146708;91
[sample_agent] 10065195749205;92
[sample_agent] 10065253870919;93
[sample_agent] 10065259396840;94
[sample_agent] 10065317682288;95
[sample_agent] 10065375531187;96
[sample_agent] 10065380539490;97
[sample_agent] 10065441281866;98
[sample_agent] 10065498290497;99
[sample_agent] 10065502851246;100
[sample_agent] MAVLink parameter counter finished at value 100.
