[sample_agent] Starting direct MAVLink parameter counter at 1.
[sample_agent] 7279773117505;1
[sample_agent] 7279898446809;2
[sample_agent] 7280025122025;3
[sample_agent] 7280156668411;4
[sample_agent] 7280284560038;5
[sample_agent] 7280292020987;6
[sample_agent] 7280413710666;7
[sample_agent] 7280478179272;8
[sample_agent] 7280545815565;9
[sample_agent] 7280606644418;10
[sample_agent] 7280682507869;11
[sample_agent] 7280732687025;12
[sample_agent] 7280810547409;13
[sample_agent] 7280854726379;14
[sample_agent] 7280939885462;15
[sample_agent] 7280983505006;16
[sample_agent] 7281069612486;17
[sample_agent] 7281112520140;18
[sample_agent] 7281194300486;19
[sample_agent] 7281246162824;20
[sample_agent] 7281321293915;21
[sample_agent] 7281375122363;22
[sample_agent] 7281449693031;23
[sample_agent] 7281499905701;24
[sample_agent] 7281571331590;25
[sample_agent] 7281621644954;26
[sample_agent] 7281695356500;27
[sample_agent] 7281748710267;28
[sample_agent] 7281820185928;29
[sample_agent] 7281870745244;30
[sample_agent] 7281946364384;31
[sample_agent] 7281998012090;32
[sample_agent] 7282009253222;33
[sample_agent] 7282068092146;34
[sample_agent] 7282133387581;35
[sample_agent] 7282192980249;36
[sample_agent] 7282257300023;37
[sample_agent] 7282321594364;38
[sample_agent] 7282386655220;39
[sample_agent] 7282450306471;40
[sample_agent] 7282511219268;41
[sample_agent] 7282578607224;42
[sample_agent] 7282636928870;43
[sample_agent] 7282706699030;44
[sample_agent] 7282762982786;45
[sample_agent] 7282828925737;46
[sample_agent] 7282887381908;47
[sample_agent] 7282952131692;48
[sample_agent] 7283010848931;49
[sample_agent] 7283074766309;50
[sample_agent] 7283134706558;51
[sample_agent] 7283198240631;52
[sample_agent] 7283257790664;53
[sample_agent] 7283321676753;54
[sample_agent] 7283380370987;55
[sample_agent] 7283443828421;56
[sample_agent] 7283501846041;57
[sample_agent] 7283565787710;58
[sample_agent] 7283625239386;59
[sample_agent] 7283630466886;60
[sample_agent] 7283693043932;61
[sample_agent] 7283750908214;62
[sample_agent] 7283757145179;63
[sample_agent] 7283815777992;64
[sample_agent] 7283817818267;65
[sample_agent] 7283873842339;66
[sample_agent] 7283875410929;67
[sample_agent] 7283938213954;68
[sample_agent] 7283995869550;69
[sample_agent] 7284000607870;70
[sample_agent] 7284061441095;71
[sample_agent] 7284117610236;72
[sample_agent] 7284122100952;73
[sample_agent] 7284176446739;74
[sample_agent] 7284182740698;75
[sample_agent] 7284240255497;76
[sample_agent] 7284246785403;77
[sample_agent] 7284298999634;78
[sample_agent] 7284306095616;79
[sample_agent] 7284361922157;80
[sample_agent] 7284369172712;81
[sample_agent] 7284422574502;82
[sample_agent] 7284427459297;83
[sample_agent] 7284484366319;84
[sample_agent] 7284490597177;85
[sample_agent] 7284546432303;86
[sample_agent] 7284602706674;87
[sample_agent] 7284606346807;88
[sample_agent] 7284612211793;89
[sample_agent] 7284672296331;90
[sample_agent] 7284724971590;91
[sample_agent] 7284729918712;92
[sample_agent] 7284733815518;93
[sample_agent] 7284794388783;94
[sample_agent] 7284847203950;95
[sample_agent] 7284851810811;96
[sample_agent] 7284855984838;97
[sample_agent] 7284919825901;98
[sample_agent] 7284969056093;99
[sample_agent] 7284974534991;100
[sample_agent] MAVLink parameter counter finished at value 100.
