[sample_agent] Starting direct MAVLink parameter counter at 1.
[sample_agent] 9130629213098;1
[sample_agent] 9130754079443;2
[sample_agent] 9130881927488;3
[sample_agent] 9131014820777;4
[sample_agent] 9131140361038;5
[sample_agent] 9131265640915;6
[sample_agent] 9131391443104;7
[sample_agent] 9131513859639;8
[sample_agent] 9131638041207;9
[sample_agent] 9131766812383;10
[sample_agent] 9131894535620;11
[sample_agent] 9132022721082;12
[sample_agent] 9132148995787;13
[sample_agent] 9132275567471;14
[sample_agent] 9132397553359;15
[sample_agent] 9132522083742;16
[sample_agent] 9132647518556;17
[sample_agent] 9132654620423;18
[sample_agent] 9132775076087;19
[sample_agent] 9132779425270;20
[sample_agent] 9132836257767;21
[sample_agent] 9132839842191;22
[sample_agent] 9132845381558;23
[sample_agent] 9132899670789;24
[sample_agent] 9132960460723;25
[sample_agent] 9132965859337;26
[sample_agent] 9132971812801;27
[sample_agent] 9133021905281;28
[sample_agent] 9133086076083;29
[sample_agent] 9133091595919;30
[sample_agent] 9133147603947;31
[sample_agent] 9133209617833;32
[sample_agent] 9133217496473;33
[sample_agent] 9133275152972;34
[sample_agent] 9133330939292;35
[sample_agent] 9133341646958;36
[sample_agent] 9133399729438;37
[sample_agent] 9133455920960;38
[sample_agent] 9133521459970;39
[sample_agent] 9133579276076;40
[sample_agent] 9133647416206;41
[sample_agent] 9133705170548;42
[sample_agent] 9133773102558;43
[sample_agent] 9133826681293;44
[sample_agent] 9133895306287;45
[sample_agent] 9133950271024;46
[sample_agent] 9133955884898;47
[sample_agent] 9134018512848;48
[sample_agent] 9134076240608;49
[sample_agent] 9134129956834;50
[sample_agent] 9134142414651;51
[sample_agent] 9134200392657;52
[sample_agent] 9134252977203;53
[sample_agent] 9134264041324;54
[sample_agent] 9134323598989;55
[sample_agent] 9134374575951;56
[sample_agent] 9134385777983;57
[sample_agent] 9134446464062;58
[sample_agent] 9134496010315;59
[sample_agent] 9134507323947;60
[sample_agent] 9134558987380;61
[sample_agent] 9134569525941;62
[sample_agent] 9134621712128;63
[sample_agent] 9134628891969;64
[sample_agent] 9134683231710;65
[sample_agent] 9134694257880;66
[sample_agent] 9134744660941;67
[sample_agent] 9134752152748;68
[sample_agent] 9134805974777;69
[sample_agent] 9134815534961;70
[sample_agent] 9134867442178;71
[sample_agent] 9134875842751;72
[sample_agent] 9134927817254;73
[sample_agent] 9134936946289;74
[sample_agent] 9134992112248;75
[sample_agent] 9134997919447;76
[sample_agent] 9135049862539;77
[sample_agent] 9135059279503;78
[sample_agent] 9135115714778;79
[sample_agent] 9135122292635;80
[sample_agent] 9135174717237;81
[sample_agent] 9135181131336;82
[sample_agent] 9135237856421;83
[sample_agent] 9135296067287;84
[sample_agent] 9135297894717;85
[sample_agent] 9135304408666;86
[sample_agent] 9135363605042;87
[sample_agent] 9135418313801;88
[sample_agent] 9135420804381;89
[sample_agent] 9135423974534;90
[sample_agent] 9135427223893;91
[sample_agent] 9135485417468;92
[sample_agent] 9135540239838;93
[sample_agent] 9135544422559;94
[sample_agent] 9135548622641;95
[sample_agent] 9135599709305;96
[sample_agent] 9135607471594;97
[sample_agent] 9135662865369;98
[sample_agent] 9135668540271;99
[sample_agent] 9135721085842;100
[sample_agent] MAVLink parameter counter finished at value 100.
