[sample_agent] Starting direct MAVLink parameter counter at 1.
[sample_agent] 9660208548546;1
[sample_agent] 9660335406459;2
[sample_agent] 9660463318188;3
[sample_agent] 9660597021675;4
[sample_agent] 9660724429670;5
[sample_agent] 9660859313267;6
[sample_agent] 9660983375503;7
[sample_agent] 9661107878209;8
[sample_agent] 9661232668670;9
[sample_agent] 9661356808021;10
[sample_agent] 9661487122451;11
[sample_agent] 9661610552702;12
[sample_agent] 9661739695779;13
[sample_agent] 9661863920709;14
[sample_agent] 9661995465295;15
[sample_agent] 9662118943762;16
[sample_agent] 9662243179093;17
[sample_agent] 9662367545640;18
[sample_agent] 9662490034589;19
[sample_agent] 9662615841606;20
[sample_agent] 9662671601581;21
[sample_agent] 9662739602347;22
[sample_agent] 9662800699474;23
[sample_agent] 9662805979780;24
[sample_agent] 9662864715417;25
[sample_agent] 9662932066842;26
[sample_agent] 9662985185314;27
[sample_agent] 9662994646795;28
[sample_agent] 9663047759036;29
[sample_agent] 9663054047010;30
[sample_agent] 9663115755479;31
[sample_agent] 9663123372618;32
[sample_agent] 9663172345704;33
[sample_agent] 9663179525130;34
[sample_agent] 9663237254655;35
[sample_agent] 9663246047797;36
[sample_agent] 9663303263552;37
[sample_agent] 9663309620223;38
[sample_agent] 9663360463423;39
[sample_agent] 9663374605129;40
[sample_agent] 9663430946455;41
[sample_agent] 9663434030515;42
[sample_agent] 9663485984078;43
[sample_agent] 9663496272199;44
[sample_agent] 9663552588089;45
[sample_agent] 9663561296460;46
[sample_agent] 9663611077646;47
[sample_agent] 9663619356332;48
[sample_agent] 9663676193246;49
[sample_agent] 9663685289963;50
[sample_agent] 9663733060048;51
[sample_agent] 9663743199389;52
[sample_agent] 9663801173098;53
[sample_agent] 9663809252636;54
[sample_agent] 9663859099744;55
[sample_agent] 9663866362887;56
[sample_agent] 9663924278175;57
[sample_agent] 9663932133524;58
[sample_agent] 9663981177064;59
[sample_agent] 9663985516718;60
[sample_agent] 9664038630417;61
[sample_agent] 9664046091805;62
[sample_agent] 9664054692804;63
[sample_agent] 9664107144098;64
[sample_agent] 9664158965129;65
[sample_agent] 9664228970130;66
[sample_agent] 9664280780250;67
[sample_agent] 9664351853528;68
[sample_agent] 9664404209605;69
[sample_agent] 9664409773101;70
[sample_agent] 9664475346063;71
[sample_agent] 9664530327804;72
[sample_agent] 9664534097962;73
[sample_agent] 9664600372942;74
[sample_agent] 9664651843497;75
[sample_agent] 9664659982660;76
[sample_agent] 9664722625130;77
[sample_agent] 9664773516615;78
[sample_agent] 9664782810491;79
[sample_agent] 9664844441126;80
[sample_agent] 9664895588396;81
[sample_agent] 9664904309010;82
[sample_agent] 9664966596197;83
[sample_agent] 9665018031877;84
[sample_agent] 9665024232037;85
[sample_agent] 9665027935439;86
[sample_agent] 9665090948921;87
[sample_agent] 9665139385418;88
[sample_agent] 9665146556230;89
[sample_agent] 9665150944998;90
[sample_agent] 9665213201914;91
[sample_agent] 9665260670901;92
[sample_agent] 9665269251053;93
[sample_agent] 9665272628678;94
[sample_agent] 9665334657397;95
[sample_agent] 9665382484458;96
[sample_agent] 9665391495656;97
[sample_agent] 9665397619914;98
[sample_agent] 9665458981103;99
[sample_agent] 9665505069772;100
[sample_agent] MAVLink parameter counter finished at value 100.
