[sample_agent] Starting direct MAVLink parameter counter at 1.
[sample_agent] 10611833810586;1
[sample_agent] 10611959227370;2
[sample_agent] 10612014573143;3
[sample_agent] 10612083832193;4
[sample_agent] 10612143709644;5
[sample_agent] 10612225809428;6
[sample_agent] 10612277543456;7
[sample_agent] 10612349967410;8
[sample_agent] 10612410907183;9
[sample_agent] 10612419856639;10
[sample_agent] 10612480079393;11
[sample_agent] 10612542445575;12
[sample_agent] 10612549514776;13
[sample_agent] 10612605803545;14
[sample_agent] 10612666767660;15
[sample_agent] 10612724410209;16
[sample_agent] 10612793884443;17
[sample_agent] 10612850156823;18
[sample_agent] 10612926332908;19
[sample_agent] 10612978851268;20
[sample_agent] 10613049103181;21
[sample_agent] 10613100579069;22
[sample_agent] 10613174170620;23
[sample_agent] 10613230176190;24
[sample_agent] 10613296235358;25
[sample_agent] 10613353410720;26
[sample_agent] 10613424642149;27
[sample_agent] 10613481496425;28
[sample_agent] 10613553202236;29
[sample_agent] 10613604395522;30
[sample_agent] 10613676039488;31
[sample_agent] 10613729314944;32
[sample_agent] 10613801206583;33
[sample_agent] 10613851334823;34
[sample_agent] 10613922876070;35
[sample_agent] 10613972999127;36
[sample_agent] 10614046151843;37
[sample_agent] 10614096946463;38
[sample_agent] 10614171291050;39
[sample_agent] 10614222754892;40
[sample_agent] 10614225284616;41
[sample_agent] 10614277816673;42
[sample_agent] 10614293567416;43
[sample_agent] 10614297044895;44
[sample_agent] 10614345647162;45
[sample_agent] 10614402328167;46
[sample_agent] 10614418792556;47
[sample_agent] 10614469565612;48
[sample_agent] 10614532382270;49
[sample_agent] 10614547310527;50
[sample_agent] 10614593356703;51
[sample_agent] 10614659635153;52
[sample_agent] 10614670893864;53
[sample_agent] 10614720806948;54
[sample_agent] 10614785544236;55
[sample_agent] 10614796242013;56
[sample_agent] 10614843241857;57
[sample_agent] 10614907770599;58
[sample_agent] 10614917826080;59
[sample_agent] 10614965514228;60
[sample_agent] 10615032652608;61
[sample_agent] 10615091770288;62
[sample_agent] 10615156190069;63
[sample_agent] 10615217518645;64
[sample_agent] 10615278230420;65
[sample_agent] 10615339830438;66
[sample_agent] 10615400418620;67
[sample_agent] 10615461231218;68
[sample_agent] 10615524085759;69
[sample_agent] 10615528285195;70
[sample_agent] 10615585594183;71
[sample_agent] 10615648546325;72
[sample_agent] 10615653260634;73
[sample_agent] 10615712336037;74
[sample_agent] 10615771621087;75
[sample_agent] 10615826192101;76
[sample_agent] 10615840632567;77
[sample_agent] 10615897012001;78
[sample_agent] 10615949420488;79
[sample_agent] 10615963181930;80
[sample_agent] 10616022111296;81
[sample_agent] 10616070762327;82
[sample_agent] 10616074975496;83
[sample_agent] 10616079558254;84
[sample_agent] 10616145477376;85
[sample_agent] 10616194928586;86
[sample_agent] 10616200127480;87
[sample_agent] 10616205681339;88
[sample_agent] 10616271687178;89
[sample_agent] 10616320302963;90
[sample_agent] 10616324440752;91
[sample_agent] 10616327362046;92
[sample_agent] 10616393888778;93
[sample_agent] 10616443887389;94
[sample_agent] 10616446259114;95
[sample_agent] 10616450124795;96
[sample_agent] 10616501885582;97
[sample_agent] 10616516585113;98
[sample_agent] 10616568044549;99
[sample_agent] 10616571453651;100
[sample_agent] MAVLink parameter counter finished at value 100.
