[ardupilot] Time1: 1220333679696
[ardupilot] Requested LOCAL_POSITION_NED and ATTITUDE streams.
[ardupilot] [LOCAL_POSITION_NED] x=0 y=0 z_ned=-0.19 alt=0.19
[ardupilot] ArduPilot GUIDED - using body-offset setpoint_local(Forward, Right, Up).
[ardupilot] [LOCAL_POSITION_NED] x=0 y=0 z_ned=-0.19 alt=0.19
[ardupilot] [LOCAL_POSITION_NED] x=0 y=0 z_ned=-0.19 alt=0.19
[ardupilot] Taking off to 2m and waiting for altitude to stabilize...
[ardupilot] Locked setpoint_local reference yaw after takeoff.
[ardupilot] [LOCAL_POSITION_NED] x=0 y=0 z_ned=-0.19 alt=0.19
[ardupilot] [LOCAL_POSITION_NED] x=0 y=0 z_ned=-0.19 alt=0.19
[ardupilot] [LOCAL_POSITION_NED] x=0 y=0 z_ned=-0.19 alt=0.19
[ardupilot] [LOCAL_POSITION_NED] x=0 y=-0.009078042 z_ned=-1.3 alt=1.3
[ardupilot] Command: move 2 m forward.
[ardupilot] [LOCAL_POSITION_NED] x=-0.0111318845 y=0.009078042 z_ned=-2.24 alt=2.24
[ardupilot] [LOCAL_POSITION_NED] x=-2.137322 y=0.33588752 z_ned=-2.26 alt=2.26
[ardupilot] [LOCAL_POSITION_NED] x=-1.8701566 y=0.29957536 z_ned=-2.25 alt=2.25
[ardupilot] Command: move 2 m backward to return.
[ardupilot] [LOCAL_POSITION_NED] x=-2.003739 y=0.30865338 z_ned=-2.25 alt=2.25
[ardupilot] [LOCAL_POSITION_NED] x=-0.11131884 y=0.009078042 z_ned=-2.25 alt=2.25
[ardupilot] [LOCAL_POSITION_NED] x=-0.1447145 y=0.009078042 z_ned=-2.24 alt=2.24
[ardupilot] [LOCAL_POSITION_NED] x=-0.0111318845 y=0.009078042 z_ned=-2.25 alt=2.25
[ardupilot] Command: move 2 m right.
[ardupilot] [LOCAL_POSITION_NED] x=-0.2115058 y=-1.2890819 z_ned=-2.24 alt=2.24
[ardupilot] [LOCAL_POSITION_NED] x=-0.31169277 y=-1.8609985 z_ned=-2.24 alt=2.24
[ardupilot] [LOCAL_POSITION_NED] x=-0.31169277 y=-1.9971691 z_ned=-2.24 alt=2.24
[ardupilot] Command: move 2 m left to return.
[ardupilot] [LOCAL_POSITION_NED] x=-0.07792319 y=-0.51744837 z_ned=-2.23 alt=2.23
[ardupilot] [LOCAL_POSITION_NED] x=-0.0111318845 y=-0.11801454 z_ned=-2.23 alt=2.23
[ardupilot] [LOCAL_POSITION_NED] x=-0.0111318845 y=-0.018156083 z_ned=-2.23 alt=2.23
[ardupilot] Command: move 2 m left.
[ardupilot] [LOCAL_POSITION_NED] x=0.12245073 y=0.7897896 z_ned=-2.21 alt=2.21
[ardupilot] [LOCAL_POSITION_NED] x=0.32282466 y=1.9608569 z_ned=-2.22 alt=2.22
[ardupilot] [LOCAL_POSITION_NED] x=0.289429 y=1.9517789 z_ned=-2.22 alt=2.22
[ardupilot] Command: move 2 m right to return.
[ardupilot] [LOCAL_POSITION_NED] x=0.18924204 y=1.1165991 z_ned=-2.21 alt=2.21
[ardupilot] [LOCAL_POSITION_NED] x=-0.0111318845 y=-0.036312167 z_ned=-2.22 alt=2.22
[ardupilot] [LOCAL_POSITION_NED] x=0.0111318845 y=0.081702374 z_ned=-2.22 alt=2.22
[ardupilot] Command: move 2 m backward.
[ardupilot] [LOCAL_POSITION_NED] x=0.1447145 y=-0.036312167 z_ned=-2.21 alt=2.21
[ardupilot] [LOCAL_POSITION_NED] x=2.1039262 y=-0.30865344 z_ned=-2.23 alt=2.23
[ardupilot] [LOCAL_POSITION_NED] x=1.9035523 y=-0.29049733 z_ned=-2.22 alt=2.22
[ardupilot] Command: move 2 m forward to return.
[ardupilot] [LOCAL_POSITION_NED] x=1.9146842 y=-0.2995754 z_ned=-2.21 alt=2.21
[ardupilot] [LOCAL_POSITION_NED] x=-0.089055076 y=0.036312167 z_ned=-2.23 alt=2.23
[ardupilot] [LOCAL_POSITION_NED] x=0.12245073 y=0 z_ned=-2.22 alt=2.22
[ardupilot] Time2: 1322708477360
[ardupilot] Landing and finishing GUIDED high-level LAND demo.
[ardupilot] [LOCAL_POSITION_NED] x=0.0111318845 y=0.009078042 z_ned=-2.18 alt=2.18
[ardupilot] [LOCAL_POSITION_NED] x=0.044527538 y=0.009078042 z_ned=-1.32 alt=1.32
[ardupilot] [LOCAL_POSITION_NED] x=0.044527538 y=0.009078042 z_ned=-0.45 alt=0.45
[ardupilot] [LOCAL_POSITION_NED] x=0.044527538 y=0.009078042 z_ned=-0.19 alt=0.19
[ardupilot] [LOCAL_POSITION_NED] x=0.044527538 y=0.009078042 z_ned=-0.19 alt=0.19
