[ardupilot] Time1: 2349998203923
[ardupilot] ArduPilot GUIDED - using local setpoint_local(Forward, Right, Up) with heading hold.
[ardupilot] Requested MAVLink STREAM_POSITION at 5 Hz.
[ardupilot] [LOCAL_POSITION_NED] x=0 y=0 z_ned=-0.19 alt=0.19
[ardupilot] [LOCAL_POSITION_NED] x=0 y=0 z_ned=-0.19 alt=0.19
[ardupilot] Takeoff command sent to 2.0 m.
[ardupilot] Locked setpoint_local reference yaw after takeoff.
[ardupilot] [LOCAL_POSITION_NED] x=0 y=0 z_ned=-0.19 alt=0.19
[ardupilot] [LOCAL_POSITION_NED] x=0 y=0 z_ned=-0.19 alt=0.19
[ardupilot] [LOCAL_POSITION_NED] x=0 y=0 z_ned=-0.19 alt=0.19
[ardupilot] [LOCAL_POSITION_NED] x=0 y=0 z_ned=-0.48 alt=0.48
[ardupilot] Command: move 2 m forward.
[ardupilot] [LOCAL_POSITION_NED] x=0 y=0 z_ned=-2.08 alt=2.08
[ardupilot] [LOCAL_POSITION_NED] x=1.6475189 y=0 z_ned=-1.98 alt=1.98
[ardupilot] [LOCAL_POSITION_NED] x=1.9146842 y=0 z_ned=-1.89 alt=1.89
[ardupilot] Command: move 2 m backward to return.
[ardupilot] [LOCAL_POSITION_NED] x=2.026003 y=0 z_ned=-1.9 alt=1.9
[ardupilot] [LOCAL_POSITION_NED] x=-0.044527538 y=0 z_ned=-1.91 alt=1.91
[ardupilot] [LOCAL_POSITION_NED] x=0.13358262 y=0 z_ned=-1.89 alt=1.89
[ardupilot] Command: move 2 m right.
[ardupilot] [LOCAL_POSITION_NED] x=-0.0111318845 y=0.009078042 z_ned=-1.9 alt=1.9
[ardupilot] [LOCAL_POSITION_NED] x=0.0111318845 y=2.006247 z_ned=-1.91 alt=1.91
[ardupilot] [LOCAL_POSITION_NED] x=0.022263769 y=1.8791546 z_ned=-1.89 alt=1.89
[ardupilot] Command: move 2 m left to return.
[ardupilot] [LOCAL_POSITION_NED] x=0.022263769 y=2.0244033 z_ned=-1.9 alt=1.9
[ardupilot] [LOCAL_POSITION_NED] x=0.022263769 y=-0.16340475 z_ned=-1.91 alt=1.91
[ardupilot] [LOCAL_POSITION_NED] x=0.022263769 y=0.11801454 z_ned=-1.89 alt=1.89
[ardupilot] Command: move 2 m left.
[ardupilot] [LOCAL_POSITION_NED] x=0.022263769 y=-0.045390207 z_ned=-1.89 alt=1.89
[ardupilot] [LOCAL_POSITION_NED] x=0.022263769 y=-2.160574 z_ned=-1.91 alt=1.91
[ardupilot] [LOCAL_POSITION_NED] x=0.022263769 y=-1.8791546 z_ned=-1.89 alt=1.89
[ardupilot] Command: move 2 m right to return.
[ardupilot] [LOCAL_POSITION_NED] x=0.022263769 y=-2.0334814 z_ned=-1.89 alt=1.89
[ardupilot] [LOCAL_POSITION_NED] x=0.022263769 y=0.14524867 z_ned=-1.91 alt=1.91
[ardupilot] [LOCAL_POSITION_NED] x=0.022263769 y=-0.13617063 z_ned=-1.9 alt=1.9
[ardupilot] Command: move 2 m backward.
[ardupilot] [LOCAL_POSITION_NED] x=0.022263769 y=0.009078042 z_ned=-1.9 alt=1.9
[ardupilot] [LOCAL_POSITION_NED] x=-1.8812885 y=-0.018156081 z_ned=-1.9 alt=1.9
[ardupilot] [LOCAL_POSITION_NED] x=-1.8478929 y=-0.036312163 z_ned=-1.89 alt=1.89
[ardupilot] Command: move 2 m forward to return.
[ardupilot] [LOCAL_POSITION_NED] x=-1.9814755 y=-0.036312163 z_ned=-1.9 alt=1.9
[ardupilot] [LOCAL_POSITION_NED] x=0.12245073 y=-0.036312167 z_ned=-1.91 alt=1.91
[ardupilot] [LOCAL_POSITION_NED] x=-0.07792319 y=-0.036312167 z_ned=-1.9 alt=1.9
[ardupilot] [LOCAL_POSITION_NED] x=0.044527538 y=-0.036312167 z_ned=-1.9 alt=1.9
[ardupilot] Time2: 2451427691494
[ardupilot] LAND mode requested to finish GUIDED demo.
[ardupilot] [LOCAL_POSITION_NED] x=0.05565942 y=-0.036312167 z_ned=-1.23 alt=1.23
[ardupilot] [LOCAL_POSITION_NED] x=0.022263769 y=-0.036312167 z_ned=-0.35 alt=0.35
[ardupilot] [LOCAL_POSITION_NED] x=0.022263769 y=-0.036312167 z_ned=-0.19 alt=0.19
[ardupilot] [LOCAL_POSITION_NED] x=0.022263769 y=-0.036312167 z_ned=-0.19 alt=0.19
