[sample_agent] Starting direct MAVLink parameter counter at 1.
[sample_agent] 9890077864305;1
[sample_agent] 9890211316260;2
[sample_agent] 9890339867300;3
[sample_agent] 9890467363618;4
[sample_agent] 9890589813719;5
[sample_agent] 9890719762871;6
[sample_agent] 9890850488730;7
[sample_agent] 9890982583602;8
[sample_agent] 9891119213421;9
[sample_agent] 9891251902264;10
[sample_agent] 9891415579676;11
[sample_agent] 9891538921126;12
[sample_agent] 9891668336069;13
[sample_agent] 9891676216134;14
[sample_agent] 9891795733510;15
[sample_agent] 9891918487502;16
[sample_agent] 9892047531376;17
[sample_agent] 9892172937231;18
[sample_agent] 9892304755479;19
[sample_agent] 9892431165369;20
[sample_agent] 9892555732574;21
[sample_agent] 9892679944335;22
[sample_agent] 9892803761066;23
[sample_agent] 9892925997429;24
[sample_agent] 9893048085602;25
[sample_agent] 9893170201334;26
[sample_agent] 9893294498218;27
[sample_agent] 9893416405800;28
[sample_agent] 9893538483133;29
[sample_agent] 9893661488884;30
[sample_agent] 9893786560292;31
[sample_agent] 9893910556822;32
[sample_agent] 9894035396967;33
[sample_agent] 9894158938889;34
[sample_agent] 9894212655393;35
[sample_agent] 9894281936194;36
[sample_agent] 9894336676289;37
[sample_agent] 9894339924041;38
[sample_agent] 9894405405580;39
[sample_agent] 9894459900236;40
[sample_agent] 9894464574968;41
[sample_agent] 9894531719201;42
[sample_agent] 9894581944226;43
[sample_agent] 9894586548474;44
[sample_agent] 9894655828684;45
[sample_agent] 9894705504761;46
[sample_agent] 9894708102618;47
[sample_agent] 9894760292932;48
[sample_agent] 9894777503372;49
[sample_agent] 9894831187801;50
[sample_agent] 9894834493079;51
[sample_agent] 9894885624780;52
[sample_agent] 9894900760921;53
[sample_agent] 9894954490262;54
[sample_agent] 9895009955446;55
[sample_agent] 9895012828852;56
[sample_agent] 9895024046283;57
[sample_agent] 9895079063269;58
[sample_agent] 9895133248218;59
[sample_agent] 9895137382749;60
[sample_agent] 9895145971304;61
[sample_agent] 9895203647073;62
[sample_agent] 9895207010233;63
[sample_agent] 9895255953858;64
[sample_agent] 9895259778442;65
[sample_agent] 9895267461551;66
[sample_agent] 9895327370652;67
[sample_agent] 9895377487483;68
[sample_agent] 9895381249855;69
[sample_agent] 9895388936430;70
[sample_agent] 9895451224304;71
[sample_agent] 9895499622999;72
[sample_agent] 9895506363614;73
[sample_agent] 9895512559988;74
[sample_agent] 9895572469764;75
[sample_agent] 9895621263176;76
[sample_agent] 9895630635253;77
[sample_agent] 9895636224628;78
[sample_agent] 9895688157647;79
[sample_agent] 9895696011692;80
[sample_agent] 9895743850155;81
[sample_agent] 9895756412281;82
[sample_agent] 9895758477176;83
[sample_agent] 9895811225196;84
[sample_agent] 9895818288047;85
[sample_agent] 9895865165372;86
[sample_agent] 9895867590762;87
[sample_agent] 9895877984368;88
[sample_agent] 9895880226784;89
[sample_agent] 9895934390918;90
[sample_agent] 9895940662143;91
[sample_agent] 9895987946813;92
[sample_agent] 9895990404182;93
[sample_agent] 9896000191913;94
[sample_agent] 9896051797191;95
[sample_agent] 9896067254813;96
[sample_agent] 9896109732002;97
[sample_agent] 9896112699327;98
[sample_agent] 9896121807764;99
[sample_agent] 9896175673731;100
[sample_agent] MAVLink parameter counter finished at value 100.
