[sample_agent] Starting direct MAVLink parameter counter at 1.
[sample_agent] 9532251857762;1
[sample_agent] 9532387312079;2
[sample_agent] 9532514131247;3
[sample_agent] 9532641717509;4
[sample_agent] 9532771492164;5
[sample_agent] 9532893626532;6
[sample_agent] 9533018201362;7
[sample_agent] 9533141013431;8
[sample_agent] 9533265780560;9
[sample_agent] 9533390302672;10
[sample_agent] 9533512875282;11
[sample_agent] 9533634693003;12
[sample_agent] 9533757138032;13
[sample_agent] 9533883836340;14
[sample_agent] 9534018848023;15
[sample_agent] 9534146439492;16
[sample_agent] 9534272727316;17
[sample_agent] 9534400815575;18
[sample_agent] 9534527433606;19
[sample_agent] 9534650776496;20
[sample_agent] 9534774585176;21
[sample_agent] 9534901894034;22
[sample_agent] 9535026508381;23
[sample_agent] 9535151104499;24
[sample_agent] 9535272772608;25
[sample_agent] 9535395297640;26
[sample_agent] 9535517105859;27
[sample_agent] 9535639389221;28
[sample_agent] 9535761528348;29
[sample_agent] 9535884251989;30
[sample_agent] 9536008303262;31
[sample_agent] 9536064528166;32
[sample_agent] 9536132116400;33
[sample_agent] 9536189983044;34
[sample_agent] 9536254989618;35
[sample_agent] 9536312216045;36
[sample_agent] 9536377618148;37
[sample_agent] 9536435300142;38
[sample_agent] 9536501437361;39
[sample_agent] 9536565550212;40
[sample_agent] 9536623830205;41
[sample_agent] 9536688274973;42
[sample_agent] 9536748193989;43
[sample_agent] 9536809793484;44
[sample_agent] 9536871398964;45
[sample_agent] 9536932983599;46
[sample_agent] 9536994737326;47
[sample_agent] 9537058926924;48
[sample_agent] 9537116647839;49
[sample_agent] 9537180585755;50
[sample_agent] 9537238866170;51
[sample_agent] 9537302538495;52
[sample_agent] 9537360607985;53
[sample_agent] 9537427502419;54
[sample_agent] 9537482189014;55
[sample_agent] 9537550924828;56
[sample_agent] 9537603542367;57
[sample_agent] 9537675025890;58
[sample_agent] 9537726826509;59
[sample_agent] 9537798100595;60
[sample_agent] 9537848353701;61
[sample_agent] 9537924965996;62
[sample_agent] 9537969871847;63
[sample_agent] 9538046711078;64
[sample_agent] 9538095276919;65
[sample_agent] 9538169198562;66
[sample_agent] 9538217212506;67
[sample_agent] 9538291480279;68
[sample_agent] 9538339028139;69
[sample_agent] 9538414317164;70
[sample_agent] 9538460508166;71
[sample_agent] 9538537063507;72
[sample_agent] 9538586388193;73
[sample_agent] 9538658340367;74
[sample_agent] 9538707731964;75
[sample_agent] 9538779641518;76
[sample_agent] 9538828931025;77
[sample_agent] 9538901070728;78
[sample_agent] 9538951161908;79
[sample_agent] 9539022795357;80
[sample_agent] 9539072594878;81
[sample_agent] 9539144734418;82
[sample_agent] 9539195365177;83
[sample_agent] 9539267294671;84
[sample_agent] 9539316706773;85
[sample_agent] 9539389444976;86
[sample_agent] 9539438225133;87
[sample_agent] 9539490921343;88
[sample_agent] 9539513957078;89
[sample_agent] 9539560815739;90
[sample_agent] 9539613271444;91
[sample_agent] 9539615119801;92
[sample_agent] 9539639033091;93
[sample_agent] 9539682914289;94
[sample_agent] 9539735071217;95
[sample_agent] 9539761447985;96
[sample_agent] 9539811635658;97
[sample_agent] 9539856435111;98
[sample_agent] 9539883094799;99
[sample_agent] 9539932879291;100
[sample_agent] MAVLink parameter counter finished at value 100.
