[sample_agent] Starting direct MAVLink parameter counter at 1.
[sample_agent] 9598659814362;1
[sample_agent] 9598789221572;2
[sample_agent] 9598918950402;3
[sample_agent] 9599048490340;4
[sample_agent] 9599187249448;5
[sample_agent] 9599316225040;6
[sample_agent] 9599440627244;7
[sample_agent] 9599568325527;8
[sample_agent] 9599700267788;9
[sample_agent] 9599828793253;10
[sample_agent] 9599954849524;11
[sample_agent] 9600081146980;12
[sample_agent] 9600206779894;13
[sample_agent] 9600211539641;14
[sample_agent] 9600329427595;15
[sample_agent] 9600343398120;16
[sample_agent] 9600454559032;17
[sample_agent] 9600466292609;18
[sample_agent] 9600578221989;19
[sample_agent] 9600714910911;20
[sample_agent] 9600838971469;21
[sample_agent] 9600962928066;22
[sample_agent] 9601092043490;23
[sample_agent] 9601220250072;24
[sample_agent] 9601344816153;25
[sample_agent] 9601470879400;26
[sample_agent] 9601596729621;27
[sample_agent] 9601723189409;28
[sample_agent] 9601846330547;29
[sample_agent] 9601969887273;30
[sample_agent] 9602100276036;31
[sample_agent] 9602228555827;32
[sample_agent] 9602355218938;33
[sample_agent] 9602478370361;34
[sample_agent] 9602600031726;35
[sample_agent] 9602722882908;36
[sample_agent] 9602845216078;37
[sample_agent] 9602968083424;38
[sample_agent] 9603093129900;39
[sample_agent] 9603215378083;40
[sample_agent] 9603338331341;41
[sample_agent] 9603463861909;42
[sample_agent] 9603586457714;43
[sample_agent] 9603708139000;44
[sample_agent] 9603830164647;45
[sample_agent] 9603953984326;46
[sample_agent] 9604077853059;47
[sample_agent] 9604200525359;48
[sample_agent] 9604323953078;49
[sample_agent] 9604445670271;50
[sample_agent] 9604569647252;51
[sample_agent] 9604691609849;52
[sample_agent] 9604813484538;53
[sample_agent] 9604936417057;54
[sample_agent] 9604938337130;55
[sample_agent] 9605059361444;56
[sample_agent] 9605111589222;57
[sample_agent] 9605181956983;58
[sample_agent] 9605233416421;59
[sample_agent] 9605305493038;60
[sample_agent] 9605355224185;61
[sample_agent] 9605428314654;62
[sample_agent] 9605476995427;63
[sample_agent] 9605553165394;64
[sample_agent] 9605600516813;65
[sample_agent] 9605676484960;66
[sample_agent] 9605721883546;67
[sample_agent] 9605797870051;68
[sample_agent] 9605847305905;69
[sample_agent] 9605919444838;70
[sample_agent] 9605971039000;71
[sample_agent] 9606044495202;72
[sample_agent] 9606096160761;73
[sample_agent] 9606168493065;74
[sample_agent] 9606218169471;75
[sample_agent] 9606271768768;76
[sample_agent] 9606290085220;77
[sample_agent] 9606340461006;78
[sample_agent] 9606344425360;79
[sample_agent] 9606351860006;80
[sample_agent] 9606365370759;81
[sample_agent] 9606398844217;82
[sample_agent] 9606412887164;83
[sample_agent] 9606464958302;84
[sample_agent] 9606472166462;85
[sample_agent] 9606486770210;86
[sample_agent] 9606494298891;87
[sample_agent] 9606523913003;88
[sample_agent] 9606537027319;89
[sample_agent] 9606589201314;90
[sample_agent] 9606595127471;91
[sample_agent] 9606611558655;92
[sample_agent] 9606625720071;93
[sample_agent] 9606645603262;94
[sample_agent] 9606659247506;95
[sample_agent] 9606711567848;96
[sample_agent] 9606716325853;97
[sample_agent] 9606746607452;98
[sample_agent] 9606749757085;99
[sample_agent] 9606767240952;100
[sample_agent] MAVLink parameter counter finished at value 100.
