[sample_agent] Starting direct MAVLink parameter counter at 1.
[sample_agent] 10542932899184;1
[sample_agent] 10543058518505;2
[sample_agent] 10543185687887;3
[sample_agent] 10543315763317;4
[sample_agent] 10543444515389;5
[sample_agent] 10543574957299;6
[sample_agent] 10543703463268;7
[sample_agent] 10543829330235;8
[sample_agent] 10543961311570;9
[sample_agent] 10544022701790;10
[sample_agent] 10544092514230;11
[sample_agent] 10544149478099;12
[sample_agent] 10544156539448;13
[sample_agent] 10544161123590;14
[sample_agent] 10544218857018;15
[sample_agent] 10544277027049;16
[sample_agent] 10544282656031;17
[sample_agent] 10544342007742;18
[sample_agent] 10544396243485;19
[sample_agent] 10544465905300;20
[sample_agent] 10544523830415;21
[sample_agent] 10544593455640;22
[sample_agent] 10544646981134;23
[sample_agent] 10544719572854;24
[sample_agent] 10544771246909;25
[sample_agent] 10544842357182;26
[sample_agent] 10544902657372;27
[sample_agent] 10544974308065;28
[sample_agent] 10545025970072;29
[sample_agent] 10545098955213;30
[sample_agent] 10545151868794;31
[sample_agent] 10545226613128;32
[sample_agent] 10545232472710;33
[sample_agent] 10545279423559;34
[sample_agent] 10545353967716;35
[sample_agent] 10545404758014;36
[sample_agent] 10545480363659;37
[sample_agent] 10545526518022;38
[sample_agent] 10545602296263;39
[sample_agent] 10545655686131;40
[sample_agent] 10545729041447;41
[sample_agent] 10545779895771;42
[sample_agent] 10545853491842;43
[sample_agent] 10545902846974;44
[sample_agent] 10545907291666;45
[sample_agent] 10545977797383;46
[sample_agent] 10546024367181;47
[sample_agent] 10546100504721;48
[sample_agent] 10546148974848;49
[sample_agent] 10546230246874;50
[sample_agent] 10546271376934;51
[sample_agent] 10546353716042;52
[sample_agent] 10546393303288;53
[sample_agent] 10546475472852;54
[sample_agent] 10546516847745;55
[sample_agent] 10546598363237;56
[sample_agent] 10546640151268;57
[sample_agent] 10546720557912;58
[sample_agent] 10546761962050;59
[sample_agent] 10546844777640;60
[sample_agent] 10546885083819;61
[sample_agent] 10546967496802;62
[sample_agent] 10547007199686;63
[sample_agent] 10547090215555;64
[sample_agent] 10547130738475;65
[sample_agent] 10547214082981;66
[sample_agent] 10547253627542;67
[sample_agent] 10547335838771;68
[sample_agent] 10547375182881;69
[sample_agent] 10547458609868;70
[sample_agent] 10547499604607;71
[sample_agent] 10547581336494;72
[sample_agent] 10547621119919;73
[sample_agent] 10547708564103;74
[sample_agent] 10547742458962;75
[sample_agent] 10547830368438;76
[sample_agent] 10547866157394;77
[sample_agent] 10547869641760;78
[sample_agent] 10547956720724;79
[sample_agent] 10547990041537;80
[sample_agent] 10548078201992;81
[sample_agent] 10548112898781;82
[sample_agent] 10548201105162;83
[sample_agent] 10548234312696;84
[sample_agent] 10548323905596;85
[sample_agent] 10548356210428;86
[sample_agent] 10548446215326;87
[sample_agent] 10548482899365;88
[sample_agent] 10548568475459;89
[sample_agent] 10548606230955;90
[sample_agent] 10548610348702;91
[sample_agent] 10548689917735;92
[sample_agent] 10548731986060;93
[sample_agent] 10548785571155;94
[sample_agent] 10548813576213;95
[sample_agent] 10548854891001;96
[sample_agent] 10548910563800;97
[sample_agent] 10548938396137;98
[sample_agent] 10548979698805;99
[sample_agent] 10549036642971;100
[sample_agent] MAVLink parameter counter finished at value 100.
