[sample_agent] Starting direct MAVLink parameter counter at 1.
[sample_agent] 9945316722742;1
[sample_agent] 9945444163744;2
[sample_agent] 9945570932927;3
[sample_agent] 9945706460710;4
[sample_agent] 9945836998297;5
[sample_agent] 9945959511636;6
[sample_agent] 9946081923265;7
[sample_agent] 9946213482805;8
[sample_agent] 9946338492926;9
[sample_agent] 9946464858051;10
[sample_agent] 9946593869778;11
[sample_agent] 9946722204208;12
[sample_agent] 9946845357140;13
[sample_agent] 9946969606410;14
[sample_agent] 9947025692780;15
[sample_agent] 9947094700908;16
[sample_agent] 9947149976185;17
[sample_agent] 9947225817798;18
[sample_agent] 9947277473608;19
[sample_agent] 9947357028756;20
[sample_agent] 9947404206586;21
[sample_agent] 9947480575594;22
[sample_agent] 9947535301004;23
[sample_agent] 9947604632279;24
[sample_agent] 9947660881700;25
[sample_agent] 9947730602166;26
[sample_agent] 9947788339419;27
[sample_agent] 9947854594595;28
[sample_agent] 9947917712740;29
[sample_agent] 9947980339249;30
[sample_agent] 9948041533037;31
[sample_agent] 9948105521357;32
[sample_agent] 9948165547660;33
[sample_agent] 9948229860676;34
[sample_agent] 9948290312733;35
[sample_agent] 9948352293904;36
[sample_agent] 9948414542979;37
[sample_agent] 9948473909817;38
[sample_agent] 9948539554904;39
[sample_agent] 9948595572690;40
[sample_agent] 9948662930599;41
[sample_agent] 9948673542781;42
[sample_agent] 9948720385841;43
[sample_agent] 9948794506790;44
[sample_agent] 9948799735147;45
[sample_agent] 9948846637366;46
[sample_agent] 9948920272481;47
[sample_agent] 9948924610192;48
[sample_agent] 9948927294170;49
[sample_agent] 9948970612210;50
[sample_agent] 9949043954067;51
[sample_agent] 9949050577855;52
[sample_agent] 9949092313108;53
[sample_agent] 9949166486507;54
[sample_agent] 9949172103702;55
[sample_agent] 9949216192120;56
[sample_agent] 9949290479283;57
[sample_agent] 9949338235704;58
[sample_agent] 9949392683941;59
[sample_agent] 9949414334222;60
[sample_agent] 9949463829420;61
[sample_agent] 9949515087353;62
[sample_agent] 9949536878465;63
[sample_agent] 9949585401974;64
[sample_agent] 9949639520267;65
[sample_agent] 9949642185615;66
[sample_agent] 9949658825073;67
[sample_agent] 9949707404252;68
[sample_agent] 9949762746767;69
[sample_agent] 9949765395884;70
[sample_agent] 9949782230981;71
[sample_agent] 9949829431801;72
[sample_agent] 9949884407145;73
[sample_agent] 9949888332503;74
[sample_agent] 9949904325306;75
[sample_agent] 9949956521064;76
[sample_agent] 9950006357894;77
[sample_agent] 9950013457586;78
[sample_agent] 9950025594346;79
[sample_agent] 9950077902234;80
[sample_agent] 9950130139461;81
[sample_agent] 9950148070248;82
[sample_agent] 9950201116138;83
[sample_agent] 9950258247253;84
[sample_agent] 9950269486399;85
[sample_agent] 9950324417172;86
[sample_agent] 9950380641935;87
[sample_agent] 9950391633275;88
[sample_agent] 9950445805282;89
[sample_agent] 9950501963603;90
[sample_agent] 9950513139404;91
[sample_agent] 9950516226670;92
[sample_agent] 9950567664221;93
[sample_agent] 9950625433642;94
[sample_agent] 9950637242046;95
[sample_agent] 9950639946708;96
[sample_agent] 9950689783308;97
[sample_agent] 9950746688543;98
[sample_agent] 9950759687271;99
[sample_agent] 9950811501588;100
[sample_agent] MAVLink parameter counter finished at value 100.
