[sample_agent] Starting direct MAVLink parameter counter at 1.
[sample_agent] 7337348085622;1
[sample_agent] 7337474203847;2
[sample_agent] 7337597370355;3
[sample_agent] 7337721507230;4
[sample_agent] 7337845450935;5
[sample_agent] 7337909512904;6
[sample_agent] 7337982228593;7
[sample_agent] 7338036986169;8
[sample_agent] 7338108447976;9
[sample_agent] 7338166792345;10
[sample_agent] 7338232770414;11
[sample_agent] 7338296412537;12
[sample_agent] 7338360151320;13
[sample_agent] 7338421167654;14
[sample_agent] 7338483522675;15
[sample_agent] 7338553787641;16
[sample_agent] 7338607412364;17
[sample_agent] 7338681850151;18
[sample_agent] 7338731508896;19
[sample_agent] 7338807479028;20
[sample_agent] 7338860220867;21
[sample_agent] 7338936490973;22
[sample_agent] 7338989192932;23
[sample_agent] 7339063109840;24
[sample_agent] 7339114713948;25
[sample_agent] 7339187727406;26
[sample_agent] 7339243222472;27
[sample_agent] 7339311975662;28
[sample_agent] 7339368704934;29
[sample_agent] 7339373745763;30
[sample_agent] 7339438507938;31
[sample_agent] 7339494314865;32
[sample_agent] 7339499092226;33
[sample_agent] 7339564934414;34
[sample_agent] 7339619255870;35
[sample_agent] 7339674101518;36
[sample_agent] 7339689686603;37
[sample_agent] 7339746669069;38
[sample_agent] 7339803383500;39
[sample_agent] 7339812831755;40
[sample_agent] 7339870250125;41
[sample_agent] 7339928520858;42
[sample_agent] 7339938350520;43
[sample_agent] 7339943579963;44
[sample_agent] 7339952879907;45
[sample_agent] 7339959613630;46
[sample_agent] 7339966876527;47
[sample_agent] 7339994595527;48
[sample_agent] 7340056047147;49
[sample_agent] 7340064271106;50
[sample_agent] 7340073352732;51
[sample_agent] 7340080585230;52
[sample_agent] 7340087333398;53
[sample_agent] 7340096779008;54
[sample_agent] 7340119560875;55
[sample_agent] 7340180294668;56
[sample_agent] 7340188174511;57
[sample_agent] 7340195101092;58
[sample_agent] 7340202941047;59
[sample_agent] 7340210432197;60
[sample_agent] 7340219653847;61
[sample_agent] 7340241594152;62
[sample_agent] 7340302870146;63
[sample_agent] 7340312448595;64
[sample_agent] 7340317960845;65
[sample_agent] 7340325473285;66
[sample_agent] 7340334564292;67
[sample_agent] 7340342731719;68
[sample_agent] 7340363246103;69
[sample_agent] 7340425048236;70
[sample_agent] 7340437379551;71
[sample_agent] 7340447408876;72
[sample_agent] 7340458488993;73
[sample_agent] 7340465521464;74
[sample_agent] 7340488382036;75
[sample_agent] 7340546507851;76
[sample_agent] 7340560604244;77
[sample_agent] 7340570238152;78
[sample_agent] 7340580594854;79
[sample_agent] 7340592127431;80
[sample_agent] 7340609669907;81
[sample_agent] 7340670242476;82
[sample_agent] 7340684804258;83
[sample_agent] 7340694475932;84
[sample_agent] 7340702266610;85
[sample_agent] 7340713473833;86
[sample_agent] 7340731667102;87
[sample_agent] 7340792324652;88
[sample_agent] 7340806234925;89
[sample_agent] 7340816954157;90
[sample_agent] 7340827563404;91
[sample_agent] 7340834825858;92
[sample_agent] 7340854324471;93
[sample_agent] 7340914459097;94
[sample_agent] 7340930331461;95
[sample_agent] 7340938271713;96
[sample_agent] 7340952318745;97
[sample_agent] 7340959764668;98
[sample_agent] 7340977798510;99
[sample_agent] 7341038168057;100
[sample_agent] MAVLink parameter counter finished at value 100.
