[sample_agent] Starting direct MAVLink parameter counter at 1.
[sample_agent] 7161822539925;1
[sample_agent] 7161947412103;2
[sample_agent] 7162072268455;3
[sample_agent] 7162199840994;4
[sample_agent] 7162328219844;5
[sample_agent] 7162454730545;6
[sample_agent] 7162583582093;7
[sample_agent] 7162715763737;8
[sample_agent] 7162856551583;9
[sample_agent] 7162982561437;10
[sample_agent] 7163105640764;11
[sample_agent] 7163114771102;12
[sample_agent] 7163234353523;13
[sample_agent] 7163292583721;14
[sample_agent] 7163361478481;15
[sample_agent] 7163418858319;16
[sample_agent] 7163424146291;17
[sample_agent] 7163477190048;18
[sample_agent] 7163488955223;19
[sample_agent] 7163545138538;20
[sample_agent] 7163549291929;21
[sample_agent] 7163603062100;22
[sample_agent] 7163614765101;23
[sample_agent] 7163666921030;24
[sample_agent] 7163674990648;25
[sample_agent] 7163729206211;26
[sample_agent] 7163741464431;27
[sample_agent] 7163746474006;28
[sample_agent] 7163792118315;29
[sample_agent] 7163802057800;30
[sample_agent] 7163860457008;31
[sample_agent] 7163919777877;32
[sample_agent] 7163926674141;33
[sample_agent] 7163988539335;34
[sample_agent] 7163995437091;35
[sample_agent] 7164047578431;36
[sample_agent] 7164054464870;37
[sample_agent] 7164120850275;38
[sample_agent] 7164125924073;39
[sample_agent] 7164169682938;40
[sample_agent] 7164248522477;41
[sample_agent] 7164256759723;42
[sample_agent] 7164296220633;43
[sample_agent] 7164302664224;44
[sample_agent] 7164372529928;45
[sample_agent] 7164376317731;46
[sample_agent] 7164381129105;47
[sample_agent] 7164422940223;48
[sample_agent] 7164428948172;49
[sample_agent] 7164496943923;50
[sample_agent] 7164544711848;51
[sample_agent] 7164553561724;52
[sample_agent] 7164619511758;53
[sample_agent] 7164669267597;54
[sample_agent] 7164675963160;55
[sample_agent] 7164742799323;56
[sample_agent] 7164792404158;57
[sample_agent] 7164802563213;58
[sample_agent] 7164865809513;59
[sample_agent] 7164868441143;60
[sample_agent] 7164914707617;61
[sample_agent] 7164922401508;62
[sample_agent] 7164978388904;63
[sample_agent] 7164989501610;64
[sample_agent] 7165039313508;65
[sample_agent] 7165047636593;66
[sample_agent] 7165100677183;67
[sample_agent] 7165114173573;68
[sample_agent] 7165161652110;69
[sample_agent] 7165170350581;70
[sample_agent] 7165222890133;71
[sample_agent] 7165239879303;72
[sample_agent] 7165284401927;73
[sample_agent] 7165292201823;74
[sample_agent] 7165294992369;75
[sample_agent] 7165345377357;76
[sample_agent] 7165363268586;77
[sample_agent] 7165407736479;78
[sample_agent] 7165415372498;79
[sample_agent] 7165418620686;80
[sample_agent] 7165467763961;81
[sample_agent] 7165485275910;82
[sample_agent] 7165487947477;83
[sample_agent] 7165529751300;84
[sample_agent] 7165537198455;85
[sample_agent] 7165541865161;86
[sample_agent] 7165543621005;87
[sample_agent] 7165589739160;88
[sample_agent] 7165608356118;89
[sample_agent] 7165610666030;90
[sample_agent] 7165652708775;91
[sample_agent] 7165658954667;92
[sample_agent] 7165666013504;93
[sample_agent] 7165712196832;94
[sample_agent] 7165729751328;95
[sample_agent] 7165733508357;96
[sample_agent] 7165774082792;97
[sample_agent] 7165785009965;98
[sample_agent] 7165789105900;99
[sample_agent] 7165834140736;100
[sample_agent] MAVLink parameter counter finished at value 100.
