[sample_agent] Starting direct MAVLink parameter counter at 1.
[sample_agent] 7513591591696;1
[sample_agent] 7513714792617;2
[sample_agent] 7513843411880;3
[sample_agent] 7513968808142;4
[sample_agent] 7514092622195;5
[sample_agent] 7514220066984;6
[sample_agent] 7514349986106;7
[sample_agent] 7514474868112;8
[sample_agent] 7514600537377;9
[sample_agent] 7514724445048;10
[sample_agent] 7514847072941;11
[sample_agent] 7514968925774;12
[sample_agent] 7515101669432;13
[sample_agent] 7515229729200;14
[sample_agent] 7515358609734;15
[sample_agent] 7515484611763;16
[sample_agent] 7515611166624;17
[sample_agent] 7515742796481;18
[sample_agent] 7515865793439;19
[sample_agent] 7515991980929;20
[sample_agent] 7515998181180;21
[sample_agent] 7516119863081;22
[sample_agent] 7516126790869;23
[sample_agent] 7516244713487;24
[sample_agent] 7516255578937;25
[sample_agent] 7516314131113;26
[sample_agent] 7516376163443;27
[sample_agent] 7516382314483;28
[sample_agent] 7516440505674;29
[sample_agent] 7516506427010;30
[sample_agent] 7516565384214;31
[sample_agent] 7516636821791;32
[sample_agent] 7516688708595;33
[sample_agent] 7516762663452;34
[sample_agent] 7516810478351;35
[sample_agent] 7516890164616;36
[sample_agent] 7516935994523;37
[sample_agent] 7517012079342;38
[sample_agent] 7517059683773;39
[sample_agent] 7517133794201;40
[sample_agent] 7517184876313;41
[sample_agent] 7517262420740;42
[sample_agent] 7517310704236;43
[sample_agent] 7517384389693;44
[sample_agent] 7517433064604;45
[sample_agent] 7517507742290;46
[sample_agent] 7517561588999;47
[sample_agent] 7517629577953;48
[sample_agent] 7517683259247;49
[sample_agent] 7517753453232;50
[sample_agent] 7517806898303;51
[sample_agent] 7517876787777;52
[sample_agent] 7517928551461;53
[sample_agent] 7517999480794;54
[sample_agent] 7518050338954;55
[sample_agent] 7518120848696;56
[sample_agent] 7518171875420;57
[sample_agent] 7518242998919;58
[sample_agent] 7518293709743;59
[sample_agent] 7518365964460;60
[sample_agent] 7518415292787;61
[sample_agent] 7518490723135;62
[sample_agent] 7518537615081;63
[sample_agent] 7518590134956;64
[sample_agent] 7518614349694;65
[sample_agent] 7518660082840;66
[sample_agent] 7518712082887;67
[sample_agent] 7518739476650;68
[sample_agent] 7518782140624;69
[sample_agent] 7518833608166;70
[sample_agent] 7518862755948;71
[sample_agent] 7518904124363;72
[sample_agent] 7518958633530;73
[sample_agent] 7518984313619;74
[sample_agent] 7519028435086;75
[sample_agent] 7519080220448;76
[sample_agent] 7519105958814;77
[sample_agent] 7519150982375;78
[sample_agent] 7519202334035;79
[sample_agent] 7519229827726;80
[sample_agent] 7519272450568;81
[sample_agent] 7519325512805;82
[sample_agent] 7519351204327;83
[sample_agent] 7519395072956;84
[sample_agent] 7519447136486;85
[sample_agent] 7519473281339;86
[sample_agent] 7519475312018;87
[sample_agent] 7519477772276;88
[sample_agent] 7519518542696;89
[sample_agent] 7519569097127;90
[sample_agent] 7519595679902;91
[sample_agent] 7519599500754;92
[sample_agent] 7519640259846;93
[sample_agent] 7519690731408;94
[sample_agent] 7519718428423;95
[sample_agent] 7519720597157;96
[sample_agent] 7519762587018;97
[sample_agent] 7519811947567;98
[sample_agent] 7519840545853;99
[sample_agent] 7519884545115;100
[sample_agent] MAVLink parameter counter finished at value 100.
