[sample_agent] Starting direct MAVLink parameter counter at 1.
[sample_agent] 10668842533429;1
[sample_agent] 10668975122346;2
[sample_agent] 10669098921653;3
[sample_agent] 10669223509677;4
[sample_agent] 10669348961704;5
[sample_agent] 10669473721761;6
[sample_agent] 10669605286527;7
[sample_agent] 10669731549343;8
[sample_agent] 10669856189914;9
[sample_agent] 10669984626557;10
[sample_agent] 10670107110735;11
[sample_agent] 10670228865178;12
[sample_agent] 10670351489476;13
[sample_agent] 10670476705254;14
[sample_agent] 10670598444487;15
[sample_agent] 10670721077067;16
[sample_agent] 10670846257492;17
[sample_agent] 10670898624180;18
[sample_agent] 10670914322999;19
[sample_agent] 10670969464117;20
[sample_agent] 10671033122415;21
[sample_agent] 10671043200291;22
[sample_agent] 10671099183139;23
[sample_agent] 10671161593060;24
[sample_agent] 10671223487479;25
[sample_agent] 10671286550451;26
[sample_agent] 10671351222517;27
[sample_agent] 10671411508740;28
[sample_agent] 10671475168359;29
[sample_agent] 10671537261182;30
[sample_agent] 10671600050994;31
[sample_agent] 10671664014150;32
[sample_agent] 10671722017392;33
[sample_agent] 10671728304689;34
[sample_agent] 10671730455432;35
[sample_agent] 10671790858483;36
[sample_agent] 10671849360585;37
[sample_agent] 10671852968888;38
[sample_agent] 10671917132016;39
[sample_agent] 10671971689377;40
[sample_agent] 10672039104654;41
[sample_agent] 10672093393543;42
[sample_agent] 10672160618623;43
[sample_agent] 10672215361193;44
[sample_agent] 10672283542847;45
[sample_agent] 10672337713866;46
[sample_agent] 10672406613792;47
[sample_agent] 10672462796917;48
[sample_agent] 10672529967805;49
[sample_agent] 10672586889494;50
[sample_agent] 10672653625982;51
[sample_agent] 10672709932486;52
[sample_agent] 10672778931847;53
[sample_agent] 10672834293913;54
[sample_agent] 10672900557850;55
[sample_agent] 10672962845412;56
[sample_agent] 10673024402080;57
[sample_agent] 10673085423579;58
[sample_agent] 10673146311137;59
[sample_agent] 10673209852480;60
[sample_agent] 10673268508091;61
[sample_agent] 10673331488115;62
[sample_agent] 10673391389601;63
[sample_agent] 10673453244085;64
[sample_agent] 10673513102003;65
[sample_agent] 10673574645833;66
[sample_agent] 10673634440013;67
[sample_agent] 10673696723673;68
[sample_agent] 10673756335270;69
[sample_agent] 10673818348767;70
[sample_agent] 10673877767040;71
[sample_agent] 10673939726552;72
[sample_agent] 10673999231933;73
[sample_agent] 10674063674639;74
[sample_agent] 10674122188575;75
[sample_agent] 10674186203154;76
[sample_agent] 10674244404163;77
[sample_agent] 10674311335689;78
[sample_agent] 10674365996314;79
[sample_agent] 10674434546815;80
[sample_agent] 10674487297631;81
[sample_agent] 10674556549731;82
[sample_agent] 10674610014226;83
[sample_agent] 10674678383335;84
[sample_agent] 10674732360779;85
[sample_agent] 10674804143215;86
[sample_agent] 10674855337182;87
[sample_agent] 10674857443759;88
[sample_agent] 10674925626470;89
[sample_agent] 10674977331700;90
[sample_agent] 10674979983130;91
[sample_agent] 10675031160984;92
[sample_agent] 10675048174068;93
[sample_agent] 10675101104582;94
[sample_agent] 10675152680525;95
[sample_agent] 10675155764843;96
[sample_agent] 10675170426918;97
[sample_agent] 10675222662003;98
[sample_agent] 10675274015709;99
[sample_agent] 10675291841276;100
[sample_agent] MAVLink parameter counter finished at value 100.
