[sample_agent] Starting direct MAVLink parameter counter at 1.
[sample_agent] 10485417373501;1
[sample_agent] 10485547486252;2
[sample_agent] 10485605134020;3
[sample_agent] 10485672975687;4
[sample_agent] 10485730540085;5
[sample_agent] 10485802432893;6
[sample_agent] 10485856263885;7
[sample_agent] 10485933474808;8
[sample_agent] 10485981238524;9
[sample_agent] 10486063531741;10
[sample_agent] 10486107447644;11
[sample_agent] 10486186331322;12
[sample_agent] 10486233996472;13
[sample_agent] 10486311096794;14
[sample_agent] 10486363711176;15
[sample_agent] 10486442845622;16
[sample_agent] 10486488312756;17
[sample_agent] 10486567696235;18
[sample_agent] 10486611524097;19
[sample_agent] 10486690976745;20
[sample_agent] 10486735757668;21
[sample_agent] 10486814396426;22
[sample_agent] 10486819773230;23
[sample_agent] 10486862370709;24
[sample_agent] 10486940426320;25
[sample_agent] 10486945450676;26
[sample_agent] 10486984275417;27
[sample_agent] 10487063554203;28
[sample_agent] 10487106677869;29
[sample_agent] 10487159658334;30
[sample_agent] 10487191636687;31
[sample_agent] 10487228726493;32
[sample_agent] 10487282347240;33
[sample_agent] 10487314993468;34
[sample_agent] 10487352110890;35
[sample_agent] 10487404953826;36
[sample_agent] 10487439921423;37
[sample_agent] 10487475978319;38
[sample_agent] 10487530348833;39
[sample_agent] 10487567849166;40
[sample_agent] 10487572252502;41
[sample_agent] 10487603655533;42
[sample_agent] 10487664251065;43
[sample_agent] 10487695210455;44
[sample_agent] 10487793706055;45
[sample_agent] 10487819241686;46
[sample_agent] 10487917087740;47
[sample_agent] 10487947610267;48
[sample_agent] 10488038724423;49
[sample_agent] 10488071973379;50
[sample_agent] 10488164557464;51
[sample_agent] 10488171484058;52
[sample_agent] 10488198697281;53
[sample_agent] 10488292370966;54
[sample_agent] 10488325095495;55
[sample_agent] 10488419266683;56
[sample_agent] 10488450805044;57
[sample_agent] 10488545618541;58
[sample_agent] 10488574243000;59
[sample_agent] 10488670220518;60
[sample_agent] 10488699673717;61
[sample_agent] 10488792665639;62
[sample_agent] 10488824930161;63
[sample_agent] 10488918838809;64
[sample_agent] 10488947377361;65
[sample_agent] 10489042260922;66
[sample_agent] 10489068698011;67
[sample_agent] 10489163982776;68
[sample_agent] 10489194558840;69
[sample_agent] 10489288251150;70
[sample_agent] 10489318087797;71
[sample_agent] 10489410650768;72
[sample_agent] 10489439618242;73
[sample_agent] 10489534955587;74
[sample_agent] 10489561138267;75
[sample_agent] 10489564404505;76
[sample_agent] 10489658853886;77
[sample_agent] 10489684790757;78
[sample_agent] 10489739077715;79
[sample_agent] 10489783434911;80
[sample_agent] 10489808998053;81
[sample_agent] 10489860707519;82
[sample_agent] 10489905172824;83
[sample_agent] 10489930643729;84
[sample_agent] 10489984095456;85
[sample_agent] 10490027792497;86
[sample_agent] 10490051940360;87
[sample_agent] 10490105500684;88
[sample_agent] 10490150830561;89
[sample_agent] 10490174871616;90
[sample_agent] 10490227799473;91
[sample_agent] 10490272315128;92
[sample_agent] 10490296469032;93
[sample_agent] 10490349280029;94
[sample_agent] 10490395875493;95
[sample_agent] 10490417814452;96
[sample_agent] 10490471551003;97
[sample_agent] 10490517230435;98
[sample_agent] 10490539337584;99
[sample_agent] 10490593007712;100
[sample_agent] MAVLink parameter counter finished at value 100.
