[sample_agent] Starting direct MAVLink parameter counter at 1.
[sample_agent] 7747298807176;1
[sample_agent] 7747429129933;2
[sample_agent] 7747559281363;3
[sample_agent] 7747682516702;4
[sample_agent] 7747805405867;5
[sample_agent] 7747928059286;6
[sample_agent] 7748050524054;7
[sample_agent] 7748176033572;8
[sample_agent] 7748298246577;9
[sample_agent] 7748420643657;10
[sample_agent] 7748542668748;11
[sample_agent] 7748670865305;12
[sample_agent] 7748793678803;13
[sample_agent] 7748919612824;14
[sample_agent] 7749042646792;15
[sample_agent] 7749169833470;16
[sample_agent] 7749292824020;17
[sample_agent] 7749417889364;18
[sample_agent] 7749542557112;19
[sample_agent] 7749667237580;20
[sample_agent] 7749793733488;21
[sample_agent] 7749919600358;22
[sample_agent] 7750046327968;23
[sample_agent] 7750169980178;24
[sample_agent] 7750292451012;25
[sample_agent] 7750414962563;26
[sample_agent] 7750539648443;27
[sample_agent] 7750662418216;28
[sample_agent] 7750784234211;29
[sample_agent] 7750907389082;30
[sample_agent] 7751031982134;31
[sample_agent] 7751157573328;32
[sample_agent] 7751281927749;33
[sample_agent] 7751403814143;34
[sample_agent] 7751526986263;35
[sample_agent] 7751649415984;36
[sample_agent] 7751771382454;37
[sample_agent] 7751894077314;38
[sample_agent] 7752016488896;39
[sample_agent] 7752141310381;40
[sample_agent] 7752265985352;41
[sample_agent] 7752391145268;42
[sample_agent] 7752394429712;43
[sample_agent] 7752515888806;44
[sample_agent] 7752567945893;45
[sample_agent] 7752637973110;46
[sample_agent] 7752691856057;47
[sample_agent] 7752759658982;48
[sample_agent] 7752816976199;49
[sample_agent] 7752882341402;50
[sample_agent] 7752938710256;51
[sample_agent] 7753004137668;52
[sample_agent] 7753058061848;53
[sample_agent] 7753065746835;54
[sample_agent] 7753129036369;55
[sample_agent] 7753179558307;56
[sample_agent] 7753187896090;57
[sample_agent] 7753250525591;58
[sample_agent] 7753302287662;59
[sample_agent] 7753304851402;60
[sample_agent] 7753309419681;61
[sample_agent] 7753373722909;62
[sample_agent] 7753425283319;63
[sample_agent] 7753427680908;64
[sample_agent] 7753430755767;65
[sample_agent] 7753495126001;66
[sample_agent] 7753547528173;67
[sample_agent] 7753551266996;68
[sample_agent] 7753603476996;69
[sample_agent] 7753617834646;70
[sample_agent] 7753672211850;71
[sample_agent] 7753724683632;72
[sample_agent] 7753739405055;73
[sample_agent] 7753794719894;74
[sample_agent] 7753846104581;75
[sample_agent] 7753862515565;76
[sample_agent] 7753917521392;77
[sample_agent] 7753969157926;78
[sample_agent] 7753984430487;79
[sample_agent] 7754039010023;80
[sample_agent] 7754090502535;81
[sample_agent] 7754106800887;82
[sample_agent] 7754162141008;83
[sample_agent] 7754211874130;84
[sample_agent] 7754228033385;85
[sample_agent] 7754283935328;86
[sample_agent] 7754334285291;87
[sample_agent] 7754349431914;88
[sample_agent] 7754405537940;89
[sample_agent] 7754456356475;90
[sample_agent] 7754470616199;91
[sample_agent] 7754527326408;92
[sample_agent] 7754579358405;93
[sample_agent] 7754580945127;94
[sample_agent] 7754592124284;95
[sample_agent] 7754648707408;96
[sample_agent] 7754701139352;97
[sample_agent] 7754709453852;98
[sample_agent] 7754717285457;99
[sample_agent] 7754771225213;100
[sample_agent] MAVLink parameter counter finished at value 100.
