[sample_agent] Starting direct MAVLink parameter counter at 1.
[sample_agent] 9772060521321;1
[sample_agent] 9772183526709;2
[sample_agent] 9772316884861;3
[sample_agent] 9772448340173;4
[sample_agent] 9772574362007;5
[sample_agent] 9772706230324;6
[sample_agent] 9772831724877;7
[sample_agent] 9772957454157;8
[sample_agent] 9772964529966;9
[sample_agent] 9773097986286;10
[sample_agent] 9773222516812;11
[sample_agent] 9773280178559;12
[sample_agent] 9773348821422;13
[sample_agent] 9773402058924;14
[sample_agent] 9773471409826;15
[sample_agent] 9773527800057;16
[sample_agent] 9773593526023;17
[sample_agent] 9773652424808;18
[sample_agent] 9773725818039;19
[sample_agent] 9773730592609;20
[sample_agent] 9773781868225;21
[sample_agent] 9773854069793;22
[sample_agent] 9773907224084;23
[sample_agent] 9773986407642;24
[sample_agent] 9774029198987;25
[sample_agent] 9774117432580;26
[sample_agent] 9774121954342;27
[sample_agent] 9774152729591;28
[sample_agent] 9774244666101;29
[sample_agent] 9774260441501;30
[sample_agent] 9774275381581;31
[sample_agent] 9774369591705;32
[sample_agent] 9774388019668;33
[sample_agent] 9774398094651;34
[sample_agent] 9774492966817;35
[sample_agent] 9774496956727;36
[sample_agent] 9774510321617;37
[sample_agent] 9774525062685;38
[sample_agent] 9774529281270;39
[sample_agent] 9774619505399;40
[sample_agent] 9774634142650;41
[sample_agent] 9774650908011;42
[sample_agent] 9774655898996;43
[sample_agent] 9774657945536;44
[sample_agent] 9774744307384;45
[sample_agent] 9774757029118;46
[sample_agent] 9774779165993;47
[sample_agent] 9774866283121;48
[sample_agent] 9774886364209;49
[sample_agent] 9774901061686;50
[sample_agent] 9774904418341;51
[sample_agent] 9774989384160;52
[sample_agent] 9775011438254;53
[sample_agent] 9775026293860;54
[sample_agent] 9775080061703;55
[sample_agent] 9775112982274;56
[sample_agent] 9775133931615;57
[sample_agent] 9775150180850;58
[sample_agent] 9775201617023;59
[sample_agent] 9775234692832;60
[sample_agent] 9775236912722;61
[sample_agent] 9775256447540;62
[sample_agent] 9775273265599;63
[sample_agent] 9775326195878;64
[sample_agent] 9775357321679;65
[sample_agent] 9775364202989;66
[sample_agent] 9775380348327;67
[sample_agent] 9775396728616;68
[sample_agent] 9775451646324;69
[sample_agent] 9775479588230;70
[sample_agent] 9775501869392;71
[sample_agent] 9775504480552;72
[sample_agent] 9775517977776;73
[sample_agent] 9775574205079;74
[sample_agent] 9775601388620;75
[sample_agent] 9775626480199;76
[sample_agent] 9775639591183;77
[sample_agent] 9775696843821;78
[sample_agent] 9775724623214;79
[sample_agent] 9775751064363;80
[sample_agent] 9775760927411;81
[sample_agent] 9775818695733;82
[sample_agent] 9775848399921;83
[sample_agent] 9775872315760;84
[sample_agent] 9775884919479;85
[sample_agent] 9775940422676;86
[sample_agent] 9775975396645;87
[sample_agent] 9775994408547;88
[sample_agent] 9776006426080;89
[sample_agent] 9776059382983;90
[sample_agent] 9776062121495;91
[sample_agent] 9776097348512;92
[sample_agent] 9776116361936;93
[sample_agent] 9776128860395;94
[sample_agent] 9776181441594;95
[sample_agent] 9776186875345;96
[sample_agent] 9776218681708;97
[sample_agent] 9776237544229;98
[sample_agent] 9776251957742;99
[sample_agent] 9776303733187;100
[sample_agent] MAVLink parameter counter finished at value 100.
