[ardupilot] Demo: GUIDED -> arm -> takeoff -> move to local x=5.0, y=0.0, z=-3.0 -> RTL.
[ardupilot] [LOCAL_FROM_GPS] origin set. x=0 y=0 rel_alt_m=0
[ardupilot] [LOCAL_FROM_GPS] x_north_m=0 y_east_m=0 rel_alt_m=0
[ardupilot] [LOCAL_FROM_GPS] x_north_m=0 y_east_m=0 rel_alt_m=0
[ardupilot] Taking off...
[ardupilot] [LOCAL_FROM_GPS] x_north_m=0 y_east_m=0 rel_alt_m=0
[ardupilot] [LOCAL_FROM_GPS] x_north_m=0 y_east_m=0 rel_alt_m=0
[ardupilot] [LOCAL_FROM_GPS] x_north_m=0 y_east_m=0 rel_alt_m=0
[ardupilot] [LOCAL_FROM_GPS] x_north_m=0 y_east_m=0 rel_alt_m=0
[ardupilot] [LOCAL_FROM_GPS] x_north_m=0 y_east_m=0 rel_alt_m=0
[ardupilot] [LOCAL_FROM_GPS] x_north_m=0 y_east_m=0 rel_alt_m=0.04
[ardupilot] [LOCAL_FROM_GPS] x_north_m=0 y_east_m=0 rel_alt_m=0.3
[ardupilot] [LOCAL_FROM_GPS] x_north_m=0 y_east_m=0 rel_alt_m=1.15
[ardupilot] [LOCAL_FROM_GPS] x_north_m=0 y_east_m=0 rel_alt_m=1.97
[ardupilot] [LOCAL_FROM_GPS] x_north_m=0 y_east_m=0 rel_alt_m=2.83
[ardupilot] [LOCAL_FROM_GPS] x_north_m=0 y_east_m=0 rel_alt_m=3.06
[ardupilot] [LOCAL_FROM_GPS] x_north_m=0 y_east_m=0 rel_alt_m=3.01
[ardupilot] [LOCAL_FROM_GPS] x_north_m=0 y_east_m=0 rel_alt_m=2.99
[ardupilot] Moving to local NED x=5.0, y=0.0, z=-3.0.
[ardupilot] [LOCAL_FROM_GPS] x_north_m=0.06679199999999999 y_east_m=0 rel_alt_m=2.93
[ardupilot] [LOCAL_FROM_GPS] x_north_m=1.2801799999999999 y_east_m=0 rel_alt_m=2.8
[ardupilot] [LOCAL_FROM_GPS] x_north_m=3.762616 y_east_m=0 rel_alt_m=2.81
[ardupilot] [LOCAL_FROM_GPS] x_north_m=5.131851999999999 y_east_m=0 rel_alt_m=2.84
[ardupilot] [LOCAL_FROM_GPS] x_north_m=4.931476 y_east_m=0 rel_alt_m=2.81
[ardupilot] [LOCAL_FROM_GPS] x_north_m=4.764495999999999 y_east_m=0 rel_alt_m=2.8
[ardupilot] [LOCAL_FROM_GPS] x_north_m=4.853552 y_east_m=0 rel_alt_m=2.8
[ardupilot] [LOCAL_FROM_GPS] x_north_m=4.95374 y_east_m=0 rel_alt_m=2.81
[ardupilot] [LOCAL_FROM_GPS] x_north_m=5.053928 y_east_m=0 rel_alt_m=2.81
[ardupilot] [LOCAL_FROM_GPS] x_north_m=5.053928 y_east_m=0 rel_alt_m=2.81
[ardupilot] [LOCAL_FROM_GPS] x_north_m=5.009399999999999 y_east_m=0 rel_alt_m=2.81
[ardupilot] [LOCAL_FROM_GPS] x_north_m=4.9982679999999995 y_east_m=0 rel_alt_m=2.81
[ardupilot] [LOCAL_FROM_GPS] x_north_m=4.9982679999999995 y_east_m=0 rel_alt_m=2.81
[ardupilot] [LOCAL_FROM_GPS] x_north_m=4.9982679999999995 y_east_m=0 rel_alt_m=2.81
[ardupilot] [LOCAL_FROM_GPS] x_north_m=4.9982679999999995 y_east_m=0 rel_alt_m=2.81
[ardupilot] Returning to launch...
[ardupilot] [LOCAL_FROM_GPS] x_north_m=4.9982679999999995 y_east_m=0 rel_alt_m=2.81
[ardupilot] [LOCAL_FROM_GPS] x_north_m=4.9982679999999995 y_east_m=0 rel_alt_m=2.83
[ardupilot] [LOCAL_FROM_GPS] x_north_m=4.9982679999999995 y_east_m=0 rel_alt_m=3.14
[ardupilot] [LOCAL_FROM_GPS] x_north_m=4.9982679999999995 y_east_m=0 rel_alt_m=3.95
[ardupilot] [LOCAL_FROM_GPS] x_north_m=4.9982679999999995 y_east_m=0 rel_alt_m=5.26
[ardupilot] [LOCAL_FROM_GPS] x_north_m=4.9982679999999995 y_east_m=0 rel_alt_m=7
[ardupilot] [LOCAL_FROM_GPS] x_north_m=4.9982679999999995 y_east_m=0 rel_alt_m=8.22
[ardupilot] [LOCAL_FROM_GPS] x_north_m=4.9982679999999995 y_east_m=0 rel_alt_m=10.05
[ardupilot] [LOCAL_FROM_GPS] x_north_m=4.9982679999999995 y_east_m=0 rel_alt_m=11.26
[ardupilot] [LOCAL_FROM_GPS] x_north_m=4.9982679999999995 y_east_m=0 rel_alt_m=12.97
[ardupilot] [LOCAL_FROM_GPS] x_north_m=4.9982679999999995 y_east_m=0 rel_alt_m=14.2
[ardupilot] [LOCAL_FROM_GPS] x_north_m=4.809024 y_east_m=0 rel_alt_m=14.87
[ardupilot] [LOCAL_FROM_GPS] x_north_m=3.9852559999999997 y_east_m=0 rel_alt_m=15.02
[ardupilot] [LOCAL_FROM_GPS] x_north_m=2.61602 y_east_m=0 rel_alt_m=14.99
[ardupilot] [LOCAL_FROM_GPS] x_north_m=1.291312 y_east_m=0 rel_alt_m=14.99
[ardupilot] [LOCAL_FROM_GPS] x_north_m=0.345092 y_east_m=0 rel_alt_m=14.99
[ardupilot] [LOCAL_FROM_GPS] x_north_m=0.05566 y_east_m=0 rel_alt_m=14.99
[ardupilot] [LOCAL_FROM_GPS] x_north_m=0.06679199999999999 y_east_m=0 rel_alt_m=14.99
[ardupilot] [LOCAL_FROM_GPS] x_north_m=0.11132 y_east_m=0 rel_alt_m=14.99
[ardupilot] [LOCAL_FROM_GPS] x_north_m=0.011132 y_east_m=0 rel_alt_m=14.99
[ardupilot] [LOCAL_FROM_GPS] x_north_m=-0.044528 y_east_m=0 rel_alt_m=14.98
[ardupilot] [LOCAL_FROM_GPS] x_north_m=-0.044528 y_east_m=0 rel_alt_m=14.99
[ardupilot] [LOCAL_FROM_GPS] x_north_m=-0.011132 y_east_m=0 rel_alt_m=14.98
[ardupilot] [LOCAL_FROM_GPS] x_north_m=-0.011132 y_east_m=0 rel_alt_m=14.99
[ardupilot] [LOCAL_FROM_GPS] x_north_m=0 y_east_m=0 rel_alt_m=14.99
[ardupilot] [LOCAL_FROM_GPS] x_north_m=0 y_east_m=0 rel_alt_m=14.91
[ardupilot] [LOCAL_FROM_GPS] x_north_m=0 y_east_m=0 rel_alt_m=14.32
[ardupilot] [LOCAL_FROM_GPS] x_north_m=0 y_east_m=0 rel_alt_m=13.24
[ardupilot] [LOCAL_FROM_GPS] x_north_m=0 y_east_m=0 rel_alt_m=12.09
[ardupilot] [LOCAL_FROM_GPS] x_north_m=0 y_east_m=0 rel_alt_m=11.29
[ardupilot] [LOCAL_FROM_GPS] x_north_m=0 y_east_m=0 rel_alt_m=10.92
[ardupilot] [LOCAL_FROM_GPS] x_north_m=0 y_east_m=0 rel_alt_m=10.56
[ardupilot] [LOCAL_FROM_GPS] x_north_m=0 y_east_m=0 rel_alt_m=10.19
[ardupilot] [LOCAL_FROM_GPS] x_north_m=0 y_east_m=0 rel_alt_m=9.81
[ardupilot] [LOCAL_FROM_GPS] x_north_m=0 y_east_m=0 rel_alt_m=9.44
[ardupilot] [LOCAL_FROM_GPS] x_north_m=0 y_east_m=0 rel_alt_m=9.2
[ardupilot] [LOCAL_FROM_GPS] x_north_m=0 y_east_m=0 rel_alt_m=9.11
[ardupilot] [LOCAL_FROM_GPS] x_north_m=0 y_east_m=0 rel_alt_m=9.13
[ardupilot] [LOCAL_FROM_GPS] x_north_m=0 y_east_m=0 rel_alt_m=9.14
[ardupilot] [LOCAL_FROM_GPS] x_north_m=0 y_east_m=0 rel_alt_m=9.13
[ardupilot] [LOCAL_FROM_GPS] x_north_m=0 y_east_m=0 rel_alt_m=9.13
[ardupilot] [LOCAL_FROM_GPS] x_north_m=0 y_east_m=0 rel_alt_m=9.13
[ardupilot] [LOCAL_FROM_GPS] x_north_m=0 y_east_m=0 rel_alt_m=9.13
[ardupilot] [LOCAL_FROM_GPS] x_north_m=0 y_east_m=0 rel_alt_m=9.13
[ardupilot] [LOCAL_FROM_GPS] x_north_m=0 y_east_m=0 rel_alt_m=9.13
[ardupilot] [LOCAL_FROM_GPS] x_north_m=0 y_east_m=0 rel_alt_m=9.12
[ardupilot] [LOCAL_FROM_GPS] x_north_m=0 y_east_m=0 rel_alt_m=8.96
[ardupilot] [LOCAL_FROM_GPS] x_north_m=0 y_east_m=0 rel_alt_m=8.57
[ardupilot] [LOCAL_FROM_GPS] x_north_m=0 y_east_m=0 rel_alt_m=8.18
[ardupilot] [LOCAL_FROM_GPS] x_north_m=0 y_east_m=0 rel_alt_m=7.81
[ardupilot] [LOCAL_FROM_GPS] x_north_m=0 y_east_m=0 rel_alt_m=7.43
[ardupilot] [LOCAL_FROM_GPS] x_north_m=0 y_east_m=0 rel_alt_m=7.06
[ardupilot] [LOCAL_FROM_GPS] x_north_m=0 y_east_m=0 rel_alt_m=6.69
[ardupilot] [LOCAL_FROM_GPS] x_north_m=0 y_east_m=0 rel_alt_m=6.31
[ardupilot] [LOCAL_FROM_GPS] x_north_m=0 y_east_m=0 rel_alt_m=5.94
[ardupilot] [LOCAL_FROM_GPS] x_north_m=0 y_east_m=0 rel_alt_m=5.56
[ardupilot] [LOCAL_FROM_GPS] x_north_m=0 y_east_m=0 rel_alt_m=5.19
[ardupilot] [LOCAL_FROM_GPS] x_north_m=0 y_east_m=0 rel_alt_m=4.93
[ardupilot] [LOCAL_FROM_GPS] x_north_m=0 y_east_m=0 rel_alt_m=4.69
[ardupilot] [LOCAL_FROM_GPS] x_north_m=0 y_east_m=0 rel_alt_m=4.31
[ardupilot] [LOCAL_FROM_GPS] x_north_m=0 y_east_m=0 rel_alt_m=3.93
[ardupilot] [LOCAL_FROM_GPS] x_north_m=0 y_east_m=0 rel_alt_m=3.69
[ardupilot] [LOCAL_FROM_GPS] x_north_m=0 y_east_m=0 rel_alt_m=3.31
[ardupilot] [LOCAL_FROM_GPS] x_north_m=0 y_east_m=0 rel_alt_m=3.06
[ardupilot] [LOCAL_FROM_GPS] x_north_m=0 y_east_m=0 rel_alt_m=2.81
[ardupilot] [LOCAL_FROM_GPS] x_north_m=0 y_east_m=0 rel_alt_m=2.44
[ardupilot] [LOCAL_FROM_GPS] x_north_m=0 y_east_m=0 rel_alt_m=2.06
[ardupilot] [LOCAL_FROM_GPS] x_north_m=0 y_east_m=0 rel_alt_m=1.69
[ardupilot] [LOCAL_FROM_GPS] x_north_m=0 y_east_m=0 rel_alt_m=1.31
[ardupilot] [LOCAL_FROM_GPS] x_north_m=0 y_east_m=0 rel_alt_m=0.94
[ardupilot] [LOCAL_FROM_GPS] x_north_m=0 y_east_m=0 rel_alt_m=0.56
[ardupilot] [LOCAL_FROM_GPS] x_north_m=0 y_east_m=0 rel_alt_m=0.19
[ardupilot] [LOCAL_FROM_GPS] x_north_m=0 y_east_m=0 rel_alt_m=0
[ardupilot] [LOCAL_FROM_GPS] x_north_m=0 y_east_m=0 rel_alt_m=0
[ardupilot] [LOCAL_FROM_GPS] x_north_m=0 y_east_m=0 rel_alt_m=0
[ardupilot] [LOCAL_FROM_GPS] x_north_m=0 y_east_m=0 rel_alt_m=0
[ardupilot] [LOCAL_FROM_GPS] x_north_m=0 y_east_m=0 rel_alt_m=0
[ardupilot] [LOCAL_FROM_GPS] x_north_m=0 y_east_m=0 rel_alt_m=0
[ardupilot] [LOCAL_FROM_GPS] x_north_m=0 y_east_m=0 rel_alt_m=0
