[sample_agent] Starting direct MAVLink parameter counter at 1.
[sample_agent] 7934469486220;1
[sample_agent] 7934595296028;2
[sample_agent] 7934725230433;3
[sample_agent] 7934861654055;4
[sample_agent] 7934985526127;5
[sample_agent] 7935122858131;6
[sample_agent] 7935244986563;7
[sample_agent] 7935367147904;8
[sample_agent] 7935490070202;9
[sample_agent] 7935614959319;10
[sample_agent] 7935737062761;11
[sample_agent] 7935859030165;12
[sample_agent] 7935983674064;13
[sample_agent] 7936107358129;14
[sample_agent] 7936232425910;15
[sample_agent] 7936354361999;16
[sample_agent] 7936483559098;17
[sample_agent] 7936609270825;18
[sample_agent] 7936731190780;19
[sample_agent] 7936857261544;20
[sample_agent] 7936982652255;21
[sample_agent] 7937111775671;22
[sample_agent] 7937234914255;23
[sample_agent] 7937358549921;24
[sample_agent] 7937361372294;24
[sample_agent] 7937364825311;25
[sample_agent] 7937485989584;26
[sample_agent] 7937543747415;27
[sample_agent] 7937612263957;28
[sample_agent] 7937665340287;29
[sample_agent] 7937743843085;30
[sample_agent] 7937754803447;31
[sample_agent] 7937791187121;32
[sample_agent] 7937876513132;33
[sample_agent] 7937918379388;34
[sample_agent] 7938001255386;35
[sample_agent] 7938040214377;36
[sample_agent] 7938126873246;37
[sample_agent] 7938161804091;38
[sample_agent] 7938255423671;39
[sample_agent] 7938286276182;40
[sample_agent] 7938379108107;41
[sample_agent] 7938410105248;42
[sample_agent] 7938503269891;43
[sample_agent] 7938532564408;44
[sample_agent] 7938625667395;45
[sample_agent] 7938654699872;46
[sample_agent] 7938747455405;47
[sample_agent] 7938776472279;48
[sample_agent] 7938869480481;49
[sample_agent] 7938899710557;50
[sample_agent] 7938994103342;51
[sample_agent] 7939021355788;52
[sample_agent] 7939117305317;53
[sample_agent] 7939144535213;54
[sample_agent] 7939239443284;55
[sample_agent] 7939266326654;56
[sample_agent] 7939361079438;57
[sample_agent] 7939388240301;58
[sample_agent] 7939483512055;59
[sample_agent] 7939512074219;60
[sample_agent] 7939606227122;61
[sample_agent] 7939636107448;62
[sample_agent] 7939728648059;63
[sample_agent] 7939758815501;64
[sample_agent] 7939851193105;65
[sample_agent] 7939881291749;66
[sample_agent] 7939972475997;67
[sample_agent] 7940003392185;68
[sample_agent] 7940094781852;69
[sample_agent] 7940124985650;70
[sample_agent] 7940216811817;71
[sample_agent] 7940247041384;72
[sample_agent] 7940338312026;73
[sample_agent] 7940368384517;74
[sample_agent] 7940371080253;75
[sample_agent] 7940460088099;76
[sample_agent] 7940491436609;77
[sample_agent] 7940494938086;78
[sample_agent] 7940581699376;79
[sample_agent] 7940612886950;80
[sample_agent] 7940616160884;81
[sample_agent] 7940703555266;82
[sample_agent] 7940735440837;83
[sample_agent] 7940738623197;84
[sample_agent] 7940826140595;85
[sample_agent] 7940858368211;86
[sample_agent] 7940860239083;87
[sample_agent] 7940947467542;88
[sample_agent] 7940980107073;89
[sample_agent] 7940982857770;90
[sample_agent] 7941070681590;91
[sample_agent] 7941102308259;92
[sample_agent] 7941192746493;93
[sample_agent] 7941223673923;94
[sample_agent] 7941315863844;95
[sample_agent] 7941345927303;96
[sample_agent] 7941443414072;97
[sample_agent] 7941469227712;98
[sample_agent] 7941567219375;99
[sample_agent] 7941591401293;100
[sample_agent] MAVLink parameter counter finished at value 100.
