[sample_agent] Starting direct MAVLink parameter counter at 1.
[sample_agent] 8238203708198;1
[sample_agent] 8238334766824;2
[sample_agent] 8238464216245;3
[sample_agent] 8238590572895;4
[sample_agent] 8238719549783;5
[sample_agent] 8238846918456;6
[sample_agent] 8238971727058;7
[sample_agent] 8239095873418;8
[sample_agent] 8239218312722;9
[sample_agent] 8239343346101;10
[sample_agent] 8239467473272;11
[sample_agent] 8239594620097;12
[sample_agent] 8239722385680;13
[sample_agent] 8239847022227;14
[sample_agent] 8239973183910;15
[sample_agent] 8240098983354;16
[sample_agent] 8240220881042;17
[sample_agent] 8240352853364;18
[sample_agent] 8240476228391;19
[sample_agent] 8240601141495;20
[sample_agent] 8240724780212;21
[sample_agent] 8240850615058;22
[sample_agent] 8240972711210;23
[sample_agent] 8241094407986;24
[sample_agent] 8241218869929;25
[sample_agent] 8241348809166;26
[sample_agent] 8241473947945;27
[sample_agent] 8241531824926;28
[sample_agent] 8241596738567;29
[sample_agent] 8241662059370;30
[sample_agent] 8241718644819;31
[sample_agent] 8241786173579;32
[sample_agent] 8241840749529;33
[sample_agent] 8241908433585;34
[sample_agent] 8241966649863;35
[sample_agent] 8242033443400;36
[sample_agent] 8242089501703;37
[sample_agent] 8242155219156;38
[sample_agent] 8242214313008;39
[sample_agent] 8242277305307;40
[sample_agent] 8242337091698;41
[sample_agent] 8242398976228;42
[sample_agent] 8242460196686;43
[sample_agent] 8242520686539;44
[sample_agent] 8242582847728;45
[sample_agent] 8242642413770;46
[sample_agent] 8242706348355;47
[sample_agent] 8242764962722;48
[sample_agent] 8242828442366;49
[sample_agent] 8242887381215;50
[sample_agent] 8242952655157;51
[sample_agent] 8243011210748;52
[sample_agent] 8243075223907;53
[sample_agent] 8243134205958;54
[sample_agent] 8243198557485;55
[sample_agent] 8243257070785;56
[sample_agent] 8243308371446;57
[sample_agent] 8243320124979;58
[sample_agent] 8243378610945;59
[sample_agent] 8243432065908;60
[sample_agent] 8243435882293;61
[sample_agent] 8243443722024;62
[sample_agent] 8243500108162;63
[sample_agent] 8243556745357;64
[sample_agent] 8243560401762;65
[sample_agent] 8243567249981;66
[sample_agent] 8243622782750;67
[sample_agent] 8243679327864;68
[sample_agent] 8243683575015;69
[sample_agent] 8243688784250;70
[sample_agent] 8243746685093;71
[sample_agent] 8243800690141;72
[sample_agent] 8243805037993;73
[sample_agent] 8243810338894;74
[sample_agent] 8243868116264;75
[sample_agent] 8243922822749;76
[sample_agent] 8243929388975;77
[sample_agent] 8243983545657;78
[sample_agent] 8243990536626;79
[sample_agent] 8244044181939;80
[sample_agent] 8244053654505;81
[sample_agent] 8244106130577;82
[sample_agent] 8244113181008;83
[sample_agent] 8244165693699;84
[sample_agent] 8244175203215;85
[sample_agent] 8244229160296;86
[sample_agent] 8244289822501;87
[sample_agent] 8244297945464;88
[sample_agent] 8244353200398;89
[sample_agent] 8244404332777;90
[sample_agent] 8244411453545;91
[sample_agent] 8244419458839;92
[sample_agent] 8244475151913;93
[sample_agent] 8244527094498;94
[sample_agent] 8244532654385;95
[sample_agent] 8244540696032;96
[sample_agent] 8244596465019;97
[sample_agent] 8244648648315;98
[sample_agent] 8244662670721;99
[sample_agent] 8244718207262;100
[sample_agent] MAVLink parameter counter finished at value 100.
