[ardupilot] Starting MAVLink flight + ACK-driven camera capture demo.
[ardupilot] Takeoff command sent to 3m.
[ardupilot] Beginning 20 ACK-driven captures.
[ardupilot] Example 5 ACK accepted at stamp=12026912935387 from sys=1 comp=1 for iteration 1 of 20.
[ardupilot] Example 5 ACK accepted at stamp=12026954714482 from sys=1 comp=1 for iteration 2 of 20.
[ardupilot] Example 5 ACK accepted at stamp=12026995936949 from sys=1 comp=1 for iteration 3 of 20.
[ardupilot] Example 5 ACK accepted at stamp=12027018321013 from sys=1 comp=1 for iteration 4 of 20.
[ardupilot] Example 5 ACK accepted at stamp=12027041877344 from sys=1 comp=1 for iteration 5 of 20.
[ardupilot] Example 5 ACK accepted at stamp=12027083887238 from sys=1 comp=1 for iteration 6 of 20.
[ardupilot] Example 5 ACK accepted at stamp=12027117542563 from sys=1 comp=1 for iteration 7 of 20.
[ardupilot] Example 5 ACK accepted at stamp=12027137913232 from sys=1 comp=1 for iteration 8 of 20.
[ardupilot] Example 5 ACK accepted at stamp=12027168744764 from sys=1 comp=1 for iteration 9 of 20.
[ardupilot] Example 5 ACK accepted at stamp=12027190907845 from sys=1 comp=1 for iteration 10 of 20.
[ardupilot] Example 5 ACK accepted at stamp=12027234020795 from sys=1 comp=1 for iteration 11 of 20.
[ardupilot] Example 5 ACK accepted at stamp=12027308934829 from sys=1 comp=1 for iteration 12 of 20.
[ardupilot] Example 5 ACK accepted at stamp=12027383316821 from sys=1 comp=1 for iteration 13 of 20.
[ardupilot] Example 5 ACK accepted at stamp=12027450779699 from sys=1 comp=1 for iteration 14 of 20.
[ardupilot] Example 5 ACK accepted at stamp=12027504651636 from sys=1 comp=1 for iteration 15 of 20.
[ardupilot] Example 5 ACK accepted at stamp=12027554880701 from sys=1 comp=1 for iteration 16 of 20.
[ardupilot] Example 5 ACK accepted at stamp=12027594944820 from sys=1 comp=1 for iteration 17 of 20.
[ardupilot] Example 5 ACK accepted at stamp=12027674414628 from sys=1 comp=1 for iteration 18 of 20.
[ardupilot] Example 5 ACK accepted at stamp=12027773764652 from sys=1 comp=1 for iteration 19 of 20.
[ardupilot] Example 5 ACK accepted at stamp=12027812510854 from sys=1 comp=1 for iteration 20 of 20.
[ardupilot] Example 5 finished at stamp=12027812510854
[ardupilot] Landing after capture sequence.
