[sample_agent] Starting direct MAVLink parameter counter at 1.
[sample_agent] 6640179533873;1
[sample_agent] 6640307377552;2
[sample_agent] 6640431588749;3
[sample_agent] 6640436296353;4
[sample_agent] 6640562532047;5
[sample_agent] 6640623777691;6
[sample_agent] 6640684931496;7
[sample_agent] 6640750619943;8
[sample_agent] 6640808196900;9
[sample_agent] 6640815723525;10
[sample_agent] 6640874590870;11
[sample_agent] 6640935508150;12
[sample_agent] 6640942484939;13
[sample_agent] 6640998576867;14
[sample_agent] 6641059846811;15
[sample_agent] 6641069301280;16
[sample_agent] 6641124791914;17
[sample_agent] 6641186256907;18
[sample_agent] 6641247379831;19
[sample_agent] 6641311779319;20
[sample_agent] 6641370175881;21
[sample_agent] 6641438995987;22
[sample_agent] 6641495035210;23
[sample_agent] 6641566857664;24
[sample_agent] 6641620755967;25
[sample_agent] 6641689730453;26
[sample_agent] 6641697986619;27
[sample_agent] 6641749355644;28
[sample_agent] 6641818905611;29
[sample_agent] 6641825013144;30
[sample_agent] 6641871444456;31
[sample_agent] 6641942147022;32
[sample_agent] 6641950100136;33
[sample_agent] 6641994674323;34
[sample_agent] 6642066160774;35
[sample_agent] 6642116279056;36
[sample_agent] 6642191542684;37
[sample_agent] 6642240826162;38
[sample_agent] 6642317693576;39
[sample_agent] 6642362573352;40
[sample_agent] 6642441034274;41
[sample_agent] 6642492509925;42
[sample_agent] 6642563096594;43
[sample_agent] 6642617824293;44
[sample_agent] 6642684534820;45
[sample_agent] 6642739966269;46
[sample_agent] 6642808287111;47
[sample_agent] 6642864759185;48
[sample_agent] 6642933425143;49
[sample_agent] 6642990841345;50
[sample_agent] 6643056782501;51
[sample_agent] 6643116750586;52
[sample_agent] 6643119363457;53
[sample_agent] 6643123551379;54
[sample_agent] 6643185670615;55
[sample_agent] 6643240659087;56
[sample_agent] 6643244178781;57
[sample_agent] 6643248243771;58
[sample_agent] 6643307199958;59
[sample_agent] 6643364665178;60
[sample_agent] 6643370752367;61
[sample_agent] 6643428792159;62
[sample_agent] 6643488291411;63
[sample_agent] 6643492519654;64
[sample_agent] 6643550535746;65
[sample_agent] 6643611646517;66
[sample_agent] 6643620075991;67
[sample_agent] 6643672247379;68
[sample_agent] 6643736993047;69
[sample_agent] 6643746715597;70
[sample_agent] 6643793862322;71
[sample_agent] 6643860677284;72
[sample_agent] 6643872583080;73
[sample_agent] 6643918248723;74
[sample_agent] 6643983813029;75
[sample_agent] 6643994799459;76
[sample_agent] 6644040420338;77
[sample_agent] 6644106708580;78
[sample_agent] 6644117406988;79
[sample_agent] 6644163171524;80
[sample_agent] 6644229539337;81
[sample_agent] 6644241288198;82
[sample_agent] 6644284503356;83
[sample_agent] 6644350974409;84
[sample_agent] 6644364113292;85
[sample_agent] 6644406690191;86
[sample_agent] 6644472616475;87
[sample_agent] 6644485972620;88
[sample_agent] 6644529063252;89
[sample_agent] 6644581410296;90
[sample_agent] 6644595170698;91
[sample_agent] 6644609791422;92
[sample_agent] 6644651420577;93
[sample_agent] 6644703281126;94
[sample_agent] 6644717439800;95
[sample_agent] 6644731150987;96
[sample_agent] 6644772708567;97
[sample_agent] 6644824741214;98
[sample_agent] 6644839205784;99
[sample_agent] 6644853652239;100
[sample_agent] MAVLink parameter counter finished at value 100.
