[sample_agent] Starting direct MAVLink parameter counter at 1.
[sample_agent] 10727004454016;1
[sample_agent] 10727127625008;2
[sample_agent] 10727250992359;3
[sample_agent] 10727379099085;4
[sample_agent] 10727504403264;5
[sample_agent] 10727631166122;6
[sample_agent] 10727756942694;7
[sample_agent] 10727879834708;8
[sample_agent] 10728009372058;9
[sample_agent] 10728134614745;10
[sample_agent] 10728261720134;11
[sample_agent] 10728388140405;12
[sample_agent] 10728518911764;13
[sample_agent] 10728644502866;14
[sample_agent] 10728771684782;15
[sample_agent] 10728777283155;16
[sample_agent] 10728906345952;17
[sample_agent] 10728964225234;18
[sample_agent] 10729034977524;19
[sample_agent] 10729086101327;20
[sample_agent] 10729160829554;21
[sample_agent] 10729213655263;22
[sample_agent] 10729283188782;23
[sample_agent] 10729335956797;24
[sample_agent] 10729405133706;25
[sample_agent] 10729461056763;26
[sample_agent] 10729531701525;27
[sample_agent] 10729583590322;28
[sample_agent] 10729655213673;29
[sample_agent] 10729710024550;30
[sample_agent] 10729778450428;31
[sample_agent] 10729833943171;32
[sample_agent] 10729905085823;33
[sample_agent] 10729955994809;34
[sample_agent] 10730027653453;35
[sample_agent] 10730077565741;36
[sample_agent] 10730129439644;37
[sample_agent] 10730154296009;38
[sample_agent] 10730199556785;39
[sample_agent] 10730251598324;40
[sample_agent] 10730277180995;41
[sample_agent] 10730322041393;42
[sample_agent] 10730375965116;43
[sample_agent] 10730399224672;44
[sample_agent] 10730445306849;45
[sample_agent] 10730497600369;46
[sample_agent] 10730521423677;47
[sample_agent] 10730570627053;48
[sample_agent] 10730619148408;49
[sample_agent] 10730644165975;50
[sample_agent] 10730694229677;51
[sample_agent] 10730748549504;52
[sample_agent] 10730769138769;53
[sample_agent] 10730817835753;54
[sample_agent] 10730871058038;55
[sample_agent] 10730893772745;56
[sample_agent] 10730939444364;57
[sample_agent] 10730993343084;58
[sample_agent] 10731016310362;59
[sample_agent] 10731061896005;60
[sample_agent] 10731116030734;61
[sample_agent] 10731144175527;62
[sample_agent] 10731184332478;63
[sample_agent] 10731237465048;64
[sample_agent] 10731268560649;65
[sample_agent] 10731307492765;66
[sample_agent] 10731359274732;67
[sample_agent] 10731391654636;68
[sample_agent] 10731428982781;69
[sample_agent] 10731480498699;70
[sample_agent] 10731512952427;71
[sample_agent] 10731551247296;72
[sample_agent] 10731602287544;73
[sample_agent] 10731634811697;74
[sample_agent] 10731672693126;75
[sample_agent] 10731723934700;76
[sample_agent] 10731758589528;77
[sample_agent] 10731796347960;78
[sample_agent] 10731845380081;79
[sample_agent] 10731880078474;80
[sample_agent] 10731919694325;81
[sample_agent] 10731967374913;82
[sample_agent] 10732004017735;83
[sample_agent] 10732041706293;84
[sample_agent] 10732090097593;85
[sample_agent] 10732128661421;86
[sample_agent] 10732164277928;87
[sample_agent] 10732212036215;88
[sample_agent] 10732250449753;89
[sample_agent] 10732287966744;90
[sample_agent] 10732334094958;91
[sample_agent] 10732372610033;92
[sample_agent] 10732409427488;93
[sample_agent] 10732457449161;94
[sample_agent] 10732493995360;95
[sample_agent] 10732533211421;96
[sample_agent] 10732579136883;97
[sample_agent] 10732616409468;98
[sample_agent] 10732656248237;99
[sample_agent] 10732701205928;100
[sample_agent] MAVLink parameter counter finished at value 100.
